Archive member included to satisfy reference by file (symbol)

app/libapp.a(main.c.obj)      (--whole-archive)
zephyr/libzephyr.a(cbprintf.c.obj)
                              (--whole-archive)
zephyr/libzephyr.a(cbprintf_packaged.c.obj)
                              (--whole-archive)
zephyr/libzephyr.a(crc32c_sw.c.obj)
                              (--whole-archive)
zephyr/libzephyr.a(crc32_sw.c.obj)
                              (--whole-archive)
zephyr/libzephyr.a(crc16_sw.c.obj)
                              (--whole-archive)
zephyr/libzephyr.a(crc8_sw.c.obj)
                              (--whole-archive)
zephyr/libzephyr.a(crc7_sw.c.obj)
                              (--whole-archive)
zephyr/libzephyr.a(dec.c.obj)
                              (--whole-archive)
zephyr/libzephyr.a(fdtable.c.obj)
                              (--whole-archive)
zephyr/libzephyr.a(hex.c.obj)
                              (--whole-archive)
zephyr/libzephyr.a(notify.c.obj)
                              (--whole-archive)
zephyr/libzephyr.a(printk.c.obj)
                              (--whole-archive)
zephyr/libzephyr.a(onoff.c.obj)
                              (--whole-archive)
zephyr/libzephyr.a(rb.c.obj)  (--whole-archive)
zephyr/libzephyr.a(sem.c.obj)
                              (--whole-archive)
zephyr/libzephyr.a(thread_entry.c.obj)
                              (--whole-archive)
zephyr/libzephyr.a(timeutil.c.obj)
                              (--whole-archive)
zephyr/libzephyr.a(heap.c.obj)
                              (--whole-archive)
zephyr/libzephyr.a(heap-validate.c.obj)
                              (--whole-archive)
zephyr/libzephyr.a(bitarray.c.obj)
                              (--whole-archive)
zephyr/libzephyr.a(cbprintf_complete.c.obj)
                              (--whole-archive)
zephyr/libzephyr.a(configs.c.obj)
                              (--whole-archive)
zephyr/libzephyr.a(soc.c.obj)
                              (--whole-archive)
zephyr/libzephyr.a(stm32cube_hal.c.obj)
                              (--whole-archive)
zephyr/libzephyr.a(soc_config.c.obj)
                              (--whole-archive)
zephyr/libzephyr.a(cpp_init.c.obj)
                              (--whole-archive)
zephyr/libzephyr.a(cpp_init_array.c.obj)
                              (--whole-archive)
zephyr/libzephyr.a(cpp_ctors.c.obj)
                              (--whole-archive)
zephyr/libzephyr.a(cpp_dtors.c.obj)
                              (--whole-archive)
zephyr/libzephyr.a(flash_img.c.obj)
                              (--whole-archive)
zephyr/libzephyr.a(flash_map.c.obj)
                              (--whole-archive)
zephyr/libzephyr.a(flash_map_default.c.obj)
                              (--whole-archive)
zephyr/libzephyr.a(stream_flash.c.obj)
                              (--whole-archive)
zephyr/libzephyr.a(tracing_none.c.obj)
                              (--whole-archive)
zephyr/libzephyr.a(pinmux_stm32.c.obj)
                              (--whole-archive)
zephyr/libzephyr.a(utils.c.obj)
                              (--whole-archive)
zephyr/libzephyr.a(sha256.c.obj)
                              (--whole-archive)
zephyr/arch/common/libarch__common.a(sw_isr_common.c.obj)
                              (--whole-archive)
zephyr/arch/arch/arm/core/aarch32/libarch__arm__core__aarch32.a(cpu_idle.S.obj)
                              (--whole-archive)
zephyr/arch/arch/arm/core/aarch32/libarch__arm__core__aarch32.a(fatal.c.obj)
                              (--whole-archive)
zephyr/arch/arch/arm/core/aarch32/libarch__arm__core__aarch32.a(irq_manage.c.obj)
                              (--whole-archive)
zephyr/arch/arch/arm/core/aarch32/libarch__arm__core__aarch32.a(nmi.c.obj)
                              (--whole-archive)
zephyr/arch/arch/arm/core/aarch32/libarch__arm__core__aarch32.a(nmi_on_reset.S.obj)
                              (--whole-archive)
zephyr/arch/arch/arm/core/aarch32/libarch__arm__core__aarch32.a(prep_c.c.obj)
                              (--whole-archive)
zephyr/arch/arch/arm/core/aarch32/libarch__arm__core__aarch32.a(swap.c.obj)
                              (--whole-archive)
zephyr/arch/arch/arm/core/aarch32/libarch__arm__core__aarch32.a(swap_helper.S.obj)
                              (--whole-archive)
zephyr/arch/arch/arm/core/aarch32/libarch__arm__core__aarch32.a(thread.c.obj)
                              (--whole-archive)
zephyr/arch/arch/arm/core/aarch32/libarch__arm__core__aarch32.a(isr_wrapper.S.obj)
                              (--whole-archive)
zephyr/arch/arch/arm/core/aarch32/libarch__arm__core__aarch32.a(__aeabi_atexit.c.obj)
                              (--whole-archive)
zephyr/arch/arch/arm/core/aarch32/cortex_m/libarch__arm__core__aarch32__cortex_m.a(exc_exit.S.obj)
                              (--whole-archive)
zephyr/arch/arch/arm/core/aarch32/cortex_m/libarch__arm__core__aarch32__cortex_m.a(fault.c.obj)
                              (--whole-archive)
[...]
Memory Configuration

Name             Origin             Length             Attributes
FLASH            0x0000000008000000 0x0000000000080000 xr
SRAM             0x0000000020000000 0x0000000000014000 xw
IDT_LIST         0x00000000fffff7ff 0x0000000000000800 xw
*default*        0x0000000000000000 0xffffffffffffffff

Linker script and memory map

LOAD zephyr/CMakeFiles/zephyr_final.dir/misc/empty_file.c.obj
LOAD zephyr/CMakeFiles/zephyr_final.dir/isr_tables.c.obj
LOAD zephyr/CMakeFiles/zephyr_final.dir/dev_handles.c.obj
LOAD zephyr/CMakeFiles/offsets.dir/./arch/arm/core/offsets/offsets.c.obj
                0x0000000000000020                _region_min_align = 0x20

.rel.plt        0x0000000008000000        0x0
 *(SORT_BY_ALIGNMENT(.rel.plt))
                [!provide]                        PROVIDE (__rel_iplt_start = .)
 *(SORT_BY_ALIGNMENT(.rel.iplt))
 .rel.iplt      0x0000000008000000        0x0 zephyr/CMakeFiles/zephyr_final.dir/isr_tables.c.obj
                [!provide]                        PROVIDE (__rel_iplt_end = .)

.rela.plt       0x0000000000000000        0x0
 *(SORT_BY_ALIGNMENT(.rela.plt))
                [!provide]                        PROVIDE (__rela_iplt_start = .)
 *(SORT_BY_ALIGNMENT(.rela.iplt))
                [!provide]                        PROVIDE (__rela_iplt_end = .)

.rel.dyn
 *(SORT_BY_ALIGNMENT(.rel.*))

.rela.dyn
 *(SORT_BY_ALIGNMENT(.rela.*))

/DISCARD/
 *(SORT_BY_ALIGNMENT(.plt))
 *(SORT_BY_ALIGNMENT(.iplt))
 *(SORT_BY_ALIGNMENT(.got.plt))
 *(SORT_BY_ALIGNMENT(.igot.plt))
 *(SORT_BY_ALIGNMENT(.got))
 *(SORT_BY_ALIGNMENT(.igot))
 *(SORT_BY_ALIGNMENT(.irq_info*))
 *(SORT_BY_ALIGNMENT(.intList*))
 *(SORT_BY_ALIGNMENT(.note.GNU-stack))
                0x0000000008000000                __rom_region_start = 0x8000000

rom_start       0x0000000008000000      0x124
                0x0000000000000000                . = 0x0
                0x0000000000000000                . = ALIGN (0x4)
                0x0000000000000000                . = ALIGN (0x80)
                0x0000000000000000                . = ALIGN (0x200)
                0x0000000008000000                _vector_start = .
 *(SORT_BY_ALIGNMENT(.exc_vector_table))
 *(SORT_BY_ALIGNMENT(.exc_vector_table.*))
 .exc_vector_table._vector_table_section
                0x0000000008000000       0x40 zephyr/arch/arch/arm/core/aarch32/cortex_m/libarch__arm__core__aarch32__cortex_m.a(vector_table.S.obj)
                0x0000000008000000                _vector_table
 *(SORT_BY_ALIGNMENT(.gnu.linkonce.irq_vector_table*))
 .gnu.linkonce.irq_vector_table
                0x0000000008000040       0xe4 zephyr/CMakeFiles/zephyr_final.dir/isr_tables.c.obj
                0x0000000008000040                _irq_vector_table
 *(SORT_BY_ALIGNMENT(.vectors))
                0x0000000008000124                _vector_end = .

text            0x0000000008000124     0x5b96
                0x0000000008000124                __text_region_start = .
 *(SORT_BY_ALIGNMENT(.text))
 .text          0x0000000008000124       0x30 /opt/zephyr-sdk/arm-zephyr-eabi/bin/../lib/gcc/arm-zephyr-eabi/10.3.0/thumb/v7-m/nofp/libgcc.a(_aeabi_uldivmod.o)
                0x0000000008000124                __aeabi_uldivmod
 .text          0x0000000008000154        0x4 /opt/zephyr-sdk/arm-zephyr-eabi/bin/../lib/gcc/arm-zephyr-eabi/10.3.0/thumb/v7-m/nofp/libgcc.a(_dvmd_tls.o)
                0x0000000008000154                __aeabi_ldiv0
                0x0000000008000154                __aeabi_idiv0
 .text          0x0000000008000158      0x2a6 /opt/zephyr-sdk/arm-zephyr-eabi/bin/../lib/gcc/arm-zephyr-eabi/10.3.0/thumb/v7-m/nofp/libgcc.a(_udivmoddi4.o)
                0x0000000008000158                __udivmoddi4
 *(SORT_BY_ALIGNMENT(.text.*))
 *fill*         0x00000000080003fe        0x2 
 .text.event_cb
                0x0000000008000400       0x48 app/libapp.a(main.c.obj)
 .text.uart_config
                0x0000000008000448       0x58 app/libapp.a(main.c.obj)
                0x0000000008000448                uart_config
 .text.flash_config
                0x00000000080004a0       0x20 app/libapp.a(main.c.obj)
                0x00000000080004a0                flash_config
 .text.load_image
                0x00000000080004c0       0x5c app/libapp.a(main.c.obj)
                0x00000000080004c0                load_image
 .text.sync     0x000000000800051c       0xac app/libapp.a(main.c.obj)
                0x000000000800051c                sync
 .text.main     0x00000000080005c8       0xe0 app/libapp.a(main.c.obj)
                0x00000000080005c8                main
 .text.char_out
                0x00000000080006a8       0x14 zephyr/libzephyr.a(printk.c.obj)
 .text.__printk_hook_install
                0x00000000080006bc        0xc zephyr/libzephyr.a(printk.c.obj)
                0x00000000080006bc                __printk_hook_install
 .text.vprintk  0x00000000080006c8       0x20 zephyr/libzephyr.a(printk.c.obj)
                0x00000000080006c8                vprintk
 .text.extract_conversion
                0x00000000080006e8      0x314 zephyr/libzephyr.a(cbprintf_complete.c.obj)
 .text.cbvprintf
                0x00000000080009fc      0x5d0 zephyr/libzephyr.a(cbprintf_complete.c.obj)
                0x00000000080009fc                cbvprintf
 .text.stm32l1_init
                0x0000000008000fcc       0x58 zephyr/libzephyr.a(soc.c.obj)
 .text.__do_init_array_aux
                0x0000000008001024       0x1c zephyr/libzephyr.a(cpp_init_array.c.obj)
                0x0000000008001024                __do_init_array_aux
 .text.__do_global_ctors_aux
                0x0000000008001040       0x20 zephyr/libzephyr.a(cpp_ctors.c.obj)
                0x0000000008001040                __do_global_ctors_aux
 .text.get_flash_area_from_id
                0x0000000008001060       0x30 zephyr/libzephyr.a(flash_map.c.obj)
 .text.flash_area_open
                0x0000000008001090       0x28 zephyr/libzephyr.a(flash_map.c.obj)
                0x0000000008001090                flash_area_open
 .text.stream_flash_init
                0x00000000080010b8       0xc4 zephyr/libzephyr.a(stream_flash.c.obj)
                0x00000000080010b8                stream_flash_init
 .text.stm32_pin_configure
                0x000000000800117c       0x4c zephyr/libzephyr.a(pinmux_stm32.c.obj)
 .text.z_arm_cpu_idle_init
                0x00000000080011c8        0xc zephyr/arch/arch/arm/core/aarch32/libarch__arm__core__aarch32.a(cpu_idle.S.obj)
                0x00000000080011c8                z_arm_cpu_idle_init
 .text.arch_cpu_idle
                0x00000000080011d4       0x1c zephyr/arch/arch/arm/core/aarch32/libarch__arm__core__aarch32.a(cpu_idle.S.obj)
                0x00000000080011d4                arch_cpu_idle
 .text.arch_irq_enable
                0x00000000080011f0       0x1c zephyr/arch/arch/arm/core/aarch32/libarch__arm__core__aarch32.a(irq_manage.c.obj)
                0x00000000080011f0                arch_irq_enable
 .text.z_arm_irq_priority_set
                0x000000000800120c       0x2c zephyr/arch/arch/arm/core/aarch32/libarch__arm__core__aarch32.a(irq_manage.c.obj)
                0x000000000800120c                z_arm_irq_priority_set
 .text.z_SysNmiOnReset
                0x0000000008001238        0x8 zephyr/arch/arch/arm/core/aarch32/libarch__arm__core__aarch32.a(nmi_on_reset.S.obj)
                0x0000000008001238                z_SysNmiOnReset
 .text.z_arm_prep_c
                0x0000000008001240       0x30 zephyr/arch/arch/arm/core/aarch32/libarch__arm__core__aarch32.a(prep_c.c.obj)
                0x0000000008001240                z_arm_prep_c
 .text.arch_swap
                0x0000000008001270       0x34 zephyr/arch/arch/arm/core/aarch32/libarch__arm__core__aarch32.a(swap.c.obj)
                0x0000000008001270                arch_swap
 .text.z_arm_pendsv
                0x00000000080012a4       0x54 zephyr/arch/arch/arm/core/aarch32/libarch__arm__core__aarch32.a(swap_helper.S.obj)
                0x00000000080012a4                z_arm_pendsv
 .text.z_arm_svc
                0x00000000080012f8       0x20 zephyr/arch/arch/arm/core/aarch32/libarch__arm__core__aarch32.a(swap_helper.S.obj)
                0x00000000080012f8                z_arm_svc
 .text.arch_new_thread
                0x0000000008001318       0x40 zephyr/arch/arch/arm/core/aarch32/libarch__arm__core__aarch32.a(thread.c.obj)
                0x0000000008001318                arch_new_thread
 .text.z_check_thread_stack_fail
                0x0000000008001358       0x4c zephyr/arch/arch/arm/core/aarch32/libarch__arm__core__aarch32.a(thread.c.obj)
                0x0000000008001358                z_check_thread_stack_fail
 .text.arch_switch_to_main_thread
                0x00000000080013a4       0x2c zephyr/arch/arch/arm/core/aarch32/libarch__arm__core__aarch32.a(thread.c.obj)
                0x00000000080013a4                arch_switch_to_main_thread
 .text._isr_wrapper
                0x00000000080013d0       0x28 zephyr/arch/arch/arm/core/aarch32/libarch__arm__core__aarch32.a(isr_wrapper.S.obj)
                0x00000000080013d0                _isr_wrapper
 .text._HandlerModeExit
                0x00000000080013f8       0x1c zephyr/arch/arch/arm/core/aarch32/cortex_m/libarch__arm__core__aarch32__cortex_m.a(exc_exit.S.obj)
                0x00000000080013f8                z_arm_exc_exit
                0x00000000080013f8                z_arm_int_exit
 .text.bus_fault
                0x0000000008001414       0x48 zephyr/arch/arch/arm/core/aarch32/cortex_m/libarch__arm__core__aarch32__cortex_m.a(fault.c.obj)
 .text.usage_fault
                0x000000000800145c       0x24 zephyr/arch/arch/arm/core/aarch32/cortex_m/libarch__arm__core__aarch32__cortex_m.a(fault.c.obj)
 .text.mem_manage_fault
                0x0000000008001480       0x88 zephyr/arch/arch/arm/core/aarch32/cortex_m/libarch__arm__core__aarch32__cortex_m.a(fault.c.obj)
 .text.hard_fault
                0x0000000008001508       0x7c zephyr/arch/arch/arm/core/aarch32/cortex_m/libarch__arm__core__aarch32__cortex_m.a(fault.c.obj)
 .text.z_arm_fault
                0x0000000008001584       0x94 zephyr/arch/arch/arm/core/aarch32/cortex_m/libarch__arm__core__aarch32__cortex_m.a(fault.c.obj)
                0x0000000008001584                z_arm_fault
 .text.z_arm_fault_init
                0x0000000008001618       0x10 zephyr/arch/arch/arm/core/aarch32/cortex_m/libarch__arm__core__aarch32__cortex_m.a(fault.c.obj)
                0x0000000008001618                z_arm_fault_init
 .text.__fault  0x0000000008001628       0x14 zephyr/arch/arch/arm/core/aarch32/cortex_m/libarch__arm__core__aarch32__cortex_m.a(fault_s.S.obj)
                0x0000000008001628                z_arm_bus_fault
                0x0000000008001628                z_arm_usage_fault
                0x0000000008001628                z_arm_mpu_fault
                0x0000000008001628                z_arm_exc_spurious
                0x0000000008001628                z_arm_debug_monitor
                0x0000000008001628                z_arm_hard_fault
 .text.z_arm_interrupt_init
                0x000000000800163c       0x34 zephyr/arch/arch/arm/core/aarch32/cortex_m/libarch__arm__core__aarch32__cortex_m.a(irq_init.c.obj)
                0x000000000800163c                z_arm_interrupt_init
 .text._reset_section
                0x0000000008001670       0x2c zephyr/arch/arch/arm/core/aarch32/cortex_m/libarch__arm__core__aarch32__cortex_m.a(reset.S.obj)
                0x0000000008001670                z_arm_reset
                0x0000000008001670                __start
 .text.z_impl_k_thread_abort
                0x000000000800169c       0x2c zephyr/arch/arch/arm/core/aarch32/cortex_m/libarch__arm__core__aarch32__cortex_m.a(thread_abort.c.obj)
                0x000000000800169c                z_impl_k_thread_abort
 .text.z_arm_configure_static_mpu_regions
                0x00000000080016c8       0x1c zephyr/arch/arch/arm/core/aarch32/mpu/libarch__arm__core__aarch32__mpu.a(arm_core_mpu.c.obj)
                0x00000000080016c8                z_arm_configure_static_mpu_regions
 .text.z_arm_configure_dynamic_mpu_regions
                0x00000000080016e4       0x24 zephyr/arch/arch/arm/core/aarch32/mpu/libarch__arm__core__aarch32__mpu.a(arm_core_mpu.c.obj)
                0x00000000080016e4                z_arm_configure_dynamic_mpu_regions
 .text.region_init
                0x0000000008001708       0x28 zephyr/arch/arch/arm/core/aarch32/mpu/libarch__arm__core__aarch32__mpu.a(arm_mpu.c.obj)
 .text.mpu_configure_static_mpu_regions
                0x0000000008001730       0x14 zephyr/arch/arch/arm/core/aarch32/mpu/libarch__arm__core__aarch32__mpu.a(arm_mpu.c.obj)
 .text.mpu_configure_dynamic_mpu_regions
                0x0000000008001744       0x34 zephyr/arch/arch/arm/core/aarch32/mpu/libarch__arm__core__aarch32__mpu.a(arm_mpu.c.obj)
 .text.arm_core_mpu_enable
                0x0000000008001778       0x18 zephyr/arch/arch/arm/core/aarch32/mpu/libarch__arm__core__aarch32__mpu.a(arm_mpu.c.obj)
                0x0000000008001778                arm_core_mpu_enable
 .text.arm_core_mpu_disable
                0x0000000008001790       0x14 zephyr/arch/arch/arm/core/aarch32/mpu/libarch__arm__core__aarch32__mpu.a(arm_mpu.c.obj)
                0x0000000008001790                arm_core_mpu_disable
 .text.z_arm_mpu_init
                0x00000000080017a4       0x44 zephyr/arch/arch/arm/core/aarch32/mpu/libarch__arm__core__aarch32__mpu.a(arm_mpu.c.obj)
                0x00000000080017a4                z_arm_mpu_init
 .text.__stdout_hook_install
                0x00000000080017e8        0xc zephyr/lib/libc/minimal/liblib__libc__minimal.a(stdout_console.c.obj)
                0x00000000080017e8                __stdout_hook_install
 .text.__stm32_exti_isr
                0x00000000080017f4       0x40 zephyr/drivers/interrupt_controller/libdrivers__interrupt_controller.a(intc_exti_stm32.c.obj)
 .text.stm32_exti_enable
                0x0000000008001834       0x20 zephyr/drivers/interrupt_controller/libdrivers__interrupt_controller.a(intc_exti_stm32.c.obj)
                0x0000000008001834                stm32_exti_enable
 .text.stm32_exti_disable
                0x0000000008001854       0x18 zephyr/drivers/interrupt_controller/libdrivers__interrupt_controller.a(intc_exti_stm32.c.obj)
                0x0000000008001854                stm32_exti_disable
 .text.stm32_exti_trigger
                0x000000000800186c       0x70 zephyr/drivers/interrupt_controller/libdrivers__interrupt_controller.a(intc_exti_stm32.c.obj)
                0x000000000800186c                stm32_exti_trigger
 .text.stm32_exti_set_callback
                0x00000000080018dc       0x24 zephyr/drivers/interrupt_controller/libdrivers__interrupt_controller.a(intc_exti_stm32.c.obj)
                0x00000000080018dc                stm32_exti_set_callback
 .text.stm32_exti_unset_callback
                0x0000000008001900       0x14 zephyr/drivers/interrupt_controller/libdrivers__interrupt_controller.a(intc_exti_stm32.c.obj)
                0x0000000008001900                stm32_exti_unset_callback
 .text.stm32_clock_control_on
                0x0000000008001914       0x5c zephyr/drivers/clock_control/libdrivers__clock_control.a(clock_stm32_ll_common.c.obj)
 .text.stm32_clock_control_off
                0x0000000008001970       0x48 zephyr/drivers/clock_control/libdrivers__clock_control.a(clock_stm32_ll_common.c.obj)
 .text.stm32_clock_control_get_subsys_rate
                0x00000000080019b8       0x40 zephyr/drivers/clock_control/libdrivers__clock_control.a(clock_stm32_ll_common.c.obj)
 .text.stm32_clock_switch_to_hsi
                0x00000000080019f8       0x48 zephyr/drivers/clock_control/libdrivers__clock_control.a(clock_stm32_ll_common.c.obj)
 .text.stm32_clock_control_init
                0x0000000008001a40       0x48 zephyr/drivers/clock_control/libdrivers__clock_control.a(clock_stm32_ll_common.c.obj)
                0x0000000008001a40                stm32_clock_control_init
 .text.config_enable_default_clocks
                0x0000000008001a88       0x20 zephyr/drivers/clock_control/libdrivers__clock_control.a(clock_stm32l0_l1.c.obj)
                0x0000000008001a88                config_enable_default_clocks
 .text.console_out
                0x0000000008001aa8       0x2c zephyr/drivers/console/libdrivers__console.a(uart_console.c.obj)
 .text.uart_console_hook_install
                0x0000000008001ad4       0x18 zephyr/drivers/console/libdrivers__console.a(uart_console.c.obj)
 .text.uart_console_init
                0x0000000008001aec       0x30 zephyr/drivers/console/libdrivers__console.a(uart_console.c.obj)
 .text.dma_stm32_get_status
                0x0000000008001b1c       0x4c zephyr/drivers/dma/libdrivers__dma.a(dma_stm32.c.obj)
 .text.dma_stm32_stop
                0x0000000008001b68       0x50 zephyr/drivers/dma/libdrivers__dma.a(dma_stm32.c.obj)
 .text.dma_stm32_reload
                0x0000000008001bb8       0xf8 zephyr/drivers/dma/libdrivers__dma.a(dma_stm32.c.obj)
 .text.dma_stm32_configure
                0x0000000008001cb0      0x25c zephyr/drivers/dma/libdrivers__dma.a(dma_stm32.c.obj)
 .text.dma_stm32_init
                0x0000000008001f0c       0x60 zephyr/drivers/dma/libdrivers__dma.a(dma_stm32.c.obj)
 .text.dma_stm32_id_to_stream
                0x0000000008001f6c        0xc zephyr/drivers/dma/libdrivers__dma.a(dma_stm32_v2.c.obj)
                0x0000000008001f6c                dma_stm32_id_to_stream
 .text.dma_stm32_clear_ht
                0x0000000008001f78       0x10 zephyr/drivers/dma/libdrivers__dma.a(dma_stm32_v2.c.obj)
                0x0000000008001f78                dma_stm32_clear_ht
 .text.dma_stm32_clear_tc
                0x0000000008001f88       0x10 zephyr/drivers/dma/libdrivers__dma.a(dma_stm32_v2.c.obj)
                0x0000000008001f88                dma_stm32_clear_tc
 .text.dma_stm32_is_ht_active
                0x0000000008001f98       0x18 zephyr/drivers/dma/libdrivers__dma.a(dma_stm32_v2.c.obj)
                0x0000000008001f98                dma_stm32_is_ht_active
 .text.dma_stm32_is_tc_active
                0x0000000008001fb0       0x18 zephyr/drivers/dma/libdrivers__dma.a(dma_stm32_v2.c.obj)
                0x0000000008001fb0                dma_stm32_is_tc_active
 .text.dma_stm32_clear_te
                0x0000000008001fc8       0x10 zephyr/drivers/dma/libdrivers__dma.a(dma_stm32_v2.c.obj)
                0x0000000008001fc8                dma_stm32_clear_te
 .text.stm32_dma_is_tc_irq_active
                0x0000000008001fd8       0x34 zephyr/drivers/dma/libdrivers__dma.a(dma_stm32_v2.c.obj)
                0x0000000008001fd8                stm32_dma_is_tc_irq_active
 .text.stm32_dma_is_ht_irq_active
                0x000000000800200c       0x34 zephyr/drivers/dma/libdrivers__dma.a(dma_stm32_v2.c.obj)
                0x000000000800200c                stm32_dma_is_ht_irq_active
 .text.stm32_dma_enable_stream
                0x0000000008002040       0x20 zephyr/drivers/dma/libdrivers__dma.a(dma_stm32_v2.c.obj)
                0x0000000008002040                stm32_dma_enable_stream
 .text.stm32_dma_disable_stream
                0x0000000008002060       0x30 zephyr/drivers/dma/libdrivers__dma.a(dma_stm32_v2.c.obj)
                0x0000000008002060                stm32_dma_disable_stream
 .text.gpio_stm32_set_exti_source
                0x0000000008002090       0x5c zephyr/drivers/gpio/libdrivers__gpio.a(gpio_stm32.c.obj)
 .text.gpio_stm32_get_exti_source
                0x00000000080020ec       0x4c zephyr/drivers/gpio/libdrivers__gpio.a(gpio_stm32.c.obj)
 .text.gpio_stm32_enable_int
                0x0000000008002138       0x48 zephyr/drivers/gpio/libdrivers__gpio.a(gpio_stm32.c.obj)
 .text.gpio_stm32_pin_interrupt_configure
                0x0000000008002180       0x94 zephyr/drivers/gpio/libdrivers__gpio.a(gpio_stm32.c.obj)
 .text.gpio_stm32_clock_request
                0x0000000008002214       0x44 zephyr/drivers/gpio/libdrivers__gpio.a(gpio_stm32.c.obj)
                0x0000000008002214                gpio_stm32_clock_request
 .text.flash_stm32_get_parameters
                0x0000000008002258        0x8 zephyr/drivers/flash/libdrivers__flash.a(flash_stm32.c.obj)
 .text.flash_stm32_write_protection
                0x0000000008002260       0x7c zephyr/drivers/flash/libdrivers__flash.a(flash_stm32.c.obj)
 .text.stm32_flash_init
                0x00000000080022dc       0x64 zephyr/drivers/flash/libdrivers__flash.a(flash_stm32.c.obj)
 .text.flash_stm32_page_layout
                0x0000000008002340       0x24 zephyr/drivers/flash/libdrivers__flash.a(flash_stm32_v1.c.obj)
                0x0000000008002340                flash_stm32_page_layout
 .text.uart_stm32_configure
                0x0000000008002364      0x228 zephyr/drivers/serial/libdrivers__serial.a(uart_stm32.c.obj)
 .text.uart_stm32_async_init
                0x000000000800258c      0x18c zephyr/drivers/serial/libdrivers__serial.a(uart_stm32.c.obj)
 .text.uart_stm32_init
                0x0000000008002718      0x14c zephyr/drivers/serial/libdrivers__serial.a(uart_stm32.c.obj)
 .text.elapsed  0x0000000008002864       0x3c zephyr/drivers/timer/libdrivers__timer.a(cortex_m_systick.c.obj)
 .text.sys_clock_isr
                0x00000000080028a0       0x48 zephyr/drivers/timer/libdrivers__timer.a(cortex_m_systick.c.obj)
                0x00000000080028a0                sys_clock_isr
 .text.sys_clock_driver_init
                0x00000000080028e8       0x34 zephyr/drivers/timer/libdrivers__timer.a(cortex_m_systick.c.obj)
                0x00000000080028e8                sys_clock_driver_init
 .text.sys_clock_set_timeout
                0x000000000800291c      0x100 zephyr/drivers/timer/libdrivers__timer.a(cortex_m_systick.c.obj)
                0x000000000800291c                sys_clock_set_timeout
 .text.sys_clock_elapsed
                0x0000000008002a1c       0x40 zephyr/drivers/timer/libdrivers__timer.a(cortex_m_systick.c.obj)
                0x0000000008002a1c                sys_clock_elapsed
 .text.LL_DMA_Init
                0x0000000008002a5c       0x60 modules/stm32/stm32cube/lib..__modules__hal__stm32__stm32cube.a(stm32l1xx_ll_dma.c.obj)
                0x0000000008002a5c                LL_DMA_Init
 .text.UTILS_GetPLLOutputFrequency
                0x0000000008002abc       0x1c modules/stm32/stm32cube/lib..__modules__hal__stm32__stm32cube.a(stm32l1xx_ll_utils.c.obj)
 .text.UTILS_PLL_IsBusy
                0x0000000008002ad8       0x18 modules/stm32/stm32cube/lib..__modules__hal__stm32__stm32cube.a(stm32l1xx_ll_utils.c.obj)
 .text.LL_SetSystemCoreClock
                0x0000000008002af0        0xc modules/stm32/stm32cube/lib..__modules__hal__stm32__stm32cube.a(stm32l1xx_ll_utils.c.obj)
                0x0000000008002af0                LL_SetSystemCoreClock
 .text.LL_SetFlashLatency
                0x0000000008002afc       0x88 modules/stm32/stm32cube/lib..__modules__hal__stm32__stm32cube.a(stm32l1xx_ll_utils.c.obj)
                0x0000000008002afc                LL_SetFlashLatency
 .text.UTILS_EnablePLLAndSwitchSystem
                0x0000000008002b84       0xa8 modules/stm32/stm32cube/lib..__modules__hal__stm32__stm32cube.a(stm32l1xx_ll_utils.c.obj)
 .text.LL_PLL_ConfigSystemClock_HSI
                0x0000000008002c2c       0x58 modules/stm32/stm32cube/lib..__modules__hal__stm32__stm32cube.a(stm32l1xx_ll_utils.c.obj)
                0x0000000008002c2c                LL_PLL_ConfigSystemClock_HSI
 .text.z_device_state_init
                0x0000000008002c84       0x18 zephyr/kernel/libkernel.a(device.c.obj)
                0x0000000008002c84                z_device_state_init
 .text.z_sys_init_run_level
                0x0000000008002c9c       0x50 zephyr/kernel/libkernel.a(device.c.obj)
                0x0000000008002c9c                z_sys_init_run_level
 .text.z_impl_device_get_binding
                0x0000000008002cec       0x64 zephyr/kernel/libkernel.a(device.c.obj)
                0x0000000008002cec                z_impl_device_get_binding
 .text.init_idle_thread
                0x0000000008002d50       0x58 zephyr/kernel/libkernel.a(init.c.obj)
 .text.prepare_multithreading
                0x0000000008002da8       0x94 zephyr/kernel/libkernel.a(init.c.obj)
 .text.bg_thread_main
                0x0000000008002e3c       0x38 zephyr/kernel/libkernel.a(init.c.obj)
 .text.switch_to_main_thread
                0x0000000008002e74       0x14 zephyr/kernel/libkernel.a(init.c.obj)
 .text.z_bss_zero
                0x0000000008002e88       0x18 zephyr/kernel/libkernel.a(init.c.obj)
                0x0000000008002e88                z_bss_zero
 .text.z_cstart
                0x0000000008002ea0       0x80 zephyr/kernel/libkernel.a(init.c.obj)
                0x0000000008002ea0                z_cstart
 .text.schedule_new_thread
                0x0000000008002f20       0x1c zephyr/kernel/libkernel.a(thread.c.obj)
 .text.z_setup_new_thread
                0x0000000008002f3c       0x60 zephyr/kernel/libkernel.a(thread.c.obj)
                0x0000000008002f3c                z_setup_new_thread
 .text.z_init_static_threads
                0x0000000008002f9c       0x84 zephyr/kernel/libkernel.a(thread.c.obj)
                0x0000000008002f9c                z_init_static_threads
 .text.z_impl_k_sem_give
                0x0000000008003020       0x44 zephyr/kernel/libkernel.a(sem.c.obj)
                0x0000000008003020                z_impl_k_sem_give
 .text.z_impl_k_sem_take
                0x0000000008003064       0x50 zephyr/kernel/libkernel.a(sem.c.obj)
                0x0000000008003064                z_impl_k_sem_take
 .text.submit_to_queue_locked
                0x00000000080030b4       0xd8 zephyr/kernel/libkernel.a(work.c.obj)
 .text.schedule_for_queue_locked
                0x000000000800318c       0x34 zephyr/kernel/libkernel.a(work.c.obj)
 .text.finalize_cancel_locked
                0x00000000080031c0       0x7c zephyr/kernel/libkernel.a(work.c.obj)
 .text.work_queue_main
                0x000000000800323c       0xf0 zephyr/kernel/libkernel.a(work.c.obj)
 .text.k_work_queue_start
                0x000000000800332c       0x7c zephyr/kernel/libkernel.a(work.c.obj)
                0x000000000800332c                k_work_queue_start
 .text.k_work_reschedule
                0x00000000080033a8       0x10 zephyr/kernel/libkernel.a(work.c.obj)
                0x00000000080033a8                k_work_reschedule
 .text.add_thread_timeout
                0x00000000080033b8       0x20 zephyr/kernel/libkernel.a(sched.c.obj)
 .text.z_reset_time_slice
                0x00000000080033d8       0x2c zephyr/kernel/libkernel.a(sched.c.obj)
                0x00000000080033d8                z_reset_time_slice
 .text.k_sched_time_slice_set
                0x0000000008003404       0x5c zephyr/kernel/libkernel.a(sched.c.obj)
                0x0000000008003404                k_sched_time_slice_set
 .text.z_reschedule
                0x0000000008003460       0x38 zephyr/kernel/libkernel.a(sched.c.obj)
                0x0000000008003460                z_reschedule
 .text.k_sched_lock
                0x0000000008003498       0x34 zephyr/kernel/libkernel.a(sched.c.obj)
                0x0000000008003498                k_sched_lock
 .text.update_cache
                0x00000000080034cc       0x4c zephyr/kernel/libkernel.a(sched.c.obj)
 .text.move_thread_to_end_of_prio_q
                0x0000000008003518       0x88 zephyr/kernel/libkernel.a(sched.c.obj)
 .text.z_time_slice
                0x00000000080035a0       0xac zephyr/kernel/libkernel.a(sched.c.obj)
                0x00000000080035a0                z_time_slice
 .text.ready_thread
                0x000000000800364c       0x80 zephyr/kernel/libkernel.a(sched.c.obj)
 .text.z_sched_start
                0x00000000080036cc       0x3c zephyr/kernel/libkernel.a(sched.c.obj)
                0x00000000080036cc                z_sched_start
 .text.unready_thread
                0x0000000008003708       0x38 zephyr/kernel/libkernel.a(sched.c.obj)
 .text.z_pend_curr
                0x0000000008003740       0x28 zephyr/kernel/libkernel.a(sched.c.obj)
                0x0000000008003740                z_pend_curr
 .text.z_impl_k_thread_suspend
                0x0000000008003768       0x84 zephyr/kernel/libkernel.a(sched.c.obj)
                0x0000000008003768                z_impl_k_thread_suspend
 .text.k_sched_unlock
                0x00000000080037ec       0x50 zephyr/kernel/libkernel.a(sched.c.obj)
                0x00000000080037ec                k_sched_unlock
 .text.end_thread
                0x000000000800383c       0x94 zephyr/kernel/libkernel.a(sched.c.obj)
 .text.z_sched_init
                0x00000000080038d0       0x1c zephyr/kernel/libkernel.a(sched.c.obj)
                0x00000000080038d0                z_sched_init
 .text.z_impl_k_yield
                0x00000000080038ec       0x88 zephyr/kernel/libkernel.a(sched.c.obj)
                0x00000000080038ec                z_impl_k_yield
 .text.z_tick_sleep
                0x0000000008003974       0x98 zephyr/kernel/libkernel.a(sched.c.obj)
 .text.z_impl_k_sleep
                0x0000000008003a0c       0x30 zephyr/kernel/libkernel.a(sched.c.obj)
                0x0000000008003a0c                z_impl_k_sleep
 .text.z_impl_z_current_get
                0x0000000008003a3c        0xc zephyr/kernel/libkernel.a(sched.c.obj)
                0x0000000008003a3c                z_impl_z_current_get
 .text.z_thread_abort
                0x0000000008003a48       0x50 zephyr/kernel/libkernel.a(sched.c.obj)
                0x0000000008003a48                z_thread_abort
 .text.z_sched_wait
                0x0000000008003a98       0x28 zephyr/kernel/libkernel.a(sched.c.obj)
                0x0000000008003a98                z_sched_wait
 .text.z_data_copy
                0x0000000008003ac0       0x34 zephyr/kernel/libkernel.a(xip.c.obj)
                0x0000000008003ac0                z_data_copy
 .text.first    0x0000000008003af4       0x14 zephyr/kernel/libkernel.a(timeout.c.obj)
 .text.next     0x0000000008003b08       0x18 zephyr/kernel/libkernel.a(timeout.c.obj)
 .text.elapsed  0x0000000008003b20       0x18 zephyr/kernel/libkernel.a(timeout.c.obj)
 .text.next_timeout
                0x0000000008003b38       0x4c zephyr/kernel/libkernel.a(timeout.c.obj)
 .text.z_add_timeout
                0x0000000008003b84      0x11c zephyr/kernel/libkernel.a(timeout.c.obj)
                0x0000000008003b84                z_add_timeout
 .text.sys_clock_announce
                0x0000000008003ca0       0xc4 zephyr/kernel/libkernel.a(timeout.c.obj)
                0x0000000008003ca0                sys_clock_announce
 .text.sys_clock_tick_get
                0x0000000008003d64       0x40 zephyr/kernel/libkernel.a(timeout.c.obj)
                0x0000000008003d64                sys_clock_tick_get
 .text.boot_banner
                0x0000000008003da4       0x1c zephyr/kernel/libkernel.a(banner.c.obj)
                0x0000000008003da4                boot_banner
 .text.k_sys_work_q_init
                0x0000000008003dc0       0x34 zephyr/kernel/libkernel.a(system_work_q.c.obj)
 .text._OffsetAbsSyms
                0x0000000008003df4        0x2 zephyr/CMakeFiles/offsets.dir/./arch/arm/core/offsets/offsets.c.obj
                0x0000000008003df4                _OffsetAbsSyms
 .text.arch_printk_char_out
                0x0000000008003df6        0x4 zephyr/libzephyr.a(printk.c.obj)
                0x0000000008003df6                arch_printk_char_out
 .text.printk   0x0000000008003dfa       0x1c zephyr/libzephyr.a(printk.c.obj)
                0x0000000008003dfa                printk
 .text.z_thread_entry
                0x0000000008003e16       0x14 zephyr/libzephyr.a(thread_entry.c.obj)
                0x0000000008003e16                z_thread_entry
 .text.extract_decimal
                0x0000000008003e2a       0x24 zephyr/libzephyr.a(cbprintf_complete.c.obj)
 .text.encode_uint
                0x0000000008003e4e       0xd4 zephyr/libzephyr.a(cbprintf_complete.c.obj)
 .text.outs     0x0000000008003f22       0x34 zephyr/libzephyr.a(cbprintf_complete.c.obj)
 .text._ConfigAbsSyms
                0x0000000008003f56        0x2 zephyr/libzephyr.a(configs.c.obj)
                0x0000000008003f56                _ConfigAbsSyms
 .text.st_stm32_common_config
                0x0000000008003f58        0x4 zephyr/libzephyr.a(soc_config.c.obj)
 .text.z_cpp_init_static
                0x0000000008003f5c        0xc zephyr/libzephyr.a(cpp_init.c.obj)
                0x0000000008003f5c                z_cpp_init_static
 .text.flash_img_buffered_write
                0x0000000008003f68       0x26 zephyr/libzephyr.a(flash_img.c.obj)
                0x0000000008003f68                flash_img_buffered_write
 .text.flash_img_bytes_written
                0x0000000008003f8e        0xc zephyr/libzephyr.a(flash_img.c.obj)
                0x0000000008003f8e                flash_img_bytes_written
 .text.flash_img_init_id
                0x0000000008003f9a       0x40 zephyr/libzephyr.a(flash_img.c.obj)
                0x0000000008003f9a                flash_img_init_id
 .text.flash_area_close
                0x0000000008003fda        0x2 zephyr/libzephyr.a(flash_map.c.obj)
                0x0000000008003fda                flash_area_close
 .text.flash_area_get_device
                0x0000000008003fdc        0xa zephyr/libzephyr.a(flash_map.c.obj)
                0x0000000008003fdc                flash_area_get_device
 .text.find_flash_total_size
                0x0000000008003fe6       0x18 zephyr/libzephyr.a(stream_flash.c.obj)
 .text.stream_flash_erase_page
                0x0000000008003ffe       0x5e zephyr/libzephyr.a(stream_flash.c.obj)
                0x0000000008003ffe                stream_flash_erase_page
 .text.flash_sync
                0x000000000800405c       0xd8 zephyr/libzephyr.a(stream_flash.c.obj)
 .text.stream_flash_buffered_write
                0x0000000008004134       0x92 zephyr/libzephyr.a(stream_flash.c.obj)
                0x0000000008004134                stream_flash_buffered_write
 .text.stream_flash_bytes_written
                0x00000000080041c6        0x4 zephyr/libzephyr.a(stream_flash.c.obj)
                0x00000000080041c6                stream_flash_bytes_written
 .text.stm32_dt_pinctrl_configure
                0x00000000080041ca       0x56 zephyr/libzephyr.a(pinmux_stm32.c.obj)
                0x00000000080041ca                stm32_dt_pinctrl_configure
 .text.z_arm_fatal_error
                0x0000000008004220        0x8 zephyr/arch/arch/arm/core/aarch32/libarch__arm__core__aarch32.a(fatal.c.obj)
                0x0000000008004220                z_arm_fatal_error
 .text.z_do_kernel_oops
                0x0000000008004228        0xc zephyr/arch/arch/arm/core/aarch32/libarch__arm__core__aarch32.a(fatal.c.obj)
                0x0000000008004228                z_do_kernel_oops
 .text.z_irq_spurious
                0x0000000008004234        0xc zephyr/arch/arch/arm/core/aarch32/libarch__arm__core__aarch32.a(irq_manage.c.obj)
                0x0000000008004234                z_irq_spurious
 .text.z_arm_nmi
                0x0000000008004240        0xc zephyr/arch/arch/arm/core/aarch32/libarch__arm__core__aarch32.a(nmi.c.obj)
                0x0000000008004240                z_arm_nmi
 .text.memory_fault_recoverable
                0x000000000800424c        0x4 zephyr/arch/arch/arm/core/aarch32/cortex_m/libarch__arm__core__aarch32__cortex_m.a(fault.c.obj)
 .text.debug_monitor
                0x0000000008004250        0x6 zephyr/arch/arch/arm/core/aarch32/cortex_m/libarch__arm__core__aarch32__cortex_m.a(fault.c.obj)
 .text.fault_handle
                0x0000000008004256       0x46 zephyr/arch/arch/arm/core/aarch32/cortex_m/libarch__arm__core__aarch32__cortex_m.a(fault.c.obj)
 .text.mpu_partition_is_valid
                0x000000000800429c       0x22 zephyr/arch/arch/arm/core/aarch32/mpu/libarch__arm__core__aarch32__mpu.a(arm_mpu.c.obj)
 .text.region_allocate_and_init
                0x00000000080042be       0x16 zephyr/arch/arch/arm/core/aarch32/mpu/libarch__arm__core__aarch32__mpu.a(arm_mpu.c.obj)
 .text.mpu_configure_region
                0x00000000080042d4       0x3e zephyr/arch/arch/arm/core/aarch32/mpu/libarch__arm__core__aarch32__mpu.a(arm_mpu.c.obj)
 .text.mpu_configure_regions
                0x0000000008004312       0x50 zephyr/arch/arch/arm/core/aarch32/mpu/libarch__arm__core__aarch32__mpu.a(arm_mpu.c.obj)
 .text.arm_core_mpu_configure_static_mpu_regions
                0x0000000008004362        0x8 zephyr/arch/arch/arm/core/aarch32/mpu/libarch__arm__core__aarch32__mpu.a(arm_mpu.c.obj)
                0x0000000008004362                arm_core_mpu_configure_static_mpu_regions
 .text.arm_core_mpu_configure_dynamic_mpu_regions
                0x000000000800436a        0x8 zephyr/arch/arch/arm/core/aarch32/mpu/libarch__arm__core__aarch32__mpu.a(arm_mpu.c.obj)
                0x000000000800436a                arm_core_mpu_configure_dynamic_mpu_regions
 .text.strcpy   0x0000000008004372       0x14 zephyr/lib/libc/minimal/liblib__libc__minimal.a(string.c.obj)
                0x0000000008004372                strcpy
 .text.strlen   0x0000000008004386       0x12 zephyr/lib/libc/minimal/liblib__libc__minimal.a(string.c.obj)
                0x0000000008004386                strlen
 .text.strnlen  0x0000000008004398       0x14 zephyr/lib/libc/minimal/liblib__libc__minimal.a(string.c.obj)
                0x0000000008004398                strnlen
 .text.strcmp   0x00000000080043ac       0x16 zephyr/lib/libc/minimal/liblib__libc__minimal.a(string.c.obj)
                0x00000000080043ac                strcmp
 .text.strncmp  0x00000000080043c2       0x26 zephyr/lib/libc/minimal/liblib__libc__minimal.a(string.c.obj)
                0x00000000080043c2                strncmp
 .text.memcpy   0x00000000080043e8       0x5e zephyr/lib/libc/minimal/liblib__libc__minimal.a(string.c.obj)
                0x00000000080043e8                memcpy
 .text.memset   0x0000000008004446       0x3c zephyr/lib/libc/minimal/liblib__libc__minimal.a(string.c.obj)
                0x0000000008004446                memset
 .text._stdout_hook_default
                0x0000000008004482        0x6 zephyr/lib/libc/minimal/liblib__libc__minimal.a(stdout_console.c.obj)
 .text.__stm32_exti_isr_0
                0x0000000008004488        0xe zephyr/drivers/interrupt_controller/libdrivers__interrupt_controller.a(intc_exti_stm32.c.obj)
 .text.__stm32_exti_isr_1
                0x0000000008004496        0xe zephyr/drivers/interrupt_controller/libdrivers__interrupt_controller.a(intc_exti_stm32.c.obj)
 .text.__stm32_exti_isr_2
                0x00000000080044a4        0xe zephyr/drivers/interrupt_controller/libdrivers__interrupt_controller.a(intc_exti_stm32.c.obj)
 .text.__stm32_exti_isr_3
                0x00000000080044b2        0xe zephyr/drivers/interrupt_controller/libdrivers__interrupt_controller.a(intc_exti_stm32.c.obj)
 .text.__stm32_exti_isr_4
                0x00000000080044c0        0xe zephyr/drivers/interrupt_controller/libdrivers__interrupt_controller.a(intc_exti_stm32.c.obj)
 .text.__stm32_exti_isr_9_5
                0x00000000080044ce        0xe zephyr/drivers/interrupt_controller/libdrivers__interrupt_controller.a(intc_exti_stm32.c.obj)
 .text.__stm32_exti_isr_15_10
                0x00000000080044dc        0xe zephyr/drivers/interrupt_controller/libdrivers__interrupt_controller.a(intc_exti_stm32.c.obj)
 .text.__stm32_exti_connect_irqs
                0x00000000080044ea       0x4a zephyr/drivers/interrupt_controller/libdrivers__interrupt_controller.a(intc_exti_stm32.c.obj)
 .text.stm32_exti_init
                0x0000000008004534        0xa zephyr/drivers/interrupt_controller/libdrivers__interrupt_controller.a(intc_exti_stm32.c.obj)
 .text.config_bus_clk_init
                0x000000000800453e        0xa zephyr/drivers/clock_control/libdrivers__clock_control.a(clock_stm32_ll_common.c.obj)
 .text.get_bus_clock
                0x0000000008004548        0x6 zephyr/drivers/clock_control/libdrivers__clock_control.a(clock_stm32_ll_common.c.obj)
 .text.config_pll_init
                0x000000000800454e        0xe zephyr/drivers/clock_control/libdrivers__clock_control.a(clock_stm32l0_l1.c.obj)
                0x000000000800454e                config_pll_init
 .text.dma_stm32_get_priority
                0x000000000800455c       0x36 zephyr/drivers/dma/libdrivers__dma.a(dma_stm32.c.obj)
 .text.dma_stm32_get_direction
                0x0000000008004592       0x26 zephyr/drivers/dma/libdrivers__dma.a(dma_stm32.c.obj)
 .text.dma_stm32_get_memory_increment
                0x00000000080045b8       0x22 zephyr/drivers/dma/libdrivers__dma.a(dma_stm32.c.obj)
 .text.dma_stm32_get_periph_increment
                0x00000000080045da       0x22 zephyr/drivers/dma/libdrivers__dma.a(dma_stm32.c.obj)
 .text.dma_stm32_config_irq_0
                0x00000000080045fc       0x74 zephyr/drivers/dma/libdrivers__dma.a(dma_stm32.c.obj)
 .text.dma_stm32_dump_stream_irq
                0x0000000008004670        0xc zephyr/drivers/dma/libdrivers__dma.a(dma_stm32.c.obj)
 .text.dma_stm32_clear_stream_irq
                0x000000000800467c       0x20 zephyr/drivers/dma/libdrivers__dma.a(dma_stm32.c.obj)
 .text.dma_stm32_irq_handler
                0x000000000800469c       0xa4 zephyr/drivers/dma/libdrivers__dma.a(dma_stm32.c.obj)
 .text.dma_stm32_irq_0_0
                0x0000000008004740        0xa zephyr/drivers/dma/libdrivers__dma.a(dma_stm32.c.obj)
 .text.dma_stm32_irq_0_1
                0x000000000800474a        0xa zephyr/drivers/dma/libdrivers__dma.a(dma_stm32.c.obj)
 .text.dma_stm32_irq_0_2
                0x0000000008004754        0xa zephyr/drivers/dma/libdrivers__dma.a(dma_stm32.c.obj)
 .text.dma_stm32_irq_0_3
                0x000000000800475e        0xa zephyr/drivers/dma/libdrivers__dma.a(dma_stm32.c.obj)
 .text.dma_stm32_irq_0_4
                0x0000000008004768        0xa zephyr/drivers/dma/libdrivers__dma.a(dma_stm32.c.obj)
 .text.dma_stm32_irq_0_5
                0x0000000008004772        0xa zephyr/drivers/dma/libdrivers__dma.a(dma_stm32.c.obj)
 .text.dma_stm32_irq_0_6
                0x000000000800477c        0xa zephyr/drivers/dma/libdrivers__dma.a(dma_stm32.c.obj)
 .text.dma_stm32_disable_stream
                0x0000000008004786       0x32 zephyr/drivers/dma/libdrivers__dma.a(dma_stm32.c.obj)
 .text.dma_stm32_start
                0x00000000080047b8       0x26 zephyr/drivers/dma/libdrivers__dma.a(dma_stm32.c.obj)
 .text.LL_DMA_IsActiveFlag_TC1
                0x00000000080047de        0x8 zephyr/drivers/dma/libdrivers__dma.a(dma_stm32_v2.c.obj)
 .text.LL_DMA_IsActiveFlag_TC2
                0x00000000080047e6        0x8 zephyr/drivers/dma/libdrivers__dma.a(dma_stm32_v2.c.obj)
 .text.LL_DMA_IsActiveFlag_TC3
                0x00000000080047ee        0x8 zephyr/drivers/dma/libdrivers__dma.a(dma_stm32_v2.c.obj)
 .text.LL_DMA_IsActiveFlag_TC4
                0x00000000080047f6        0x8 zephyr/drivers/dma/libdrivers__dma.a(dma_stm32_v2.c.obj)
 .text.LL_DMA_IsActiveFlag_TC5
                0x00000000080047fe        0x8 zephyr/drivers/dma/libdrivers__dma.a(dma_stm32_v2.c.obj)
 .text.LL_DMA_IsActiveFlag_TC6
                0x0000000008004806        0x8 zephyr/drivers/dma/libdrivers__dma.a(dma_stm32_v2.c.obj)
 .text.LL_DMA_IsActiveFlag_TC7
                0x000000000800480e        0x8 zephyr/drivers/dma/libdrivers__dma.a(dma_stm32_v2.c.obj)
 .text.LL_DMA_IsActiveFlag_HT1
                0x0000000008004816        0x8 zephyr/drivers/dma/libdrivers__dma.a(dma_stm32_v2.c.obj)
 .text.LL_DMA_IsActiveFlag_HT2
                0x000000000800481e        0x8 zephyr/drivers/dma/libdrivers__dma.a(dma_stm32_v2.c.obj)
 .text.LL_DMA_IsActiveFlag_HT3
                0x0000000008004826        0x8 zephyr/drivers/dma/libdrivers__dma.a(dma_stm32_v2.c.obj)
 .text.LL_DMA_IsActiveFlag_HT4
                0x000000000800482e        0x8 zephyr/drivers/dma/libdrivers__dma.a(dma_stm32_v2.c.obj)
 .text.LL_DMA_IsActiveFlag_HT5
                0x0000000008004836        0x8 zephyr/drivers/dma/libdrivers__dma.a(dma_stm32_v2.c.obj)
 .text.LL_DMA_IsActiveFlag_HT6
                0x000000000800483e        0x8 zephyr/drivers/dma/libdrivers__dma.a(dma_stm32_v2.c.obj)
 .text.LL_DMA_IsActiveFlag_HT7
                0x0000000008004846        0x8 zephyr/drivers/dma/libdrivers__dma.a(dma_stm32_v2.c.obj)
 .text.LL_DMA_ClearFlag_TC1
                0x000000000800484e        0xa zephyr/drivers/dma/libdrivers__dma.a(dma_stm32_v2.c.obj)
 .text.LL_DMA_ClearFlag_TC2
                0x0000000008004858        0xa zephyr/drivers/dma/libdrivers__dma.a(dma_stm32_v2.c.obj)
 .text.LL_DMA_ClearFlag_TC3
                0x0000000008004862        0xa zephyr/drivers/dma/libdrivers__dma.a(dma_stm32_v2.c.obj)
 .text.LL_DMA_ClearFlag_TC4
                0x000000000800486c        0xa zephyr/drivers/dma/libdrivers__dma.a(dma_stm32_v2.c.obj)
 .text.LL_DMA_ClearFlag_TC5
                0x0000000008004876        0xa zephyr/drivers/dma/libdrivers__dma.a(dma_stm32_v2.c.obj)
 .text.LL_DMA_ClearFlag_TC6
                0x0000000008004880        0xa zephyr/drivers/dma/libdrivers__dma.a(dma_stm32_v2.c.obj)
 .text.LL_DMA_ClearFlag_TC7
                0x000000000800488a        0xa zephyr/drivers/dma/libdrivers__dma.a(dma_stm32_v2.c.obj)
 .text.LL_DMA_ClearFlag_HT1
                0x0000000008004894        0xa zephyr/drivers/dma/libdrivers__dma.a(dma_stm32_v2.c.obj)
 .text.LL_DMA_ClearFlag_HT2
                0x000000000800489e        0xa zephyr/drivers/dma/libdrivers__dma.a(dma_stm32_v2.c.obj)
 .text.LL_DMA_ClearFlag_HT3
                0x00000000080048a8        0xa zephyr/drivers/dma/libdrivers__dma.a(dma_stm32_v2.c.obj)
 .text.LL_DMA_ClearFlag_HT4
                0x00000000080048b2        0xa zephyr/drivers/dma/libdrivers__dma.a(dma_stm32_v2.c.obj)
 .text.LL_DMA_ClearFlag_HT5
                0x00000000080048bc        0xa zephyr/drivers/dma/libdrivers__dma.a(dma_stm32_v2.c.obj)
 .text.LL_DMA_ClearFlag_HT6
                0x00000000080048c6        0xa zephyr/drivers/dma/libdrivers__dma.a(dma_stm32_v2.c.obj)
 .text.LL_DMA_ClearFlag_HT7
                0x00000000080048d0        0xa zephyr/drivers/dma/libdrivers__dma.a(dma_stm32_v2.c.obj)
 .text.LL_DMA_ClearFlag_TE1
                0x00000000080048da        0xa zephyr/drivers/dma/libdrivers__dma.a(dma_stm32_v2.c.obj)
 .text.LL_DMA_ClearFlag_TE2
                0x00000000080048e4        0xa zephyr/drivers/dma/libdrivers__dma.a(dma_stm32_v2.c.obj)
 .text.LL_DMA_ClearFlag_TE3
                0x00000000080048ee        0xa zephyr/drivers/dma/libdrivers__dma.a(dma_stm32_v2.c.obj)
 .text.LL_DMA_ClearFlag_TE4
                0x00000000080048f8        0xa zephyr/drivers/dma/libdrivers__dma.a(dma_stm32_v2.c.obj)
 .text.LL_DMA_ClearFlag_TE5
                0x0000000008004902        0xa zephyr/drivers/dma/libdrivers__dma.a(dma_stm32_v2.c.obj)
 .text.LL_DMA_ClearFlag_TE6
                0x000000000800490c        0xa zephyr/drivers/dma/libdrivers__dma.a(dma_stm32_v2.c.obj)
 .text.LL_DMA_ClearFlag_TE7
                0x0000000008004916        0xa zephyr/drivers/dma/libdrivers__dma.a(dma_stm32_v2.c.obj)
 .text.stm32_dma_dump_stream_irq
                0x0000000008004920        0x2 zephyr/drivers/dma/libdrivers__dma.a(dma_stm32_v2.c.obj)
                0x0000000008004920                stm32_dma_dump_stream_irq
 .text.stm32_dma_clear_stream_irq
                0x0000000008004922        0x8 zephyr/drivers/dma/libdrivers__dma.a(dma_stm32_v2.c.obj)
                0x0000000008004922                stm32_dma_clear_stream_irq
 .text.stm32_dma_is_unexpected_irq_happened
                0x000000000800492a        0x4 zephyr/drivers/dma/libdrivers__dma.a(dma_stm32_v2.c.obj)
                0x000000000800492a                stm32_dma_is_unexpected_irq_happened
 .text.gpio_stm32_isr
                0x000000000800492e       0x3a zephyr/drivers/gpio/libdrivers__gpio.a(gpio_stm32.c.obj)
 .text.gpio_stm32_flags_to_conf
                0x0000000008004968       0x76 zephyr/drivers/gpio/libdrivers__gpio.a(gpio_stm32.c.obj)
 .text.gpio_stm32_port_get_raw
                0x00000000080049de        0xc zephyr/drivers/gpio/libdrivers__gpio.a(gpio_stm32.c.obj)
 .text.gpio_stm32_port_set_masked_raw
                0x00000000080049ea       0x12 zephyr/drivers/gpio/libdrivers__gpio.a(gpio_stm32.c.obj)
 .text.gpio_stm32_port_set_bits_raw
                0x00000000080049fc        0xa zephyr/drivers/gpio/libdrivers__gpio.a(gpio_stm32.c.obj)
 .text.gpio_stm32_port_clear_bits_raw
                0x0000000008004a06        0xa zephyr/drivers/gpio/libdrivers__gpio.a(gpio_stm32.c.obj)
 .text.gpio_stm32_port_toggle_bits
                0x0000000008004a10        0xe zephyr/drivers/gpio/libdrivers__gpio.a(gpio_stm32.c.obj)
 .text.gpio_stm32_manage_callback
                0x0000000008004a1e       0x72 zephyr/drivers/gpio/libdrivers__gpio.a(gpio_stm32.c.obj)
 .text.gpio_stm32_configure
                0x0000000008004a90      0x148 zephyr/drivers/gpio/libdrivers__gpio.a(gpio_stm32.c.obj)
                0x0000000008004a90                gpio_stm32_configure
 .text.gpio_stm32_config
                0x0000000008004bd8       0x52 zephyr/drivers/gpio/libdrivers__gpio.a(gpio_stm32.c.obj)
 .text.gpio_stm32_init
                0x0000000008004c2a        0xe zephyr/drivers/gpio/libdrivers__gpio.a(gpio_stm32.c.obj)
 .text.flash_get_page_info
                0x0000000008004c38       0x6a zephyr/drivers/flash/libdrivers__flash.a(flash_page_layout.c.obj)
 .text.z_impl_flash_get_page_info_by_offs
                0x0000000008004ca2        0xc zephyr/drivers/flash/libdrivers__flash.a(flash_page_layout.c.obj)
                0x0000000008004ca2                z_impl_flash_get_page_info_by_offs
 .text.flash_page_foreach
                0x0000000008004cae       0x56 zephyr/drivers/flash/libdrivers__flash.a(flash_page_layout.c.obj)
                0x0000000008004cae                flash_page_foreach
 .text.flash_stm32_check_status
                0x0000000008004d04       0x16 zephyr/drivers/flash/libdrivers__flash.a(flash_stm32.c.obj)
 .text.flash_stm32_read
                0x0000000008004d1a       0x2e zephyr/drivers/flash/libdrivers__flash.a(flash_stm32.c.obj)
 .text.flash_stm32_check_configuration
                0x0000000008004d48        0x4 zephyr/drivers/flash/libdrivers__flash.a(flash_stm32.c.obj)
                0x0000000008004d48                flash_stm32_check_configuration
 .text.flash_stm32_wait_flash_idle
                0x0000000008004d4c       0x52 zephyr/drivers/flash/libdrivers__flash.a(flash_stm32.c.obj)
                0x0000000008004d4c                flash_stm32_wait_flash_idle
 .text.flash_stm32_erase
                0x0000000008004d9e       0x60 zephyr/drivers/flash/libdrivers__flash.a(flash_stm32.c.obj)
 .text.flash_stm32_write
                0x0000000008004dfe       0x6e zephyr/drivers/flash/libdrivers__flash.a(flash_stm32.c.obj)
 .text.get_page
                0x0000000008004e6c        0x4 zephyr/drivers/flash/libdrivers__flash.a(flash_stm32_v1.c.obj)
 .text.is_flash_locked
                0x0000000008004e70        0x8 zephyr/drivers/flash/libdrivers__flash.a(flash_stm32_v1.c.obj)
 .text.write_disable
                0x0000000008004e78        0xa zephyr/drivers/flash/libdrivers__flash.a(flash_stm32_v1.c.obj)
 .text.erase_page_begin
                0x0000000008004e82       0x20 zephyr/drivers/flash/libdrivers__flash.a(flash_stm32_v1.c.obj)
 .text.erase_page_end
                0x0000000008004ea2       0x12 zephyr/drivers/flash/libdrivers__flash.a(flash_stm32_v1.c.obj)
 .text.write_value
                0x0000000008004eb4       0x4e zephyr/drivers/flash/libdrivers__flash.a(flash_stm32_v1.c.obj)
 .text.flash_stm32_valid_range
                0x0000000008004f02       0x54 zephyr/drivers/flash/libdrivers__flash.a(flash_stm32_v1.c.obj)
                0x0000000008004f02                flash_stm32_valid_range
 .text.flash_stm32_block_erase_loop
                0x0000000008004f56       0x62 zephyr/drivers/flash/libdrivers__flash.a(flash_stm32_v1.c.obj)
                0x0000000008004f56                flash_stm32_block_erase_loop
 .text.flash_stm32_write_range
                0x0000000008004fb8       0x42 zephyr/drivers/flash/libdrivers__flash.a(flash_stm32_v1.c.obj)
                0x0000000008004fb8                flash_stm32_write_range
 .text.uart_stm32_config_get
                0x0000000008004ffa       0x92 zephyr/drivers/serial/libdrivers__serial.a(uart_stm32.c.obj)
 .text.uart_stm32_poll_in
                0x000000000800508c       0x48 zephyr/drivers/serial/libdrivers__serial.a(uart_stm32.c.obj)
 .text.uart_stm32_poll_out
                0x00000000080050d4       0x10 zephyr/drivers/serial/libdrivers__serial.a(uart_stm32.c.obj)
 .text.uart_stm32_err_check
                0x00000000080050e4       0x6e zephyr/drivers/serial/libdrivers__serial.a(uart_stm32.c.obj)
 .text.uart_stm32_async_callback_set
                0x0000000008005152        0xa zephyr/drivers/serial/libdrivers__serial.a(uart_stm32.c.obj)
 .text.uart_stm32_async_rx_buf_rsp
                0x000000000800515c        0xe zephyr/drivers/serial/libdrivers__serial.a(uart_stm32.c.obj)
 .text.uart_stm32_dma_tx_cb
                0x000000000800516a       0x5c zephyr/drivers/serial/libdrivers__serial.a(uart_stm32.c.obj)
                0x000000000800516a                uart_stm32_dma_tx_cb
 .text.uart_stm32_irq_config_func_0
                0x00000000080051c6       0x14 zephyr/drivers/serial/libdrivers__serial.a(uart_stm32.c.obj)
 .text.uart_stm32_irq_config_func_1
                0x00000000080051da       0x14 zephyr/drivers/serial/libdrivers__serial.a(uart_stm32.c.obj)
 .text.uart_stm32_async_tx
                0x00000000080051ee       0xbe zephyr/drivers/serial/libdrivers__serial.a(uart_stm32.c.obj)
 .text.uart_stm32_async_tx_abort
                0x00000000080052ac       0x7e zephyr/drivers/serial/libdrivers__serial.a(uart_stm32.c.obj)
 .text.uart_stm32_async_tx_timeout
                0x000000000800532a        0xe zephyr/drivers/serial/libdrivers__serial.a(uart_stm32.c.obj)
 .text.uart_stm32_dma_replace_buffer
                0x0000000008005338       0x72 zephyr/drivers/serial/libdrivers__serial.a(uart_stm32.c.obj)
 .text.uart_stm32_async_rx_enable
                0x00000000080053aa       0xc0 zephyr/drivers/serial/libdrivers__serial.a(uart_stm32.c.obj)
 .text.uart_stm32_dma_rx_cb
                0x000000000800546a       0xba zephyr/drivers/serial/libdrivers__serial.a(uart_stm32.c.obj)
                0x000000000800546a                uart_stm32_dma_rx_cb
 .text.uart_stm32_dma_rx_flush
                0x0000000008005524       0x5e zephyr/drivers/serial/libdrivers__serial.a(uart_stm32.c.obj)
 .text.uart_stm32_async_rx_disable
                0x0000000008005582       0x9a zephyr/drivers/serial/libdrivers__serial.a(uart_stm32.c.obj)
 .text.uart_stm32_async_rx_timeout
                0x000000000800561c       0x20 zephyr/drivers/serial/libdrivers__serial.a(uart_stm32.c.obj)
 .text.uart_stm32_isr
                0x000000000800563c       0xba zephyr/drivers/serial/libdrivers__serial.a(uart_stm32.c.obj)
 .text.z_device_ready
                0x00000000080056f6       0x1a zephyr/kernel/libkernel.a(device.c.obj)
                0x00000000080056f6                z_device_ready
 .text.arch_system_halt
                0x0000000008005710       0x12 zephyr/kernel/libkernel.a(fatal.c.obj)
                0x0000000008005710                arch_system_halt
 .text.k_sys_fatal_error_handler
                0x0000000008005722        0x6 zephyr/kernel/libkernel.a(fatal.c.obj)
                0x0000000008005722                k_sys_fatal_error_handler
 .text.z_fatal_error
                0x0000000008005728       0x34 zephyr/kernel/libkernel.a(fatal.c.obj)
                0x0000000008005728                z_fatal_error
 .text.setup_thread_stack
                0x000000000800575c       0x1e zephyr/kernel/libkernel.a(thread.c.obj)
 .text.k_is_in_isr
                0x000000000800577a        0xc zephyr/kernel/libkernel.a(thread.c.obj)
                0x000000000800577a                k_is_in_isr
 .text.z_impl_k_thread_name_set
                0x0000000008005786        0x6 zephyr/kernel/libkernel.a(thread.c.obj)
                0x0000000008005786                z_impl_k_thread_name_set
 .text.z_impl_k_thread_start
                0x000000000800578c        0x8 zephyr/kernel/libkernel.a(thread.c.obj)
                0x000000000800578c                z_impl_k_thread_start
 .text.z_init_thread_base
                0x0000000008005794       0x16 zephyr/kernel/libkernel.a(thread.c.obj)
                0x0000000008005794                z_init_thread_base
 .text.z_impl_k_thread_create
                0x00000000080057aa       0x44 zephyr/kernel/libkernel.a(thread.c.obj)
                0x00000000080057aa                z_impl_k_thread_create
 .text.idle     0x00000000080057ee       0x18 zephyr/kernel/libkernel.a(idle.c.obj)
                0x00000000080057ee                idle
 .text.z_impl_k_sem_init
                0x0000000008005806       0x1e zephyr/kernel/libkernel.a(sem.c.obj)
                0x0000000008005806                z_impl_k_sem_init
 .text.cancel_async_locked
                0x0000000008005824       0x72 zephyr/kernel/libkernel.a(work.c.obj)
 .text.work_timeout
                0x0000000008005896       0x46 zephyr/kernel/libkernel.a(work.c.obj)
 .text.cancel_delayable_async_locked
                0x00000000080058dc       0x22 zephyr/kernel/libkernel.a(work.c.obj)
 .text.k_work_init_delayable
                0x00000000080058fe       0x18 zephyr/kernel/libkernel.a(work.c.obj)
                0x00000000080058fe                k_work_init_delayable
 .text.k_work_reschedule_for_queue
                0x0000000008005916       0x4c zephyr/kernel/libkernel.a(work.c.obj)
                0x0000000008005916                k_work_reschedule_for_queue
 .text.k_work_cancel_delayable
                0x0000000008005962       0x20 zephyr/kernel/libkernel.a(work.c.obj)
                0x0000000008005962                k_work_cancel_delayable
 .text.thread_active_elsewhere
                0x0000000008005982        0x4 zephyr/kernel/libkernel.a(sched.c.obj)
 .text.pended_on_thread
                0x0000000008005986        0x4 zephyr/kernel/libkernel.a(sched.c.obj)
 .text.z_sched_prio_cmp
                0x000000000800598a       0x14 zephyr/kernel/libkernel.a(sched.c.obj)
                0x000000000800598a                z_sched_prio_cmp
 .text.z_reschedule_irqlock
                0x000000000800599e       0x2a zephyr/kernel/libkernel.a(sched.c.obj)
                0x000000000800599e                z_reschedule_irqlock
 .text.z_priq_dumb_remove
                0x00000000080059c8       0x10 zephyr/kernel/libkernel.a(sched.c.obj)
                0x00000000080059c8                z_priq_dumb_remove
 .text.z_priq_dumb_best
                0x00000000080059d8        0xe zephyr/kernel/libkernel.a(sched.c.obj)
                0x00000000080059d8                z_priq_dumb_best
 .text.z_ready_thread
                0x00000000080059e6       0x38 zephyr/kernel/libkernel.a(sched.c.obj)
                0x00000000080059e6                z_ready_thread
 .text.z_thread_timeout
                0x0000000008005a1e       0x70 zephyr/kernel/libkernel.a(sched.c.obj)
                0x0000000008005a1e                z_thread_timeout
 .text.add_to_waitq_locked
                0x0000000008005a8e       0x54 zephyr/kernel/libkernel.a(sched.c.obj)
 .text.pend     0x0000000008005ae2       0x44 zephyr/kernel/libkernel.a(sched.c.obj)
 .text.z_unpend_first_thread
                0x0000000008005b26       0x56 zephyr/kernel/libkernel.a(sched.c.obj)
                0x0000000008005b26                z_unpend_first_thread
 .text.z_sched_wake
                0x0000000008005b7c       0x6e zephyr/kernel/libkernel.a(sched.c.obj)
                0x0000000008005b7c                z_sched_wake
 .text.remove_timeout
                0x0000000008005bea       0x2e zephyr/kernel/libkernel.a(timeout.c.obj)
 .text.z_abort_timeout
                0x0000000008005c18       0x3c zephyr/kernel/libkernel.a(timeout.c.obj)
                0x0000000008005c18                z_abort_timeout
 .text.z_set_timeout_expiry
                0x0000000008005c54       0x56 zephyr/kernel/libkernel.a(timeout.c.obj)
                0x0000000008005c54                z_set_timeout_expiry
 .text.sys_clock_tick_get_32
                0x0000000008005caa        0x8 zephyr/kernel/libkernel.a(timeout.c.obj)
                0x0000000008005caa                sys_clock_tick_get_32
 .text.z_impl_k_uptime_ticks
                0x0000000008005cb2        0x8 zephyr/kernel/libkernel.a(timeout.c.obj)
                0x0000000008005cb2                z_impl_k_uptime_ticks
 *(SORT_BY_ALIGNMENT(.TEXT.*))
 *(SORT_BY_ALIGNMENT(.gnu.linkonce.t.*))
 *(SORT_BY_ALIGNMENT(.glue_7t))
 .glue_7t       0x0000000008005cba        0x0 linker stubs
 *(SORT_BY_ALIGNMENT(.glue_7))
 .glue_7        0x0000000008005cba        0x0 linker stubs
 *(SORT_BY_ALIGNMENT(.vfp11_veneer))
 .vfp11_veneer  0x0000000008005cba        0x0 linker stubs
 *(SORT_BY_ALIGNMENT(.v4_bx))
 .v4_bx         0x0000000008005cba        0x0 linker stubs
                0x0000000008005cba                __text_region_end = .

.ARM.extab
 *(SORT_BY_ALIGNMENT(.ARM.extab*) SORT_BY_ALIGNMENT(.gnu.linkonce.armextab.*))

.ARM.exidx      0x0000000008005cbc        0x8
                0x0000000008005cbc                __exidx_start = .
 *(SORT_BY_ALIGNMENT(.ARM.exidx*) SORT_BY_ALIGNMENT(gnu.linkonce.armexidx.*))
 .ARM.exidx     0x0000000008005cbc        0x8 /opt/zephyr-sdk/arm-zephyr-eabi/bin/../lib/gcc/arm-zephyr-eabi/10.3.0/thumb/v7-m/nofp/libgcc.a(_udivmoddi4.o)
                0x0000000008005cc4                __exidx_end = .
                0x0000000008005cc4                __rodata_region_start = .

initlevel       0x0000000008005cc4       0x88
                0x0000000008005cc4                __init_start = .
                0x0000000008005cc4                __init_PRE_KERNEL_1_start = .
 *(SORT_BY_NAME(SORT_BY_ALIGNMENT(.z_init_PRE_KERNEL_1[0-9]_*)))
 .z_init_PRE_KERNEL_10_
                0x0000000008005cc4        0x8 zephyr/libzephyr.a(soc.c.obj)
 .z_init_PRE_KERNEL_11_
                0x0000000008005ccc        0x8 zephyr/libzephyr.a(soc_config.c.obj)
 .z_init_PRE_KERNEL_11_
                0x0000000008005cd4        0x8 zephyr/drivers/clock_control/libdrivers__clock_control.a(clock_stm32_ll_common.c.obj)
 *(SORT_BY_NAME(SORT_BY_ALIGNMENT(.z_init_PRE_KERNEL_1[1-9][0-9]_*)))
 .z_init_PRE_KERNEL_140_
                0x0000000008005cdc        0x8 zephyr/drivers/dma/libdrivers__dma.a(dma_stm32.c.obj)
 .z_init_PRE_KERNEL_140_
                0x0000000008005ce4       0x30 zephyr/drivers/gpio/libdrivers__gpio.a(gpio_stm32.c.obj)
 .z_init_PRE_KERNEL_150_
                0x0000000008005d14        0x8 zephyr/drivers/interrupt_controller/libdrivers__interrupt_controller.a(intc_exti_stm32.c.obj)
 .z_init_PRE_KERNEL_150_
                0x0000000008005d1c       0x10 zephyr/drivers/serial/libdrivers__serial.a(uart_stm32.c.obj)
 .z_init_PRE_KERNEL_160_
                0x0000000008005d2c        0x8 zephyr/drivers/console/libdrivers__console.a(uart_console.c.obj)
                0x0000000008005d34                __init_PRE_KERNEL_2_start = .
 *(SORT_BY_NAME(SORT_BY_ALIGNMENT(.z_init_PRE_KERNEL_2[0-9]_*)))
 .z_init_PRE_KERNEL_20_
                0x0000000008005d34        0x8 zephyr/drivers/timer/libdrivers__timer.a(sys_clock_init.c.obj)
 *(SORT_BY_NAME(SORT_BY_ALIGNMENT(.z_init_PRE_KERNEL_2[1-9][0-9]_*)))
                0x0000000008005d3c                __init_POST_KERNEL_start = .
 *(SORT_BY_NAME(SORT_BY_ALIGNMENT(.z_init_POST_KERNEL[0-9]_*)))
 *(SORT_BY_NAME(SORT_BY_ALIGNMENT(.z_init_POST_KERNEL[1-9][0-9]_*)))
 .z_init_POST_KERNEL40_
                0x0000000008005d3c        0x8 zephyr/kernel/libkernel.a(system_work_q.c.obj)
 .z_init_POST_KERNEL50_
                0x0000000008005d44        0x8 zephyr/drivers/flash/libdrivers__flash.a(flash_stm32.c.obj)
                0x0000000008005d4c                __init_APPLICATION_start = .
 *(SORT_BY_NAME(SORT_BY_ALIGNMENT(.z_init_APPLICATION[0-9]_*)))
 *(SORT_BY_NAME(SORT_BY_ALIGNMENT(.z_init_APPLICATION[1-9][0-9]_*)))
                0x0000000008005d4c                __init_SMP_start = .
 *(SORT_BY_NAME(SORT_BY_ALIGNMENT(.z_init_SMP[0-9]_*)))
 *(SORT_BY_NAME(SORT_BY_ALIGNMENT(.z_init_SMP[1-9][0-9]_*)))
                0x0000000008005d4c                __init_end = .

devices         0x0000000008005d4c      0x138
                0x0000000008005d4c                __device_start = .
                0x0000000008005d4c                __device_PRE_KERNEL_1_start = .
 *(SORT_BY_NAME(SORT_BY_ALIGNMENT(.z_device_PRE_KERNEL_1[0-9]_*)))
 .z_device_PRE_KERNEL_11_
                0x0000000008005d4c       0x18 zephyr/drivers/clock_control/libdrivers__clock_control.a(clock_stm32_ll_common.c.obj)
                0x0000000008005d4c                __device_dts_ord_17
 *(SORT_BY_NAME(SORT_BY_ALIGNMENT(.z_device_PRE_KERNEL_1[1-9][0-9]_*)))
 .z_device_PRE_KERNEL_140_
                0x0000000008005d64       0x18 zephyr/drivers/dma/libdrivers__dma.a(dma_stm32.c.obj)
                0x0000000008005d64                __device_dts_ord_38
 .z_device_PRE_KERNEL_140_
                0x0000000008005d7c       0x90 zephyr/drivers/gpio/libdrivers__gpio.a(gpio_stm32.c.obj)
                0x0000000008005d7c                __device_dts_ord_81
                0x0000000008005d94                __device_dts_ord_80
                0x0000000008005dac                __device_dts_ord_79
                0x0000000008005dc4                __device_dts_ord_18
                0x0000000008005ddc                __device_dts_ord_78
                0x0000000008005df4                __device_dts_ord_21
 .z_device_PRE_KERNEL_150_
                0x0000000008005e0c       0x18 zephyr/drivers/interrupt_controller/libdrivers__interrupt_controller.a(intc_exti_stm32.c.obj)
                0x0000000008005e0c                __device_dts_ord_33
 .z_device_PRE_KERNEL_150_
                0x0000000008005e24       0x30 zephyr/drivers/serial/libdrivers__serial.a(uart_stm32.c.obj)
                0x0000000008005e24                __device_dts_ord_41
                0x0000000008005e3c                __device_dts_ord_37
                0x0000000008005e54                __device_PRE_KERNEL_2_start = .
 *(SORT_BY_NAME(SORT_BY_ALIGNMENT(.z_device_PRE_KERNEL_2[0-9]_*)))
 .z_device_PRE_KERNEL_20_
                0x0000000008005e54       0x18 zephyr/drivers/timer/libdrivers__timer.a(sys_clock_init.c.obj)
 *(SORT_BY_NAME(SORT_BY_ALIGNMENT(.z_device_PRE_KERNEL_2[1-9][0-9]_*)))
                0x0000000008005e6c                __device_POST_KERNEL_start = .
 *(SORT_BY_NAME(SORT_BY_ALIGNMENT(.z_device_POST_KERNEL[0-9]_*)))
 *(SORT_BY_NAME(SORT_BY_ALIGNMENT(.z_device_POST_KERNEL[1-9][0-9]_*)))
 .z_device_POST_KERNEL50_
                0x0000000008005e6c       0x18 zephyr/drivers/flash/libdrivers__flash.a(flash_stm32.c.obj)
                0x0000000008005e6c                __device_dts_ord_50
                0x0000000008005e84                __device_APPLICATION_start = .
 *(SORT_BY_NAME(SORT_BY_ALIGNMENT(.z_device_APPLICATION[0-9]_*)))
 *(SORT_BY_NAME(SORT_BY_ALIGNMENT(.z_device_APPLICATION[1-9][0-9]_*)))
                0x0000000008005e84                __device_SMP_start = .
 *(SORT_BY_NAME(SORT_BY_ALIGNMENT(.z_device_SMP[0-9]_*)))
 *(SORT_BY_NAME(SORT_BY_ALIGNMENT(.z_device_SMP[1-9][0-9]_*)))
                0x0000000008005e84                __device_end = .

sw_isr_table    0x0000000008005e84      0x1c8
                0x0000000008005e84                . = ALIGN (0x0)
 *(SORT_BY_ALIGNMENT(.gnu.linkonce.sw_isr_table*))
 .gnu.linkonce.sw_isr_table
                0x0000000008005e84      0x1c8 zephyr/CMakeFiles/zephyr_final.dir/isr_tables.c.obj
                0x0000000008005e84                _sw_isr_table

initlevel_error
                0x0000000008005cc4        0x0
 *(SORT_BY_NAME(SORT_BY_ALIGNMENT(.z_init_[_A-Z0-9]*)))
                0x0000000000000001                ASSERT ((SIZEOF (initlevel_error) == 0x0), Undefined initialization levels used.)

ctors           0x000000000800604c        0x8
                0x000000000800604c                . = ALIGN (0x4)
                0x000000000800604c                __CTOR_LIST__ = .
                0x000000000800604c        0x4 LONG 0x0 (((__CTOR_END__ - __CTOR_LIST__) / 0x4) - 0x2)
 *(SORT_BY_NAME(SORT_BY_ALIGNMENT(.ctors*)))
                0x0000000008006050        0x4 LONG 0x0
                0x0000000008006054                __CTOR_END__ = .

init_array      0x0000000008006054        0x0
                0x0000000008006054                . = ALIGN (0x4)
                0x0000000008006054                __init_array_start = .
 *(SORT_BY_NAME(SORT_BY_ALIGNMENT(.init_array*)))
                0x0000000008006054                __init_array_end = .

app_shmem_regions
                0x0000000008006054        0x0
                0x0000000008006054                __app_shmem_regions_start = .
 *(SORT_BY_NAME(SORT_BY_ALIGNMENT(.app_regions.*)))
                0x0000000008006054                __app_shmem_regions_end = .

bt_l2cap_fixed_chan_area
                0x0000000008006054        0x0
                0x0000000008006054                _bt_l2cap_fixed_chan_list_start = .
 *(SORT_BY_NAME(SORT_BY_ALIGNMENT(._bt_l2cap_fixed_chan.static.*)))
                0x0000000008006054                _bt_l2cap_fixed_chan_list_end = .

bt_gatt_service_static_area
                0x0000000008006054        0x0
                0x0000000008006054                _bt_gatt_service_static_list_start = .
 *(SORT_BY_NAME(SORT_BY_ALIGNMENT(._bt_gatt_service_static.static.*)))
                0x0000000008006054                _bt_gatt_service_static_list_end = .

k_p4wq_initparam_area
                0x0000000008006054        0x0
                0x0000000008006054                _k_p4wq_initparam_list_start = .
 *(SORT_BY_NAME(SORT_BY_ALIGNMENT(._k_p4wq_initparam.static.*)))
                0x0000000008006054                _k_p4wq_initparam_list_end = .

log_strings_sections
                0x0000000008006054        0x0
                0x0000000008006054                __log_strings_start = .
 *(SORT_BY_NAME(SORT_BY_ALIGNMENT(.log_strings*)))
                0x0000000008006054                __log_strings_end = .

log_const_sections
                0x0000000008006054        0x0
                0x0000000008006054                __log_const_start = .
 *(SORT_BY_NAME(SORT_BY_ALIGNMENT(.log_const_*)))
                0x0000000008006054                __log_const_end = .

log_backends_sections
                0x0000000008006054        0x0
                0x0000000008006054                __log_backends_start = .
 *(SORT_BY_ALIGNMENT(._log_backend.*))
                0x0000000008006054                __log_backends_end = .

shell_area      0x0000000008006054        0x0
                0x0000000008006054                _shell_list_start = .
 *(SORT_BY_NAME(SORT_BY_ALIGNMENT(._shell.static.*)))
                0x0000000008006054                _shell_list_end = .

shell_root_cmds_sections
                0x0000000008006054        0x0
                0x0000000008006054                __shell_root_cmds_start = .
 *(SORT_BY_NAME(SORT_BY_ALIGNMENT(.shell_root_cmd_*)))
                0x0000000008006054                __shell_root_cmds_end = .

font_entry_sections
                0x0000000008006054        0x0
                0x0000000008006054                __font_entry_start = .
 *(SORT_BY_NAME(SORT_BY_ALIGNMENT(._cfb_font.*)))
                0x0000000008006054                __font_entry_end = .

tracing_backend_area
                0x0000000008006054        0x0
                0x0000000008006054                _tracing_backend_list_start = .
 *(SORT_BY_NAME(SORT_BY_ALIGNMENT(._tracing_backend.static.*)))
                0x0000000008006054                _tracing_backend_list_end = .

zephyr_dbg_info
 *(SORT_BY_ALIGNMENT(.dbg_thread_info))

device_handles  0x0000000008006054       0x74
                0x0000000008006054                __device_handles_start = .
 *(SORT_BY_NAME(SORT_BY_ALIGNMENT(.__device_handles_pass2*)))
 .__device_handles_pass2
                0x0000000008006054       0x74 zephyr/CMakeFiles/zephyr_final.dir/dev_handles.c.obj
                0x0000000008006054                __devicehdl_DT_N_S_soc_S_flash_controller_40023c00
                0x000000000800605e                __devicehdl_sys_init_sys_clock_driver_init0
                0x0000000008006062                __devicehdl_DT_N_S_soc_S_serial_40004400
                0x0000000008006070                __devicehdl_DT_N_S_soc_S_serial_40004800
                0x0000000008006080                __devicehdl_DT_N_S_soc_S_interrupt_controller_40010400
                0x0000000008006086                __devicehdl_DT_N_S_soc_S_pin_controller_40020000_S_gpio_40020000
                0x000000000800608e                __devicehdl_DT_N_S_soc_S_pin_controller_40020000_S_gpio_40020400
                0x0000000008006096                __devicehdl_DT_N_S_soc_S_pin_controller_40020000_S_gpio_40020800
                0x000000000800609e                __devicehdl_DT_N_S_soc_S_pin_controller_40020000_S_gpio_40020c00
                0x00000000080060a6                __devicehdl_DT_N_S_soc_S_pin_controller_40020000_S_gpio_40021000
                0x00000000080060ae                __devicehdl_DT_N_S_soc_S_pin_controller_40020000_S_gpio_40021400
                0x00000000080060b6                __devicehdl_DT_N_S_soc_S_dma_40026000
                0x00000000080060c0                __devicehdl_DT_N_S_soc_S_rcc_40023800
                0x00000000080060c8                __device_handles_end = .

rodata          0x00000000080060c8      0x54c
 *(SORT_BY_ALIGNMENT(.rodata))
 .rodata        0x00000000080060c8        0x8 zephyr/drivers/gpio/libdrivers__gpio.a(gpio_stm32.c.obj)
 *(SORT_BY_ALIGNMENT(.rodata.*))
 .rodata.uart_config.str1.4
                0x00000000080060d0       0x1a app/libapp.a(main.c.obj)
 *fill*         0x00000000080060ea        0x2 
 .rodata.flash_config.str1.4
                0x00000000080060ec       0x27 app/libapp.a(main.c.obj)
 *fill*         0x0000000008006113        0x1 
 .rodata.load_image.str1.4
                0x0000000008006114       0x54 app/libapp.a(main.c.obj)
 .rodata.sync.str1.4
                0x0000000008006168       0x44 app/libapp.a(main.c.obj)
 .rodata.main.str1.4
                0x00000000080061ac       0x2f app/libapp.a(main.c.obj)
 *fill*         0x00000000080061db        0x1 
 .rodata.cbvprintf.str1.4
                0x00000000080061dc        0x6 zephyr/libzephyr.a(cbprintf_complete.c.obj)
 *fill*         0x00000000080061e2        0x2 
 .rodata.str1.4
                0x00000000080061e4        0xb zephyr/libzephyr.a(flash_map_default.c.obj)
 *fill*         0x00000000080061ef        0x1 
 .rodata.default_flash_map
                0x00000000080061f0       0x50 zephyr/libzephyr.a(flash_map_default.c.obj)
                0x00000000080061f0                default_flash_map
 .rodata.flash_map_entries
                0x0000000008006240        0x4 zephyr/libzephyr.a(flash_map_default.c.obj)
                0x0000000008006240                flash_map_entries
 .rodata.gpio_ports
                0x0000000008006244       0x2c zephyr/libzephyr.a(pinmux_stm32.c.obj)
                0x0000000008006244                gpio_ports
 .rodata.static_regions
                0x0000000008006270        0xc zephyr/arch/arch/arm/core/aarch32/mpu/libarch__arm__core__aarch32__mpu.a(arm_core_mpu.c.obj)
 .rodata.str1.4
                0x000000000800627c        0xf zephyr/soc/arm/common/cortex_m/libsoc__arm__common__cortex_m.a(arm_mpu_regions.c.obj)
 *fill*         0x000000000800628b        0x1 
 .rodata.mpu_config
                0x000000000800628c        0x8 zephyr/soc/arm/common/cortex_m/libsoc__arm__common__cortex_m.a(arm_mpu_regions.c.obj)
                0x000000000800628c                mpu_config
 .rodata.mpu_regions
                0x0000000008006294       0x18 zephyr/soc/arm/common/cortex_m/libsoc__arm__common__cortex_m.a(arm_mpu_regions.c.obj)
 .rodata.str1.4
                0x00000000080062ac       0x1e zephyr/drivers/interrupt_controller/libdrivers__interrupt_controller.a(intc_exti_stm32.c.obj)
 *fill*         0x00000000080062ca        0x2 
 .rodata.exti_irq_table
                0x00000000080062cc       0x10 zephyr/drivers/interrupt_controller/libdrivers__interrupt_controller.a(intc_exti_stm32.c.obj)
                0x00000000080062cc                exti_irq_table
 .rodata.str1.4
                0x00000000080062dc        0xd zephyr/drivers/clock_control/libdrivers__clock_control.a(clock_stm32_ll_common.c.obj)
 *fill*         0x00000000080062e9        0x3 
 .rodata.str1.4
                0x00000000080062ec        0x6 zephyr/drivers/dma/libdrivers__dma.a(dma_stm32.c.obj)
 *fill*         0x00000000080062f2        0x2 
 .rodata.CHANNEL_OFFSET_TAB
                0x00000000080062f4        0x7 zephyr/drivers/dma/libdrivers__dma.a(dma_stm32.c.obj)
 *fill*         0x00000000080062fb        0x1 
 .rodata.dma_funcs
                0x00000000080062fc       0x18 zephyr/drivers/dma/libdrivers__dma.a(dma_stm32.c.obj)
 .rodata.dma_stm32_config_0
                0x0000000008006314       0x1c zephyr/drivers/dma/libdrivers__dma.a(dma_stm32.c.obj)
                0x0000000008006314                dma_stm32_config_0
 .rodata.table_m_size
                0x0000000008006330        0xc zephyr/drivers/dma/libdrivers__dma.a(dma_stm32.c.obj)
 .rodata.table_p_size
                0x000000000800633c        0xc zephyr/drivers/dma/libdrivers__dma.a(dma_stm32.c.obj)
 .rodata.CHANNEL_OFFSET_TAB
                0x0000000008006348        0x7 zephyr/drivers/dma/libdrivers__dma.a(dma_stm32_v2.c.obj)
 *fill*         0x000000000800634f        0x1 
 .rodata.func.3
                0x0000000008006350       0x1c zephyr/drivers/dma/libdrivers__dma.a(dma_stm32_v2.c.obj)
 .rodata.func.4
                0x000000000800636c       0x1c zephyr/drivers/dma/libdrivers__dma.a(dma_stm32_v2.c.obj)
 .rodata.func.5
                0x0000000008006388       0x1c zephyr/drivers/dma/libdrivers__dma.a(dma_stm32_v2.c.obj)
 .rodata.func.6
                0x00000000080063a4       0x1c zephyr/drivers/dma/libdrivers__dma.a(dma_stm32_v2.c.obj)
 .rodata.func.7
                0x00000000080063c0       0x1c zephyr/drivers/dma/libdrivers__dma.a(dma_stm32_v2.c.obj)
 .rodata.stream_nr.8
                0x00000000080063dc       0x1c zephyr/drivers/dma/libdrivers__dma.a(dma_stm32_v2.c.obj)
 .rodata.str1.4
                0x00000000080063f8       0x2e zephyr/drivers/gpio/libdrivers__gpio.a(gpio_stm32.c.obj)
 *fill*         0x0000000008006426        0x2 
 .rodata.gpio_stm32_cfg_a
                0x0000000008006428       0x14 zephyr/drivers/gpio/libdrivers__gpio.a(gpio_stm32.c.obj)
 .rodata.gpio_stm32_cfg_b
                0x000000000800643c       0x14 zephyr/drivers/gpio/libdrivers__gpio.a(gpio_stm32.c.obj)
 .rodata.gpio_stm32_cfg_c
                0x0000000008006450       0x14 zephyr/drivers/gpio/libdrivers__gpio.a(gpio_stm32.c.obj)
 .rodata.gpio_stm32_cfg_d
                0x0000000008006464       0x14 zephyr/drivers/gpio/libdrivers__gpio.a(gpio_stm32.c.obj)
 .rodata.gpio_stm32_cfg_e
                0x0000000008006478       0x14 zephyr/drivers/gpio/libdrivers__gpio.a(gpio_stm32.c.obj)
 .rodata.gpio_stm32_cfg_h
                0x000000000800648c       0x14 zephyr/drivers/gpio/libdrivers__gpio.a(gpio_stm32.c.obj)
 .rodata.gpio_stm32_driver
                0x00000000080064a0       0x24 zephyr/drivers/gpio/libdrivers__gpio.a(gpio_stm32.c.obj)
 .rodata.str1.4
                0x00000000080064c4        0xb zephyr/drivers/flash/libdrivers__flash.a(flash_stm32.c.obj)
 .rodata.flash_stm32_api
                0x00000000080064c4       0x18 zephyr/drivers/flash/libdrivers__flash.a(flash_stm32.c.obj)
 .rodata.flash_stm32_parameters
                0x00000000080064dc        0x8 zephyr/drivers/flash/libdrivers__flash.a(flash_stm32.c.obj)
 .rodata.str1.4
                0x00000000080064e4        0x7 zephyr/drivers/serial/libdrivers__serial.a(uart_stm32.c.obj)
                                          0xf (size before relaxing)
 *fill*         0x00000000080064eb        0x1 
 .rodata.uart_pins_0
                0x00000000080064ec       0x10 zephyr/drivers/serial/libdrivers__serial.a(uart_stm32.c.obj)
 .rodata.uart_pins_1
                0x00000000080064fc       0x10 zephyr/drivers/serial/libdrivers__serial.a(uart_stm32.c.obj)
 .rodata.uart_stm32_cfg_0
                0x000000000800650c       0x24 zephyr/drivers/serial/libdrivers__serial.a(uart_stm32.c.obj)
 .rodata.uart_stm32_cfg_1
                0x0000000008006530       0x24 zephyr/drivers/serial/libdrivers__serial.a(uart_stm32.c.obj)
 .rodata.uart_stm32_driver_api
                0x0000000008006554       0x2c zephyr/drivers/serial/libdrivers__serial.a(uart_stm32.c.obj)
 .rodata.str1.4
                0x0000000008006580        0xa zephyr/drivers/timer/libdrivers__timer.a(sys_clock_init.c.obj)
 *fill*         0x000000000800658a        0x2 
 .rodata.AHBPrescTable
                0x000000000800658c       0x10 modules/stm32/stm32cube/lib..__modules__hal__stm32__stm32cube.a(system_stm32l1xx.c.obj)
                0x000000000800658c                AHBPrescTable
 .rodata.PLLMulTable
                0x000000000800659c        0x9 modules/stm32/stm32cube/lib..__modules__hal__stm32__stm32cube.a(system_stm32l1xx.c.obj)
                0x000000000800659c                PLLMulTable
 *fill*         0x00000000080065a5        0x3 
 .rodata.CHANNEL_OFFSET_TAB
                0x00000000080065a8        0x7 modules/stm32/stm32cube/lib..__modules__hal__stm32__stm32cube.a(stm32l1xx_ll_dma.c.obj)
 *fill*         0x00000000080065af        0x1 
 .rodata.levels.0
                0x00000000080065b0       0x14 zephyr/kernel/libkernel.a(device.c.obj)
 .rodata._k_neg_eagain
                0x00000000080065c4        0x4 zephyr/kernel/libkernel.a(errno.c.obj)
                0x00000000080065c4                _k_neg_eagain
 .rodata.prepare_multithreading.str1.4
                0x00000000080065c8        0x5 zephyr/kernel/libkernel.a(init.c.obj)
 *fill*         0x00000000080065cd        0x3 
 .rodata.boot_banner.str1.4
                0x00000000080065d0       0x37 zephyr/kernel/libkernel.a(banner.c.obj)
                                         0x3b (size before relaxing)
 *fill*         0x0000000008006607        0x1 
 .rodata.k_sys_work_q_init.str1.4
                0x0000000008006608        0x9 zephyr/kernel/libkernel.a(system_work_q.c.obj)
 *(SORT_BY_ALIGNMENT(.gnu.linkonce.r.*))
                0x0000000008006614                . = ALIGN (0x4)
 *fill*         0x0000000008006611        0x3 

.gcc_except_table
 *(SORT_BY_ALIGNMENT(.gcc_except_table) SORT_BY_ALIGNMENT(.gcc_except_table.*))
                0x0000000008006614                __rodata_region_end = .
                0x0000000008006620                . = ALIGN (_region_min_align)
                0x0000000008008000                . = ALIGN ((0x1 << ((__rodata_region_end - __rom_region_start) <= 0x4)?0x2:((__rodata_region_end - __rom_region_start) <= 0x8)?0x3:((__rodata_region_end - __rom_region_start) <= 0x10)?0x4:((__rodata_region_end - __rom_region_start) <= 0x20)?0x5:((__rodata_region_end - __rom_region_start) <= 0x40)?0x6:((__rodata_region_end - __rom_region_start) <= 0x80)?0x7:((__rodata_region_end - __rom_region_start) <= 0x100)?0x8:((__rodata_region_end - __rom_region_start) <= 0x200)?0x9:((__rodata_region_end - __rom_region_start) <= 0x400)?0xa:((__rodata_region_end - __rom_region_start) <= 0x800)?0xb:((__rodata_region_end - __rom_region_start) <= 0x1000)?0xc:((__rodata_region_end - __rom_region_start) <= 0x2000)?0xd:((__rodata_region_end - __rom_region_start) <= 0x4000)?0xe:((__rodata_region_end - __rom_region_start) <= 0x8000)?0xf:((__rodata_region_end - __rom_region_start) <= 0x10000)?0x10:((__rodata_region_end - __rom_region_start) <= 0x20000)?0x11:((__rodata_region_end - __rom_region_start) <= 0x40000)?0x12:((__rodata_region_end - __rom_region_start) <= 0x80000)?0x13:((__rodata_region_end - __rom_region_start) <= 0x100000)?0x14:((__rodata_region_end - __rom_region_start) <= 0x200000)?0x15:((__rodata_region_end - __rom_region_start) <= 0x400000)?0x16:((__rodata_region_end - __rom_region_start) <= 0x800000)?0x17:((__rodata_region_end - __rom_region_start) <= 0x1000000)?0x18:((__rodata_region_end - __rom_region_start) <= 0x2000000)?0x19:((__rodata_region_end - __rom_region_start) <= 0x4000000)?0x1a:((__rodata_region_end - __rom_region_start) <= 0x8000000)?0x1b:((__rodata_region_end - __rom_region_start) <= 0x10000000)?0x1c:((__rodata_region_end - __rom_region_start) <= 0x20000000)?0x1d:((__rodata_region_end - __rom_region_start) <= 0x40000000)?0x1e:((__rodata_region_end - __rom_region_start) <= 0x80000000)?0x1f:0x20))
                0x0000000008008000                __rom_region_end = .
                0x0000000020000000                . = 0x20000000
                0x0000000020000000                . = ALIGN (_region_min_align)
                0x0000000020000000                _image_ram_start = .

.ramfunc        0x0000000020000000        0x0 load address 0x0000000008006614
                0x0000000020000000                . = ALIGN (_region_min_align)
                0x0000000020000000                . = ALIGN ((0x1 << (__ramfunc_size <= 0x4)?0x2:(__ramfunc_size <= 0x8)?0x3:(__ramfunc_size <= 0x10)?0x4:(__ramfunc_size <= 0x20)?0x5:(__ramfunc_size <= 0x40)?0x6:(__ramfunc_size <= 0x80)?0x7:(__ramfunc_size <= 0x100)?0x8:(__ramfunc_size <= 0x200)?0x9:(__ramfunc_size <= 0x400)?0xa:(__ramfunc_size <= 0x800)?0xb:(__ramfunc_size <= 0x1000)?0xc:(__ramfunc_size <= 0x2000)?0xd:(__ramfunc_size <= 0x4000)?0xe:(__ramfunc_size <= 0x8000)?0xf:(__ramfunc_size <= 0x10000)?0x10:(__ramfunc_size <= 0x20000)?0x11:(__ramfunc_size <= 0x40000)?0x12:(__ramfunc_size <= 0x80000)?0x13:(__ramfunc_size <= 0x100000)?0x14:(__ramfunc_size <= 0x200000)?0x15:(__ramfunc_size <= 0x400000)?0x16:(__ramfunc_size <= 0x800000)?0x17:(__ramfunc_size <= 0x1000000)?0x18:(__ramfunc_size <= 0x2000000)?0x19:(__ramfunc_size <= 0x4000000)?0x1a:(__ramfunc_size <= 0x8000000)?0x1b:(__ramfunc_size <= 0x10000000)?0x1c:(__ramfunc_size <= 0x20000000)?0x1d:(__ramfunc_size <= 0x40000000)?0x1e:(__ramfunc_size <= 0x80000000)?0x1f:0x20))
                0x0000000020000000                __ramfunc_start = .
 *(SORT_BY_ALIGNMENT(.ramfunc))
 *(SORT_BY_ALIGNMENT(.ramfunc.*))
                0x0000000020000000                . = ALIGN (_region_min_align)
                0x0000000020000000                . = ALIGN ((0x1 << (__ramfunc_size <= 0x4)?0x2:(__ramfunc_size <= 0x8)?0x3:(__ramfunc_size <= 0x10)?0x4:(__ramfunc_size <= 0x20)?0x5:(__ramfunc_size <= 0x40)?0x6:(__ramfunc_size <= 0x80)?0x7:(__ramfunc_size <= 0x100)?0x8:(__ramfunc_size <= 0x200)?0x9:(__ramfunc_size <= 0x400)?0xa:(__ramfunc_size <= 0x800)?0xb:(__ramfunc_size <= 0x1000)?0xc:(__ramfunc_size <= 0x2000)?0xd:(__ramfunc_size <= 0x4000)?0xe:(__ramfunc_size <= 0x8000)?0xf:(__ramfunc_size <= 0x10000)?0x10:(__ramfunc_size <= 0x20000)?0x11:(__ramfunc_size <= 0x40000)?0x12:(__ramfunc_size <= 0x80000)?0x13:(__ramfunc_size <= 0x100000)?0x14:(__ramfunc_size <= 0x200000)?0x15:(__ramfunc_size <= 0x400000)?0x16:(__ramfunc_size <= 0x800000)?0x17:(__ramfunc_size <= 0x1000000)?0x18:(__ramfunc_size <= 0x2000000)?0x19:(__ramfunc_size <= 0x4000000)?0x1a:(__ramfunc_size <= 0x8000000)?0x1b:(__ramfunc_size <= 0x10000000)?0x1c:(__ramfunc_size <= 0x20000000)?0x1d:(__ramfunc_size <= 0x40000000)?0x1e:(__ramfunc_size <= 0x80000000)?0x1f:0x20))
                0x0000000020000000                __ramfunc_end = .
                0x0000000000000000                __ramfunc_size = (__ramfunc_end - __ramfunc_start)
                0x0000000008006614                __ramfunc_load_start = LOADADDR (.ramfunc)

datas           0x0000000020000000      0x2e8 load address 0x0000000008006614
                0x0000000020000000                __data_region_start = .
                0x0000000020000000                __data_start = .
 *(SORT_BY_ALIGNMENT(.data))
 *(SORT_BY_ALIGNMENT(.data.*))
 .data.uart_stm32_data_0
                0x0000000020000000      0x150 zephyr/drivers/serial/libdrivers__serial.a(uart_stm32.c.obj)
 .data.uart_stm32_data_1
                0x0000000020000150      0x150 zephyr/drivers/serial/libdrivers__serial.a(uart_stm32.c.obj)
 .data._char_out
                0x00000000200002a0        0x4 zephyr/libzephyr.a(printk.c.obj)
                0x00000000200002a0                _char_out
 .data.flash_map
                0x00000000200002a4        0x4 zephyr/libzephyr.a(flash_map_default.c.obj)
                0x00000000200002a4                flash_map
 .data._stdout_hook
                0x00000000200002a8        0x4 zephyr/lib/libc/minimal/liblib__libc__minimal.a(stdout_console.c.obj)
 .data.stm32_clock_control_api
                0x00000000200002ac       0x14 zephyr/drivers/clock_control/libdrivers__clock_control.a(clock_stm32_ll_common.c.obj)
 .data.flash_data
                0x00000000200002c0       0x1c zephyr/drivers/flash/libdrivers__flash.a(flash_stm32.c.obj)
 .data.SystemCoreClock
                0x00000000200002dc        0x4 modules/stm32/stm32cube/lib..__modules__hal__stm32__stm32cube.a(system_stm32l1xx.c.obj)
                0x00000000200002dc                SystemCoreClock
 .data.timeout_list
                0x00000000200002e0        0x8 zephyr/kernel/libkernel.a(timeout.c.obj)
 *(SORT_BY_ALIGNMENT(.kernel.*))
                0x00000000200002e8                __data_end = .
                0x00000000000002e8                __data_size = (__data_end - __data_start)
                0x0000000008006614                __data_load_start = LOADADDR (datas)
                0x0000000008006614                __data_region_load_start = LOADADDR (datas)

device_states   0x00000000200002e8       0x34 load address 0x00000000080068fc
                0x00000000200002e8                __device_states_start = .
 *(SORT_BY_ALIGNMENT(.z_devstate))
 .z_devstate    0x00000000200002e8        0x4 zephyr/drivers/interrupt_controller/libdrivers__interrupt_controller.a(intc_exti_stm32.c.obj)
 .z_devstate    0x00000000200002ec        0x4 zephyr/drivers/clock_control/libdrivers__clock_control.a(clock_stm32_ll_common.c.obj)
 .z_devstate    0x00000000200002f0        0x4 zephyr/drivers/dma/libdrivers__dma.a(dma_stm32.c.obj)
 .z_devstate    0x00000000200002f4       0x18 zephyr/drivers/gpio/libdrivers__gpio.a(gpio_stm32.c.obj)
 .z_devstate    0x000000002000030c        0x4 zephyr/drivers/flash/libdrivers__flash.a(flash_stm32.c.obj)
 .z_devstate    0x0000000020000310        0x8 zephyr/drivers/serial/libdrivers__serial.a(uart_stm32.c.obj)
 .z_devstate    0x0000000020000318        0x4 zephyr/drivers/timer/libdrivers__timer.a(sys_clock_init.c.obj)
 *(SORT_BY_ALIGNMENT(.z_devstate.*))
                0x000000002000031c                __device_states_end = .

initshell       0x000000002000031c        0x0 load address 0x0000000008006930
                0x000000002000031c                __shell_module_start = .
 *(SORT_BY_ALIGNMENT(.shell_module_*))
                0x000000002000031c                __shell_module_end = .
                0x000000002000031c                __shell_cmd_start = .
 *(SORT_BY_ALIGNMENT(.shell_cmd_*))
                0x000000002000031c                __shell_cmd_end = .

log_dynamic_sections
                0x000000002000031c        0x0 load address 0x0000000008006930
                0x000000002000031c                __log_dynamic_start = .
 *(SORT_BY_NAME(SORT_BY_ALIGNMENT(.log_dynamic_*)))
                0x000000002000031c                __log_dynamic_end = .

_static_thread_data_area
                0x000000002000031c        0x0 load address 0x0000000008006930
                0x000000002000031c                __static_thread_data_list_start = .
 *(SORT_BY_NAME(SORT_BY_ALIGNMENT(.__static_thread_data.static.*)))
                0x000000002000031c                __static_thread_data_list_end = .

k_timer_area    0x000000002000031c        0x0 load address 0x0000000008006930
                0x000000002000031c                _k_timer_list_start = .
 *(SORT_BY_NAME(SORT_BY_ALIGNMENT(._k_timer.static.*)))
                0x000000002000031c                _k_timer_list_end = .

k_mem_slab_area
                0x000000002000031c        0x0 load address 0x0000000008006930
                0x000000002000031c                _k_mem_slab_list_start = .
 *(SORT_BY_NAME(SORT_BY_ALIGNMENT(._k_mem_slab.static.*)))
                0x000000002000031c                _k_mem_slab_list_end = .

k_mem_pool_area
                0x000000002000031c        0x0 load address 0x0000000008006930
                0x000000002000031c                _k_mem_pool_list_start = .
 *(SORT_BY_NAME(SORT_BY_ALIGNMENT(._k_mem_pool.static.*)))
                0x000000002000031c                _k_mem_pool_list_end = .

k_heap_area     0x000000002000031c        0x0 load address 0x0000000008006930
                0x000000002000031c                _k_heap_list_start = .
 *(SORT_BY_NAME(SORT_BY_ALIGNMENT(._k_heap.static.*)))
                0x000000002000031c                _k_heap_list_end = .

k_mutex_area    0x000000002000031c        0x0 load address 0x0000000008006930
                0x000000002000031c                _k_mutex_list_start = .
 *(SORT_BY_NAME(SORT_BY_ALIGNMENT(._k_mutex.static.*)))
                0x000000002000031c                _k_mutex_list_end = .

k_stack_area    0x000000002000031c        0x0 load address 0x0000000008006930
                0x000000002000031c                _k_stack_list_start = .
 *(SORT_BY_NAME(SORT_BY_ALIGNMENT(._k_stack.static.*)))
                0x000000002000031c                _k_stack_list_end = .

k_msgq_area     0x000000002000031c        0x0 load address 0x0000000008006930
                0x000000002000031c                _k_msgq_list_start = .
 *(SORT_BY_NAME(SORT_BY_ALIGNMENT(._k_msgq.static.*)))
                0x000000002000031c                _k_msgq_list_end = .

k_mbox_area     0x000000002000031c        0x0 load address 0x0000000008006930
                0x000000002000031c                _k_mbox_list_start = .
 *(SORT_BY_NAME(SORT_BY_ALIGNMENT(._k_mbox.static.*)))
                0x000000002000031c                _k_mbox_list_end = .

k_pipe_area     0x000000002000031c        0x0 load address 0x0000000008006930
                0x000000002000031c                _k_pipe_list_start = .
 *(SORT_BY_NAME(SORT_BY_ALIGNMENT(._k_pipe.static.*)))
                0x000000002000031c                _k_pipe_list_end = .

k_sem_area      0x000000002000031c        0x0 load address 0x0000000008006930