Archive member included to satisfy reference by file (symbol)

app/libapp.a(main.c.obj)      (--whole-archive)
zephyr/libzephyr.a(cbprintf.c.obj)
                              (--whole-archive)
zephyr/libzephyr.a(cbprintf_packaged.c.obj)
                              (--whole-archive)
zephyr/libzephyr.a(crc32c_sw.c.obj)
                              (--whole-archive)
zephyr/libzephyr.a(crc32_sw.c.obj)
                              (--whole-archive)
zephyr/libzephyr.a(crc16_sw.c.obj)
                              (--whole-archive)
zephyr/libzephyr.a(crc8_sw.c.obj)
                              (--whole-archive)
zephyr/libzephyr.a(crc7_sw.c.obj)
                              (--whole-archive)
zephyr/libzephyr.a(dec.c.obj)
                              (--whole-archive)
zephyr/libzephyr.a(fdtable.c.obj)
                              (--whole-archive)
zephyr/libzephyr.a(hex.c.obj)
                              (--whole-archive)
zephyr/libzephyr.a(notify.c.obj)
                              (--whole-archive)
zephyr/libzephyr.a(printk.c.obj)
                              (--whole-archive)
zephyr/libzephyr.a(onoff.c.obj)
                              (--whole-archive)
zephyr/libzephyr.a(rb.c.obj)  (--whole-archive)
zephyr/libzephyr.a(sem.c.obj)
                              (--whole-archive)
zephyr/libzephyr.a(thread_entry.c.obj)
                              (--whole-archive)
zephyr/libzephyr.a(timeutil.c.obj)
                              (--whole-archive)
zephyr/libzephyr.a(heap.c.obj)
                              (--whole-archive)
zephyr/libzephyr.a(heap-validate.c.obj)
                              (--whole-archive)
zephyr/libzephyr.a(bitarray.c.obj)
                              (--whole-archive)
zephyr/libzephyr.a(cbprintf_complete.c.obj)
                              (--whole-archive)
zephyr/libzephyr.a(configs.c.obj)
                              (--whole-archive)
zephyr/libzephyr.a(soc.c.obj)
                              (--whole-archive)
zephyr/libzephyr.a(stm32cube_hal.c.obj)
                              (--whole-archive)
zephyr/libzephyr.a(soc_config.c.obj)
                              (--whole-archive)
zephyr/libzephyr.a(cpp_init.c.obj)
                              (--whole-archive)
zephyr/libzephyr.a(cpp_init_array.c.obj)
                              (--whole-archive)
zephyr/libzephyr.a(cpp_ctors.c.obj)
                              (--whole-archive)
zephyr/libzephyr.a(cpp_dtors.c.obj)
                              (--whole-archive)
zephyr/libzephyr.a(flash_img.c.obj)
                              (--whole-archive)
zephyr/libzephyr.a(flash_map.c.obj)
                              (--whole-archive)
zephyr/libzephyr.a(flash_map_default.c.obj)
                              (--whole-archive)
zephyr/libzephyr.a(stream_flash.c.obj)
                              (--whole-archive)
zephyr/libzephyr.a(tracing_none.c.obj)
                              (--whole-archive)
zephyr/libzephyr.a(pinmux_stm32.c.obj)
                              (--whole-archive)
zephyr/arch/common/libarch__common.a(sw_isr_common.c.obj)
                              (--whole-archive)
zephyr/arch/arch/arm/core/aarch32/libarch__arm__core__aarch32.a(cpu_idle.S.obj)
                              (--whole-archive)
zephyr/arch/arch/arm/core/aarch32/libarch__arm__core__aarch32.a(fatal.c.obj)
                              (--whole-archive)
zephyr/arch/arch/arm/core/aarch32/libarch__arm__core__aarch32.a(irq_manage.c.obj)
                              (--whole-archive)
zephyr/arch/arch/arm/core/aarch32/libarch__arm__core__aarch32.a(nmi.c.obj)
                              (--whole-archive)
zephyr/arch/arch/arm/core/aarch32/libarch__arm__core__aarch32.a(nmi_on_reset.S.obj)
                              (--whole-archive)
zephyr/arch/arch/arm/core/aarch32/libarch__arm__core__aarch32.a(prep_c.c.obj)
                              (--whole-archive)
zephyr/arch/arch/arm/core/aarch32/libarch__arm__core__aarch32.a(swap.c.obj)
                              (--whole-archive)
zephyr/arch/arch/arm/core/aarch32/libarch__arm__core__aarch32.a(swap_helper.S.obj)
                              (--whole-archive)
zephyr/arch/arch/arm/core/aarch32/libarch__arm__core__aarch32.a(thread.c.obj)
                              (--whole-archive)
zephyr/arch/arch/arm/core/aarch32/libarch__arm__core__aarch32.a(isr_wrapper.S.obj)
                              (--whole-archive)
zephyr/arch/arch/arm/core/aarch32/libarch__arm__core__aarch32.a(__aeabi_atexit.c.obj)
                              (--whole-archive)
zephyr/arch/arch/arm/core/aarch32/cortex_m/libarch__arm__core__aarch32__cortex_m.a(exc_exit.S.obj)
                              (--whole-archive)
zephyr/arch/arch/arm/core/aarch32/cortex_m/libarch__arm__core__aarch32__cortex_m.a(fault.c.obj)
                              (--whole-archive)
zephyr/arch/arch/arm/core/aarch32/cortex_m/libarch__arm__core__aarch32__cortex_m.a(fault_s.S.obj)
                              (--whole-archive)
[...]
Memory Configuration

Name             Origin             Length             Attributes
FLASH            0x0000000008000000 0x0000000000080000 xr
SRAM             0x0000000020000000 0x0000000000014000 xw
IDT_LIST         0x00000000fffff7ff 0x0000000000000800 xw
*default*        0x0000000000000000 0xffffffffffffffff

Linker script and memory map

LOAD zephyr/CMakeFiles/zephyr_prebuilt.dir/misc/empty_file.c.obj
LOAD zephyr/CMakeFiles/offsets.dir/./arch/arm/core/offsets/offsets.c.obj
                0x0000000000000020                _region_min_align = 0x20

.rel.plt        0x0000000008000000        0x0
 *(SORT_BY_ALIGNMENT(.rel.plt))
                [!provide]                        PROVIDE (__rel_iplt_start = .)
 *(SORT_BY_ALIGNMENT(.rel.iplt))
 .rel.iplt      0x0000000008000000        0x0 app/libapp.a(main.c.obj)
                [!provide]                        PROVIDE (__rel_iplt_end = .)

.rela.plt       0x0000000000000000        0x0
 *(SORT_BY_ALIGNMENT(.rela.plt))
                [!provide]                        PROVIDE (__rela_iplt_start = .)
 *(SORT_BY_ALIGNMENT(.rela.iplt))
                [!provide]                        PROVIDE (__rela_iplt_end = .)

.rel.dyn
 *(SORT_BY_ALIGNMENT(.rel.*))

.rela.dyn
 *(SORT_BY_ALIGNMENT(.rela.*))

/DISCARD/
 *(SORT_BY_ALIGNMENT(.plt))
 *(SORT_BY_ALIGNMENT(.iplt))
 *(SORT_BY_ALIGNMENT(.got.plt))
 *(SORT_BY_ALIGNMENT(.igot.plt))
 *(SORT_BY_ALIGNMENT(.got))
 *(SORT_BY_ALIGNMENT(.igot))
 *(SORT_BY_ALIGNMENT(.note.GNU-stack))
                0x0000000008000000                __rom_region_start = 0x8000000

rom_start       0x0000000008000000      0x124
                0x0000000000000000                . = 0x0
                0x0000000000000000                . = ALIGN (0x4)
                0x0000000000000000                . = ALIGN (0x80)
                0x0000000000000000                . = ALIGN (0x200)
                0x0000000008000000                _vector_start = .
 *(SORT_BY_ALIGNMENT(.exc_vector_table))
 *(SORT_BY_ALIGNMENT(.exc_vector_table.*))
 .exc_vector_table._vector_table_section
                0x0000000008000000       0x40 zephyr/arch/arch/arm/core/aarch32/cortex_m/libarch__arm__core__aarch32__cortex_m.a(vector_table.S.obj)
                0x0000000008000000                _vector_table
 *(SORT_BY_ALIGNMENT(.gnu.linkonce.irq_vector_table*))
 .gnu.linkonce.irq_vector_table
                0x0000000008000040       0xe4 zephyr/arch/common/libisr_tables.a(isr_tables.c.obj)
                0x0000000008000040                _irq_vector_table
 *(SORT_BY_ALIGNMENT(.vectors))
                0x0000000008000124                _vector_end = .

text            0x0000000008000124     0x58ce
                0x0000000008000124                __text_region_start = .
 *(SORT_BY_ALIGNMENT(.text))
 .text          0x0000000008000124       0x30 /opt/zephyr-sdk/arm-zephyr-eabi/bin/../lib/gcc/arm-zephyr-eabi/10.3.0/thumb/v7-m/nofp/libgcc.a(_aeabi_uldivmod.o)
                0x0000000008000124                __aeabi_uldivmod
 .text          0x0000000008000154        0x4 /opt/zephyr-sdk/arm-zephyr-eabi/bin/../lib/gcc/arm-zephyr-eabi/10.3.0/thumb/v7-m/nofp/libgcc.a(_dvmd_tls.o)
                0x0000000008000154                __aeabi_ldiv0
                0x0000000008000154                __aeabi_idiv0
 .text          0x0000000008000158      0x2a6 /opt/zephyr-sdk/arm-zephyr-eabi/bin/../lib/gcc/arm-zephyr-eabi/10.3.0/thumb/v7-m/nofp/libgcc.a(_udivmoddi4.o)
                0x0000000008000158                __udivmoddi4
 *(SORT_BY_ALIGNMENT(.text.*))
 *fill*         0x00000000080003fe        0x2 
 .text.event_cb
                0x0000000008000400       0x1c app/libapp.a(main.c.obj)
 .text.uart_config
                0x000000000800041c       0x58 app/libapp.a(main.c.obj)
                0x000000000800041c                uart_config
 .text.load_image
                0x0000000008000474       0x8c app/libapp.a(main.c.obj)
                0x0000000008000474                load_image
 .text.main     0x0000000008000500       0xc4 app/libapp.a(main.c.obj)
                0x0000000008000500                main
 .text.char_out
                0x00000000080005c4       0x14 zephyr/libzephyr.a(printk.c.obj)
 .text.__printk_hook_install
                0x00000000080005d8        0xc zephyr/libzephyr.a(printk.c.obj)
                0x00000000080005d8                __printk_hook_install
 .text.vprintk  0x00000000080005e4       0x20 zephyr/libzephyr.a(printk.c.obj)
                0x00000000080005e4                vprintk
 .text.extract_conversion
                0x0000000008000604      0x314 zephyr/libzephyr.a(cbprintf_complete.c.obj)
 .text.cbvprintf
                0x0000000008000918      0x5d0 zephyr/libzephyr.a(cbprintf_complete.c.obj)
                0x0000000008000918                cbvprintf
 .text.stm32l1_init
                0x0000000008000ee8       0x58 zephyr/libzephyr.a(soc.c.obj)
 .text.__do_init_array_aux
                0x0000000008000f40       0x1c zephyr/libzephyr.a(cpp_init_array.c.obj)
                0x0000000008000f40                __do_init_array_aux
 .text.__do_global_ctors_aux
                0x0000000008000f5c       0x20 zephyr/libzephyr.a(cpp_ctors.c.obj)
                0x0000000008000f5c                __do_global_ctors_aux
 .text.stm32_pin_configure
                0x0000000008000f7c       0x4c zephyr/libzephyr.a(pinmux_stm32.c.obj)
 .text.z_arm_cpu_idle_init
                0x0000000008000fc8        0xc zephyr/arch/arch/arm/core/aarch32/libarch__arm__core__aarch32.a(cpu_idle.S.obj)
                0x0000000008000fc8                z_arm_cpu_idle_init
 .text.arch_cpu_idle
                0x0000000008000fd4       0x1c zephyr/arch/arch/arm/core/aarch32/libarch__arm__core__aarch32.a(cpu_idle.S.obj)
                0x0000000008000fd4                arch_cpu_idle
 .text.arch_irq_enable
                0x0000000008000ff0       0x1c zephyr/arch/arch/arm/core/aarch32/libarch__arm__core__aarch32.a(irq_manage.c.obj)
                0x0000000008000ff0                arch_irq_enable
 .text.z_arm_irq_priority_set
                0x000000000800100c       0x2c zephyr/arch/arch/arm/core/aarch32/libarch__arm__core__aarch32.a(irq_manage.c.obj)
                0x000000000800100c                z_arm_irq_priority_set
 .text.z_SysNmiOnReset
                0x0000000008001038        0x8 zephyr/arch/arch/arm/core/aarch32/libarch__arm__core__aarch32.a(nmi_on_reset.S.obj)
                0x0000000008001038                z_SysNmiOnReset
 .text.z_arm_prep_c
                0x0000000008001040       0x30 zephyr/arch/arch/arm/core/aarch32/libarch__arm__core__aarch32.a(prep_c.c.obj)
                0x0000000008001040                z_arm_prep_c
 .text.arch_swap
                0x0000000008001070       0x34 zephyr/arch/arch/arm/core/aarch32/libarch__arm__core__aarch32.a(swap.c.obj)
                0x0000000008001070                arch_swap
 .text.z_arm_pendsv
                0x00000000080010a4       0x54 zephyr/arch/arch/arm/core/aarch32/libarch__arm__core__aarch32.a(swap_helper.S.obj)
                0x00000000080010a4                z_arm_pendsv
 .text.z_arm_svc
                0x00000000080010f8       0x20 zephyr/arch/arch/arm/core/aarch32/libarch__arm__core__aarch32.a(swap_helper.S.obj)
                0x00000000080010f8                z_arm_svc
 .text.arch_new_thread
                0x0000000008001118       0x40 zephyr/arch/arch/arm/core/aarch32/libarch__arm__core__aarch32.a(thread.c.obj)
                0x0000000008001118                arch_new_thread
 .text.z_check_thread_stack_fail
                0x0000000008001158       0x4c zephyr/arch/arch/arm/core/aarch32/libarch__arm__core__aarch32.a(thread.c.obj)
                0x0000000008001158                z_check_thread_stack_fail
 .text.arch_switch_to_main_thread
                0x00000000080011a4       0x2c zephyr/arch/arch/arm/core/aarch32/libarch__arm__core__aarch32.a(thread.c.obj)
                0x00000000080011a4                arch_switch_to_main_thread
 .text._isr_wrapper
                0x00000000080011d0       0x28 zephyr/arch/arch/arm/core/aarch32/libarch__arm__core__aarch32.a(isr_wrapper.S.obj)
                0x00000000080011d0                _isr_wrapper
 .text._HandlerModeExit
                0x00000000080011f8       0x1c zephyr/arch/arch/arm/core/aarch32/cortex_m/libarch__arm__core__aarch32__cortex_m.a(exc_exit.S.obj)
                0x00000000080011f8                z_arm_exc_exit
                0x00000000080011f8                z_arm_int_exit
 .text.bus_fault
                0x0000000008001214       0x48 zephyr/arch/arch/arm/core/aarch32/cortex_m/libarch__arm__core__aarch32__cortex_m.a(fault.c.obj)
 .text.usage_fault
                0x000000000800125c       0x24 zephyr/arch/arch/arm/core/aarch32/cortex_m/libarch__arm__core__aarch32__cortex_m.a(fault.c.obj)
 .text.mem_manage_fault
                0x0000000008001280       0x88 zephyr/arch/arch/arm/core/aarch32/cortex_m/libarch__arm__core__aarch32__cortex_m.a(fault.c.obj)
 .text.hard_fault
                0x0000000008001308       0x7c zephyr/arch/arch/arm/core/aarch32/cortex_m/libarch__arm__core__aarch32__cortex_m.a(fault.c.obj)
 .text.z_arm_fault
                0x0000000008001384       0x94 zephyr/arch/arch/arm/core/aarch32/cortex_m/libarch__arm__core__aarch32__cortex_m.a(fault.c.obj)
                0x0000000008001384                z_arm_fault
 .text.z_arm_fault_init
                0x0000000008001418       0x10 zephyr/arch/arch/arm/core/aarch32/cortex_m/libarch__arm__core__aarch32__cortex_m.a(fault.c.obj)
                0x0000000008001418                z_arm_fault_init
 .text.__fault  0x0000000008001428       0x14 zephyr/arch/arch/arm/core/aarch32/cortex_m/libarch__arm__core__aarch32__cortex_m.a(fault_s.S.obj)
                0x0000000008001428                z_arm_bus_fault
                0x0000000008001428                z_arm_usage_fault
                0x0000000008001428                z_arm_mpu_fault
                0x0000000008001428                z_arm_exc_spurious
                0x0000000008001428                z_arm_debug_monitor
                0x0000000008001428                z_arm_hard_fault
 .text.z_arm_interrupt_init
                0x000000000800143c       0x34 zephyr/arch/arch/arm/core/aarch32/cortex_m/libarch__arm__core__aarch32__cortex_m.a(irq_init.c.obj)
                0x000000000800143c                z_arm_interrupt_init
 .text._reset_section
                0x0000000008001470       0x2c zephyr/arch/arch/arm/core/aarch32/cortex_m/libarch__arm__core__aarch32__cortex_m.a(reset.S.obj)
                0x0000000008001470                z_arm_reset
                0x0000000008001470                __start
 .text.z_impl_k_thread_abort
                0x000000000800149c       0x2c zephyr/arch/arch/arm/core/aarch32/cortex_m/libarch__arm__core__aarch32__cortex_m.a(thread_abort.c.obj)
                0x000000000800149c                z_impl_k_thread_abort
 .text.z_arm_configure_static_mpu_regions
                0x00000000080014c8       0x1c zephyr/arch/arch/arm/core/aarch32/mpu/libarch__arm__core__aarch32__mpu.a(arm_core_mpu.c.obj)
                0x00000000080014c8                z_arm_configure_static_mpu_regions
 .text.z_arm_configure_dynamic_mpu_regions
                0x00000000080014e4       0x24 zephyr/arch/arch/arm/core/aarch32/mpu/libarch__arm__core__aarch32__mpu.a(arm_core_mpu.c.obj)
                0x00000000080014e4                z_arm_configure_dynamic_mpu_regions
 .text.region_init
                0x0000000008001508       0x28 zephyr/arch/arch/arm/core/aarch32/mpu/libarch__arm__core__aarch32__mpu.a(arm_mpu.c.obj)
 .text.mpu_configure_static_mpu_regions
                0x0000000008001530       0x14 zephyr/arch/arch/arm/core/aarch32/mpu/libarch__arm__core__aarch32__mpu.a(arm_mpu.c.obj)
 .text.mpu_configure_dynamic_mpu_regions
                0x0000000008001544       0x34 zephyr/arch/arch/arm/core/aarch32/mpu/libarch__arm__core__aarch32__mpu.a(arm_mpu.c.obj)
 .text.arm_core_mpu_enable
                0x0000000008001578       0x18 zephyr/arch/arch/arm/core/aarch32/mpu/libarch__arm__core__aarch32__mpu.a(arm_mpu.c.obj)
                0x0000000008001578                arm_core_mpu_enable
 .text.arm_core_mpu_disable
                0x0000000008001590       0x14 zephyr/arch/arch/arm/core/aarch32/mpu/libarch__arm__core__aarch32__mpu.a(arm_mpu.c.obj)
                0x0000000008001590                arm_core_mpu_disable
 .text.z_arm_mpu_init
                0x00000000080015a4       0x44 zephyr/arch/arch/arm/core/aarch32/mpu/libarch__arm__core__aarch32__mpu.a(arm_mpu.c.obj)
                0x00000000080015a4                z_arm_mpu_init
 .text.__stdout_hook_install
                0x00000000080015e8        0xc zephyr/lib/libc/minimal/liblib__libc__minimal.a(stdout_console.c.obj)
                0x00000000080015e8                __stdout_hook_install
 .text.__stm32_exti_isr
                0x00000000080015f4       0x40 zephyr/drivers/interrupt_controller/libdrivers__interrupt_controller.a(intc_exti_stm32.c.obj)
 .text.stm32_exti_enable
                0x0000000008001634       0x20 zephyr/drivers/interrupt_controller/libdrivers__interrupt_controller.a(intc_exti_stm32.c.obj)
                0x0000000008001634                stm32_exti_enable
 .text.stm32_exti_disable
                0x0000000008001654       0x18 zephyr/drivers/interrupt_controller/libdrivers__interrupt_controller.a(intc_exti_stm32.c.obj)
                0x0000000008001654                stm32_exti_disable
 .text.stm32_exti_trigger
                0x000000000800166c       0x70 zephyr/drivers/interrupt_controller/libdrivers__interrupt_controller.a(intc_exti_stm32.c.obj)
                0x000000000800166c                stm32_exti_trigger
 .text.stm32_exti_set_callback
                0x00000000080016dc       0x24 zephyr/drivers/interrupt_controller/libdrivers__interrupt_controller.a(intc_exti_stm32.c.obj)
                0x00000000080016dc                stm32_exti_set_callback
 .text.stm32_exti_unset_callback
                0x0000000008001700       0x14 zephyr/drivers/interrupt_controller/libdrivers__interrupt_controller.a(intc_exti_stm32.c.obj)
                0x0000000008001700                stm32_exti_unset_callback
 .text.stm32_clock_control_on
                0x0000000008001714       0x5c zephyr/drivers/clock_control/libdrivers__clock_control.a(clock_stm32_ll_common.c.obj)
 .text.stm32_clock_control_off
                0x0000000008001770       0x48 zephyr/drivers/clock_control/libdrivers__clock_control.a(clock_stm32_ll_common.c.obj)
 .text.stm32_clock_control_get_subsys_rate
                0x00000000080017b8       0x40 zephyr/drivers/clock_control/libdrivers__clock_control.a(clock_stm32_ll_common.c.obj)
 .text.stm32_clock_switch_to_hsi
                0x00000000080017f8       0x48 zephyr/drivers/clock_control/libdrivers__clock_control.a(clock_stm32_ll_common.c.obj)
 .text.stm32_clock_control_init
                0x0000000008001840       0x48 zephyr/drivers/clock_control/libdrivers__clock_control.a(clock_stm32_ll_common.c.obj)
                0x0000000008001840                stm32_clock_control_init
 .text.config_enable_default_clocks
                0x0000000008001888       0x20 zephyr/drivers/clock_control/libdrivers__clock_control.a(clock_stm32l0_l1.c.obj)
                0x0000000008001888                config_enable_default_clocks
 .text.console_out
                0x00000000080018a8       0x2c zephyr/drivers/console/libdrivers__console.a(uart_console.c.obj)
 .text.uart_console_hook_install
                0x00000000080018d4       0x18 zephyr/drivers/console/libdrivers__console.a(uart_console.c.obj)
 .text.uart_console_init
                0x00000000080018ec       0x30 zephyr/drivers/console/libdrivers__console.a(uart_console.c.obj)
 .text.dma_stm32_get_status
                0x000000000800191c       0x4c zephyr/drivers/dma/libdrivers__dma.a(dma_stm32.c.obj)
 .text.dma_stm32_stop
                0x0000000008001968       0x50 zephyr/drivers/dma/libdrivers__dma.a(dma_stm32.c.obj)
 .text.dma_stm32_reload
                0x00000000080019b8       0xf8 zephyr/drivers/dma/libdrivers__dma.a(dma_stm32.c.obj)
 .text.dma_stm32_configure
                0x0000000008001ab0      0x25c zephyr/drivers/dma/libdrivers__dma.a(dma_stm32.c.obj)
 .text.dma_stm32_init
                0x0000000008001d0c       0x60 zephyr/drivers/dma/libdrivers__dma.a(dma_stm32.c.obj)
 .text.dma_stm32_id_to_stream
                0x0000000008001d6c        0xc zephyr/drivers/dma/libdrivers__dma.a(dma_stm32_v2.c.obj)
                0x0000000008001d6c                dma_stm32_id_to_stream
 .text.dma_stm32_clear_ht
                0x0000000008001d78       0x10 zephyr/drivers/dma/libdrivers__dma.a(dma_stm32_v2.c.obj)
                0x0000000008001d78                dma_stm32_clear_ht
 .text.dma_stm32_clear_tc
                0x0000000008001d88       0x10 zephyr/drivers/dma/libdrivers__dma.a(dma_stm32_v2.c.obj)
                0x0000000008001d88                dma_stm32_clear_tc
 .text.dma_stm32_is_ht_active
                0x0000000008001d98       0x18 zephyr/drivers/dma/libdrivers__dma.a(dma_stm32_v2.c.obj)
                0x0000000008001d98                dma_stm32_is_ht_active
 .text.dma_stm32_is_tc_active
                0x0000000008001db0       0x18 zephyr/drivers/dma/libdrivers__dma.a(dma_stm32_v2.c.obj)
                0x0000000008001db0                dma_stm32_is_tc_active
 .text.dma_stm32_clear_te
                0x0000000008001dc8       0x10 zephyr/drivers/dma/libdrivers__dma.a(dma_stm32_v2.c.obj)
                0x0000000008001dc8                dma_stm32_clear_te
 .text.stm32_dma_is_tc_irq_active
                0x0000000008001dd8       0x34 zephyr/drivers/dma/libdrivers__dma.a(dma_stm32_v2.c.obj)
                0x0000000008001dd8                stm32_dma_is_tc_irq_active
 .text.stm32_dma_is_ht_irq_active
                0x0000000008001e0c       0x34 zephyr/drivers/dma/libdrivers__dma.a(dma_stm32_v2.c.obj)
                0x0000000008001e0c                stm32_dma_is_ht_irq_active
 .text.stm32_dma_enable_stream
                0x0000000008001e40       0x20 zephyr/drivers/dma/libdrivers__dma.a(dma_stm32_v2.c.obj)
                0x0000000008001e40                stm32_dma_enable_stream
 .text.stm32_dma_disable_stream
                0x0000000008001e60       0x30 zephyr/drivers/dma/libdrivers__dma.a(dma_stm32_v2.c.obj)
                0x0000000008001e60                stm32_dma_disable_stream
 .text.gpio_stm32_set_exti_source
                0x0000000008001e90       0x5c zephyr/drivers/gpio/libdrivers__gpio.a(gpio_stm32.c.obj)
 .text.gpio_stm32_get_exti_source
                0x0000000008001eec       0x4c zephyr/drivers/gpio/libdrivers__gpio.a(gpio_stm32.c.obj)
 .text.gpio_stm32_enable_int
                0x0000000008001f38       0x48 zephyr/drivers/gpio/libdrivers__gpio.a(gpio_stm32.c.obj)
 .text.gpio_stm32_pin_interrupt_configure
                0x0000000008001f80       0x94 zephyr/drivers/gpio/libdrivers__gpio.a(gpio_stm32.c.obj)
 .text.gpio_stm32_clock_request
                0x0000000008002014       0x44 zephyr/drivers/gpio/libdrivers__gpio.a(gpio_stm32.c.obj)
                0x0000000008002014                gpio_stm32_clock_request
 .text.flash_stm32_get_parameters
                0x0000000008002058        0x8 zephyr/drivers/flash/libdrivers__flash.a(flash_stm32.c.obj)
 .text.flash_stm32_write_protection
                0x0000000008002060       0x7c zephyr/drivers/flash/libdrivers__flash.a(flash_stm32.c.obj)
 .text.stm32_flash_init
                0x00000000080020dc       0x64 zephyr/drivers/flash/libdrivers__flash.a(flash_stm32.c.obj)
 .text.flash_stm32_page_layout
                0x0000000008002140       0x24 zephyr/drivers/flash/libdrivers__flash.a(flash_stm32_v1.c.obj)
                0x0000000008002140                flash_stm32_page_layout
 .text.uart_stm32_configure
                0x0000000008002164      0x228 zephyr/drivers/serial/libdrivers__serial.a(uart_stm32.c.obj)
 .text.uart_stm32_async_init
                0x000000000800238c      0x18c zephyr/drivers/serial/libdrivers__serial.a(uart_stm32.c.obj)
 .text.uart_stm32_init
                0x0000000008002518      0x14c zephyr/drivers/serial/libdrivers__serial.a(uart_stm32.c.obj)
 .text.elapsed  0x0000000008002664       0x3c zephyr/drivers/timer/libdrivers__timer.a(cortex_m_systick.c.obj)
 .text.sys_clock_isr
                0x00000000080026a0       0x48 zephyr/drivers/timer/libdrivers__timer.a(cortex_m_systick.c.obj)
                0x00000000080026a0                sys_clock_isr
 .text.sys_clock_driver_init
                0x00000000080026e8       0x34 zephyr/drivers/timer/libdrivers__timer.a(cortex_m_systick.c.obj)
                0x00000000080026e8                sys_clock_driver_init
 .text.sys_clock_set_timeout
                0x000000000800271c      0x100 zephyr/drivers/timer/libdrivers__timer.a(cortex_m_systick.c.obj)
                0x000000000800271c                sys_clock_set_timeout
 .text.sys_clock_elapsed
                0x000000000800281c       0x40 zephyr/drivers/timer/libdrivers__timer.a(cortex_m_systick.c.obj)
                0x000000000800281c                sys_clock_elapsed
 .text.LL_DMA_Init
                0x000000000800285c       0x60 modules/stm32/stm32cube/lib..__modules__hal__stm32__stm32cube.a(stm32l1xx_ll_dma.c.obj)
                0x000000000800285c                LL_DMA_Init
 .text.UTILS_GetPLLOutputFrequency
                0x00000000080028bc       0x1c modules/stm32/stm32cube/lib..__modules__hal__stm32__stm32cube.a(stm32l1xx_ll_utils.c.obj)
 .text.UTILS_PLL_IsBusy
                0x00000000080028d8       0x18 modules/stm32/stm32cube/lib..__modules__hal__stm32__stm32cube.a(stm32l1xx_ll_utils.c.obj)
 .text.LL_SetSystemCoreClock
                0x00000000080028f0        0xc modules/stm32/stm32cube/lib..__modules__hal__stm32__stm32cube.a(stm32l1xx_ll_utils.c.obj)
                0x00000000080028f0                LL_SetSystemCoreClock
 .text.LL_SetFlashLatency
                0x00000000080028fc       0x88 modules/stm32/stm32cube/lib..__modules__hal__stm32__stm32cube.a(stm32l1xx_ll_utils.c.obj)
                0x00000000080028fc                LL_SetFlashLatency
 .text.UTILS_EnablePLLAndSwitchSystem
                0x0000000008002984       0xa8 modules/stm32/stm32cube/lib..__modules__hal__stm32__stm32cube.a(stm32l1xx_ll_utils.c.obj)
 .text.LL_PLL_ConfigSystemClock_HSI
                0x0000000008002a2c       0x58 modules/stm32/stm32cube/lib..__modules__hal__stm32__stm32cube.a(stm32l1xx_ll_utils.c.obj)
                0x0000000008002a2c                LL_PLL_ConfigSystemClock_HSI
 .text.z_device_state_init
                0x0000000008002a84       0x18 zephyr/kernel/libkernel.a(device.c.obj)
                0x0000000008002a84                z_device_state_init
 .text.z_sys_init_run_level
                0x0000000008002a9c       0x50 zephyr/kernel/libkernel.a(device.c.obj)
                0x0000000008002a9c                z_sys_init_run_level
 .text.z_impl_device_get_binding
                0x0000000008002aec       0x64 zephyr/kernel/libkernel.a(device.c.obj)
                0x0000000008002aec                z_impl_device_get_binding
 .text.init_idle_thread
                0x0000000008002b50       0x58 zephyr/kernel/libkernel.a(init.c.obj)
 .text.prepare_multithreading
                0x0000000008002ba8       0x94 zephyr/kernel/libkernel.a(init.c.obj)
 .text.bg_thread_main
                0x0000000008002c3c       0x38 zephyr/kernel/libkernel.a(init.c.obj)
 .text.switch_to_main_thread
                0x0000000008002c74       0x14 zephyr/kernel/libkernel.a(init.c.obj)
 .text.z_bss_zero
                0x0000000008002c88       0x18 zephyr/kernel/libkernel.a(init.c.obj)
                0x0000000008002c88                z_bss_zero
 .text.z_cstart
                0x0000000008002ca0       0x80 zephyr/kernel/libkernel.a(init.c.obj)
                0x0000000008002ca0                z_cstart
 .text.schedule_new_thread
                0x0000000008002d20       0x1c zephyr/kernel/libkernel.a(thread.c.obj)
 .text.z_setup_new_thread
                0x0000000008002d3c       0x60 zephyr/kernel/libkernel.a(thread.c.obj)
                0x0000000008002d3c                z_setup_new_thread
 .text.z_init_static_threads
                0x0000000008002d9c       0x84 zephyr/kernel/libkernel.a(thread.c.obj)
                0x0000000008002d9c                z_init_static_threads
 .text.z_impl_k_sem_give
                0x0000000008002e20       0x44 zephyr/kernel/libkernel.a(sem.c.obj)
                0x0000000008002e20                z_impl_k_sem_give
 .text.z_impl_k_sem_take
                0x0000000008002e64       0x50 zephyr/kernel/libkernel.a(sem.c.obj)
                0x0000000008002e64                z_impl_k_sem_take
 .text.submit_to_queue_locked
                0x0000000008002eb4       0xd8 zephyr/kernel/libkernel.a(work.c.obj)
 .text.schedule_for_queue_locked
                0x0000000008002f8c       0x34 zephyr/kernel/libkernel.a(work.c.obj)
 .text.finalize_cancel_locked
                0x0000000008002fc0       0x7c zephyr/kernel/libkernel.a(work.c.obj)
 .text.work_queue_main
                0x000000000800303c       0xf0 zephyr/kernel/libkernel.a(work.c.obj)
 .text.k_work_queue_start
                0x000000000800312c       0x7c zephyr/kernel/libkernel.a(work.c.obj)
                0x000000000800312c                k_work_queue_start
 .text.k_work_reschedule
                0x00000000080031a8       0x10 zephyr/kernel/libkernel.a(work.c.obj)
                0x00000000080031a8                k_work_reschedule
 .text.add_thread_timeout
                0x00000000080031b8       0x20 zephyr/kernel/libkernel.a(sched.c.obj)
 .text.z_reset_time_slice
                0x00000000080031d8       0x2c zephyr/kernel/libkernel.a(sched.c.obj)
                0x00000000080031d8                z_reset_time_slice
 .text.k_sched_time_slice_set
                0x0000000008003204       0x5c zephyr/kernel/libkernel.a(sched.c.obj)
                0x0000000008003204                k_sched_time_slice_set
 .text.z_reschedule
                0x0000000008003260       0x38 zephyr/kernel/libkernel.a(sched.c.obj)
                0x0000000008003260                z_reschedule
 .text.k_sched_lock
                0x0000000008003298       0x34 zephyr/kernel/libkernel.a(sched.c.obj)
                0x0000000008003298                k_sched_lock
 .text.update_cache
                0x00000000080032cc       0x4c zephyr/kernel/libkernel.a(sched.c.obj)
 .text.move_thread_to_end_of_prio_q
                0x0000000008003318       0x88 zephyr/kernel/libkernel.a(sched.c.obj)
 .text.z_time_slice
                0x00000000080033a0       0xac zephyr/kernel/libkernel.a(sched.c.obj)
                0x00000000080033a0                z_time_slice
 .text.ready_thread
                0x000000000800344c       0x80 zephyr/kernel/libkernel.a(sched.c.obj)
 .text.z_sched_start
                0x00000000080034cc       0x3c zephyr/kernel/libkernel.a(sched.c.obj)
                0x00000000080034cc                z_sched_start
 .text.unready_thread
                0x0000000008003508       0x38 zephyr/kernel/libkernel.a(sched.c.obj)
 .text.z_pend_curr
                0x0000000008003540       0x28 zephyr/kernel/libkernel.a(sched.c.obj)
                0x0000000008003540                z_pend_curr
 .text.z_impl_k_thread_suspend
                0x0000000008003568       0x84 zephyr/kernel/libkernel.a(sched.c.obj)
                0x0000000008003568                z_impl_k_thread_suspend
 .text.k_sched_unlock
                0x00000000080035ec       0x50 zephyr/kernel/libkernel.a(sched.c.obj)
                0x00000000080035ec                k_sched_unlock
 .text.end_thread
                0x000000000800363c       0x94 zephyr/kernel/libkernel.a(sched.c.obj)
 .text.z_sched_init
                0x00000000080036d0       0x1c zephyr/kernel/libkernel.a(sched.c.obj)
                0x00000000080036d0                z_sched_init
 .text.z_impl_k_yield
                0x00000000080036ec       0x88 zephyr/kernel/libkernel.a(sched.c.obj)
                0x00000000080036ec                z_impl_k_yield
 .text.z_tick_sleep
                0x0000000008003774       0x98 zephyr/kernel/libkernel.a(sched.c.obj)
 .text.z_impl_k_sleep
                0x000000000800380c       0x30 zephyr/kernel/libkernel.a(sched.c.obj)
                0x000000000800380c                z_impl_k_sleep
 .text.z_impl_z_current_get
                0x000000000800383c        0xc zephyr/kernel/libkernel.a(sched.c.obj)
                0x000000000800383c                z_impl_z_current_get
 .text.z_thread_abort
                0x0000000008003848       0x50 zephyr/kernel/libkernel.a(sched.c.obj)
                0x0000000008003848                z_thread_abort
 .text.z_sched_wait
                0x0000000008003898       0x28 zephyr/kernel/libkernel.a(sched.c.obj)
                0x0000000008003898                z_sched_wait
 .text.z_data_copy
                0x00000000080038c0       0x34 zephyr/kernel/libkernel.a(xip.c.obj)
                0x00000000080038c0                z_data_copy
 .text.first    0x00000000080038f4       0x14 zephyr/kernel/libkernel.a(timeout.c.obj)
 .text.next     0x0000000008003908       0x18 zephyr/kernel/libkernel.a(timeout.c.obj)
 .text.elapsed  0x0000000008003920       0x18 zephyr/kernel/libkernel.a(timeout.c.obj)
 .text.next_timeout
                0x0000000008003938       0x4c zephyr/kernel/libkernel.a(timeout.c.obj)
 .text.z_add_timeout
                0x0000000008003984      0x11c zephyr/kernel/libkernel.a(timeout.c.obj)
                0x0000000008003984                z_add_timeout
 .text.sys_clock_announce
                0x0000000008003aa0       0xc4 zephyr/kernel/libkernel.a(timeout.c.obj)
                0x0000000008003aa0                sys_clock_announce
 .text.sys_clock_tick_get
                0x0000000008003b64       0x40 zephyr/kernel/libkernel.a(timeout.c.obj)
                0x0000000008003b64                sys_clock_tick_get
 .text.boot_banner
                0x0000000008003ba4       0x1c zephyr/kernel/libkernel.a(banner.c.obj)
                0x0000000008003ba4                boot_banner
 .text.k_sys_work_q_init
                0x0000000008003bc0       0x34 zephyr/kernel/libkernel.a(system_work_q.c.obj)
 .text._OffsetAbsSyms
                0x0000000008003bf4        0x2 zephyr/CMakeFiles/offsets.dir/./arch/arm/core/offsets/offsets.c.obj
                0x0000000008003bf4                _OffsetAbsSyms
 .text.arch_printk_char_out
                0x0000000008003bf6        0x4 zephyr/libzephyr.a(printk.c.obj)
                0x0000000008003bf6                arch_printk_char_out
 .text.printk   0x0000000008003bfa       0x1c zephyr/libzephyr.a(printk.c.obj)
                0x0000000008003bfa                printk
 .text.z_thread_entry
                0x0000000008003c16       0x14 zephyr/libzephyr.a(thread_entry.c.obj)
                0x0000000008003c16                z_thread_entry
 .text.extract_decimal
                0x0000000008003c2a       0x24 zephyr/libzephyr.a(cbprintf_complete.c.obj)
 .text.encode_uint
                0x0000000008003c4e       0xd4 zephyr/libzephyr.a(cbprintf_complete.c.obj)
 .text.outs     0x0000000008003d22       0x34 zephyr/libzephyr.a(cbprintf_complete.c.obj)
 .text._ConfigAbsSyms
                0x0000000008003d56        0x2 zephyr/libzephyr.a(configs.c.obj)
                0x0000000008003d56                _ConfigAbsSyms
 .text.st_stm32_common_config
                0x0000000008003d58        0x4 zephyr/libzephyr.a(soc_config.c.obj)
 .text.z_cpp_init_static
                0x0000000008003d5c        0xc zephyr/libzephyr.a(cpp_init.c.obj)
                0x0000000008003d5c                z_cpp_init_static
 .text.flash_img_buffered_write
                0x0000000008003d68       0x26 zephyr/libzephyr.a(flash_img.c.obj)
                0x0000000008003d68                flash_img_buffered_write
 .text.flash_area_close
                0x0000000008003d8e        0x2 zephyr/libzephyr.a(flash_map.c.obj)
                0x0000000008003d8e                flash_area_close
 .text.stream_flash_erase_page
                0x0000000008003d90       0x5e zephyr/libzephyr.a(stream_flash.c.obj)
                0x0000000008003d90                stream_flash_erase_page
 .text.flash_sync
                0x0000000008003dee       0xd8 zephyr/libzephyr.a(stream_flash.c.obj)
 .text.stream_flash_buffered_write
                0x0000000008003ec6       0x92 zephyr/libzephyr.a(stream_flash.c.obj)
                0x0000000008003ec6                stream_flash_buffered_write
 .text.stm32_dt_pinctrl_configure
                0x0000000008003f58       0x56 zephyr/libzephyr.a(pinmux_stm32.c.obj)
                0x0000000008003f58                stm32_dt_pinctrl_configure
 .text.z_arm_fatal_error
                0x0000000008003fae        0x8 zephyr/arch/arch/arm/core/aarch32/libarch__arm__core__aarch32.a(fatal.c.obj)
                0x0000000008003fae                z_arm_fatal_error
 .text.z_do_kernel_oops
                0x0000000008003fb6        0xc zephyr/arch/arch/arm/core/aarch32/libarch__arm__core__aarch32.a(fatal.c.obj)
                0x0000000008003fb6                z_do_kernel_oops
 .text.z_irq_spurious
                0x0000000008003fc2        0xc zephyr/arch/arch/arm/core/aarch32/libarch__arm__core__aarch32.a(irq_manage.c.obj)
                0x0000000008003fc2                z_irq_spurious
 .text.z_arm_nmi
                0x0000000008003fce        0xc zephyr/arch/arch/arm/core/aarch32/libarch__arm__core__aarch32.a(nmi.c.obj)
                0x0000000008003fce                z_arm_nmi
 .text.memory_fault_recoverable
                0x0000000008003fda        0x4 zephyr/arch/arch/arm/core/aarch32/cortex_m/libarch__arm__core__aarch32__cortex_m.a(fault.c.obj)
 .text.debug_monitor
                0x0000000008003fde        0x6 zephyr/arch/arch/arm/core/aarch32/cortex_m/libarch__arm__core__aarch32__cortex_m.a(fault.c.obj)
 .text.fault_handle
                0x0000000008003fe4       0x46 zephyr/arch/arch/arm/core/aarch32/cortex_m/libarch__arm__core__aarch32__cortex_m.a(fault.c.obj)
 .text.mpu_partition_is_valid
                0x000000000800402a       0x22 zephyr/arch/arch/arm/core/aarch32/mpu/libarch__arm__core__aarch32__mpu.a(arm_mpu.c.obj)
 .text.region_allocate_and_init
                0x000000000800404c       0x16 zephyr/arch/arch/arm/core/aarch32/mpu/libarch__arm__core__aarch32__mpu.a(arm_mpu.c.obj)
 .text.mpu_configure_region
                0x0000000008004062       0x3e zephyr/arch/arch/arm/core/aarch32/mpu/libarch__arm__core__aarch32__mpu.a(arm_mpu.c.obj)
 .text.mpu_configure_regions
                0x00000000080040a0       0x50 zephyr/arch/arch/arm/core/aarch32/mpu/libarch__arm__core__aarch32__mpu.a(arm_mpu.c.obj)
 .text.arm_core_mpu_configure_static_mpu_regions
                0x00000000080040f0        0x8 zephyr/arch/arch/arm/core/aarch32/mpu/libarch__arm__core__aarch32__mpu.a(arm_mpu.c.obj)
                0x00000000080040f0                arm_core_mpu_configure_static_mpu_regions
 .text.arm_core_mpu_configure_dynamic_mpu_regions
                0x00000000080040f8        0x8 zephyr/arch/arch/arm/core/aarch32/mpu/libarch__arm__core__aarch32__mpu.a(arm_mpu.c.obj)
                0x00000000080040f8                arm_core_mpu_configure_dynamic_mpu_regions
 .text.strcpy   0x0000000008004100       0x14 zephyr/lib/libc/minimal/liblib__libc__minimal.a(string.c.obj)
                0x0000000008004100                strcpy
 .text.strlen   0x0000000008004114       0x12 zephyr/lib/libc/minimal/liblib__libc__minimal.a(string.c.obj)
                0x0000000008004114                strlen
 .text.strnlen  0x0000000008004126       0x14 zephyr/lib/libc/minimal/liblib__libc__minimal.a(string.c.obj)
                0x0000000008004126                strnlen
 .text.strcmp   0x000000000800413a       0x16 zephyr/lib/libc/minimal/liblib__libc__minimal.a(string.c.obj)
                0x000000000800413a                strcmp
 .text.strncmp  0x0000000008004150       0x26 zephyr/lib/libc/minimal/liblib__libc__minimal.a(string.c.obj)
                0x0000000008004150                strncmp
 .text.memcpy   0x0000000008004176       0x5e zephyr/lib/libc/minimal/liblib__libc__minimal.a(string.c.obj)
                0x0000000008004176                memcpy
 .text.memset   0x00000000080041d4       0x3c zephyr/lib/libc/minimal/liblib__libc__minimal.a(string.c.obj)
                0x00000000080041d4                memset
 .text._stdout_hook_default
                0x0000000008004210        0x6 zephyr/lib/libc/minimal/liblib__libc__minimal.a(stdout_console.c.obj)
 .text.__stm32_exti_isr_0
                0x0000000008004216        0xe zephyr/drivers/interrupt_controller/libdrivers__interrupt_controller.a(intc_exti_stm32.c.obj)
 .text.__stm32_exti_isr_1
                0x0000000008004224        0xe zephyr/drivers/interrupt_controller/libdrivers__interrupt_controller.a(intc_exti_stm32.c.obj)
 .text.__stm32_exti_isr_2
                0x0000000008004232        0xe zephyr/drivers/interrupt_controller/libdrivers__interrupt_controller.a(intc_exti_stm32.c.obj)
 .text.__stm32_exti_isr_3
                0x0000000008004240        0xe zephyr/drivers/interrupt_controller/libdrivers__interrupt_controller.a(intc_exti_stm32.c.obj)
 .text.__stm32_exti_isr_4
                0x000000000800424e        0xe zephyr/drivers/interrupt_controller/libdrivers__interrupt_controller.a(intc_exti_stm32.c.obj)
 .text.__stm32_exti_isr_9_5
                0x000000000800425c        0xe zephyr/drivers/interrupt_controller/libdrivers__interrupt_controller.a(intc_exti_stm32.c.obj)
 .text.__stm32_exti_isr_15_10
                0x000000000800426a        0xe zephyr/drivers/interrupt_controller/libdrivers__interrupt_controller.a(intc_exti_stm32.c.obj)
 .text.__stm32_exti_connect_irqs
                0x0000000008004278       0x4a zephyr/drivers/interrupt_controller/libdrivers__interrupt_controller.a(intc_exti_stm32.c.obj)
 .text.stm32_exti_init
                0x00000000080042c2        0xa zephyr/drivers/interrupt_controller/libdrivers__interrupt_controller.a(intc_exti_stm32.c.obj)
 .text.config_bus_clk_init
                0x00000000080042cc        0xa zephyr/drivers/clock_control/libdrivers__clock_control.a(clock_stm32_ll_common.c.obj)
 .text.get_bus_clock
                0x00000000080042d6        0x6 zephyr/drivers/clock_control/libdrivers__clock_control.a(clock_stm32_ll_common.c.obj)
 .text.config_pll_init
                0x00000000080042dc        0xe zephyr/drivers/clock_control/libdrivers__clock_control.a(clock_stm32l0_l1.c.obj)
                0x00000000080042dc                config_pll_init
 .text.dma_stm32_get_priority
                0x00000000080042ea       0x36 zephyr/drivers/dma/libdrivers__dma.a(dma_stm32.c.obj)
 .text.dma_stm32_get_direction
                0x0000000008004320       0x26 zephyr/drivers/dma/libdrivers__dma.a(dma_stm32.c.obj)
 .text.dma_stm32_get_memory_increment
                0x0000000008004346       0x22 zephyr/drivers/dma/libdrivers__dma.a(dma_stm32.c.obj)
 .text.dma_stm32_get_periph_increment
                0x0000000008004368       0x22 zephyr/drivers/dma/libdrivers__dma.a(dma_stm32.c.obj)
 .text.dma_stm32_config_irq_0
                0x000000000800438a       0x74 zephyr/drivers/dma/libdrivers__dma.a(dma_stm32.c.obj)
 .text.dma_stm32_dump_stream_irq
                0x00000000080043fe        0xc zephyr/drivers/dma/libdrivers__dma.a(dma_stm32.c.obj)
 .text.dma_stm32_clear_stream_irq
                0x000000000800440a       0x20 zephyr/drivers/dma/libdrivers__dma.a(dma_stm32.c.obj)
 .text.dma_stm32_irq_handler
                0x000000000800442a       0xa4 zephyr/drivers/dma/libdrivers__dma.a(dma_stm32.c.obj)
 .text.dma_stm32_irq_0_0
                0x00000000080044ce        0xa zephyr/drivers/dma/libdrivers__dma.a(dma_stm32.c.obj)
 .text.dma_stm32_irq_0_1
                0x00000000080044d8        0xa zephyr/drivers/dma/libdrivers__dma.a(dma_stm32.c.obj)
 .text.dma_stm32_irq_0_2
                0x00000000080044e2        0xa zephyr/drivers/dma/libdrivers__dma.a(dma_stm32.c.obj)
 .text.dma_stm32_irq_0_3
                0x00000000080044ec        0xa zephyr/drivers/dma/libdrivers__dma.a(dma_stm32.c.obj)
 .text.dma_stm32_irq_0_4
                0x00000000080044f6        0xa zephyr/drivers/dma/libdrivers__dma.a(dma_stm32.c.obj)
 .text.dma_stm32_irq_0_5
                0x0000000008004500        0xa zephyr/drivers/dma/libdrivers__dma.a(dma_stm32.c.obj)
 .text.dma_stm32_irq_0_6
                0x000000000800450a        0xa zephyr/drivers/dma/libdrivers__dma.a(dma_stm32.c.obj)
 .text.dma_stm32_disable_stream
                0x0000000008004514       0x32 zephyr/drivers/dma/libdrivers__dma.a(dma_stm32.c.obj)
 .text.dma_stm32_start
                0x0000000008004546       0x26 zephyr/drivers/dma/libdrivers__dma.a(dma_stm32.c.obj)
 .text.LL_DMA_IsActiveFlag_TC1
                0x000000000800456c        0x8 zephyr/drivers/dma/libdrivers__dma.a(dma_stm32_v2.c.obj)
 .text.LL_DMA_IsActiveFlag_TC2
                0x0000000008004574        0x8 zephyr/drivers/dma/libdrivers__dma.a(dma_stm32_v2.c.obj)
 .text.LL_DMA_IsActiveFlag_TC3
                0x000000000800457c        0x8 zephyr/drivers/dma/libdrivers__dma.a(dma_stm32_v2.c.obj)
 .text.LL_DMA_IsActiveFlag_TC4
                0x0000000008004584        0x8 zephyr/drivers/dma/libdrivers__dma.a(dma_stm32_v2.c.obj)
 .text.LL_DMA_IsActiveFlag_TC5
                0x000000000800458c        0x8 zephyr/drivers/dma/libdrivers__dma.a(dma_stm32_v2.c.obj)
 .text.LL_DMA_IsActiveFlag_TC6
                0x0000000008004594        0x8 zephyr/drivers/dma/libdrivers__dma.a(dma_stm32_v2.c.obj)
 .text.LL_DMA_IsActiveFlag_TC7
                0x000000000800459c        0x8 zephyr/drivers/dma/libdrivers__dma.a(dma_stm32_v2.c.obj)
 .text.LL_DMA_IsActiveFlag_HT1
                0x00000000080045a4        0x8 zephyr/drivers/dma/libdrivers__dma.a(dma_stm32_v2.c.obj)
 .text.LL_DMA_IsActiveFlag_HT2
                0x00000000080045ac        0x8 zephyr/drivers/dma/libdrivers__dma.a(dma_stm32_v2.c.obj)
 .text.LL_DMA_IsActiveFlag_HT3
                0x00000000080045b4        0x8 zephyr/drivers/dma/libdrivers__dma.a(dma_stm32_v2.c.obj)
 .text.LL_DMA_IsActiveFlag_HT4
                0x00000000080045bc        0x8 zephyr/drivers/dma/libdrivers__dma.a(dma_stm32_v2.c.obj)
 .text.LL_DMA_IsActiveFlag_HT5
                0x00000000080045c4        0x8 zephyr/drivers/dma/libdrivers__dma.a(dma_stm32_v2.c.obj)
 .text.LL_DMA_IsActiveFlag_HT6
                0x00000000080045cc        0x8 zephyr/drivers/dma/libdrivers__dma.a(dma_stm32_v2.c.obj)
 .text.LL_DMA_IsActiveFlag_HT7
                0x00000000080045d4        0x8 zephyr/drivers/dma/libdrivers__dma.a(dma_stm32_v2.c.obj)
 .text.LL_DMA_ClearFlag_TC1
                0x00000000080045dc        0xa zephyr/drivers/dma/libdrivers__dma.a(dma_stm32_v2.c.obj)
 .text.LL_DMA_ClearFlag_TC2
                0x00000000080045e6        0xa zephyr/drivers/dma/libdrivers__dma.a(dma_stm32_v2.c.obj)
 .text.LL_DMA_ClearFlag_TC3
                0x00000000080045f0        0xa zephyr/drivers/dma/libdrivers__dma.a(dma_stm32_v2.c.obj)
 .text.LL_DMA_ClearFlag_TC4
                0x00000000080045fa        0xa zephyr/drivers/dma/libdrivers__dma.a(dma_stm32_v2.c.obj)
 .text.LL_DMA_ClearFlag_TC5
                0x0000000008004604        0xa zephyr/drivers/dma/libdrivers__dma.a(dma_stm32_v2.c.obj)
 .text.LL_DMA_ClearFlag_TC6
                0x000000000800460e        0xa zephyr/drivers/dma/libdrivers__dma.a(dma_stm32_v2.c.obj)
 .text.LL_DMA_ClearFlag_TC7
                0x0000000008004618        0xa zephyr/drivers/dma/libdrivers__dma.a(dma_stm32_v2.c.obj)
 .text.LL_DMA_ClearFlag_HT1
                0x0000000008004622        0xa zephyr/drivers/dma/libdrivers__dma.a(dma_stm32_v2.c.obj)
 .text.LL_DMA_ClearFlag_HT2
                0x000000000800462c        0xa zephyr/drivers/dma/libdrivers__dma.a(dma_stm32_v2.c.obj)
 .text.LL_DMA_ClearFlag_HT3
                0x0000000008004636        0xa zephyr/drivers/dma/libdrivers__dma.a(dma_stm32_v2.c.obj)
 .text.LL_DMA_ClearFlag_HT4
                0x0000000008004640        0xa zephyr/drivers/dma/libdrivers__dma.a(dma_stm32_v2.c.obj)
 .text.LL_DMA_ClearFlag_HT5
                0x000000000800464a        0xa zephyr/drivers/dma/libdrivers__dma.a(dma_stm32_v2.c.obj)
 .text.LL_DMA_ClearFlag_HT6
                0x0000000008004654        0xa zephyr/drivers/dma/libdrivers__dma.a(dma_stm32_v2.c.obj)
 .text.LL_DMA_ClearFlag_HT7
                0x000000000800465e        0xa zephyr/drivers/dma/libdrivers__dma.a(dma_stm32_v2.c.obj)
 .text.LL_DMA_ClearFlag_TE1
                0x0000000008004668        0xa zephyr/drivers/dma/libdrivers__dma.a(dma_stm32_v2.c.obj)
 .text.LL_DMA_ClearFlag_TE2
                0x0000000008004672        0xa zephyr/drivers/dma/libdrivers__dma.a(dma_stm32_v2.c.obj)
 .text.LL_DMA_ClearFlag_TE3
                0x000000000800467c        0xa zephyr/drivers/dma/libdrivers__dma.a(dma_stm32_v2.c.obj)
 .text.LL_DMA_ClearFlag_TE4
                0x0000000008004686        0xa zephyr/drivers/dma/libdrivers__dma.a(dma_stm32_v2.c.obj)
 .text.LL_DMA_ClearFlag_TE5
                0x0000000008004690        0xa zephyr/drivers/dma/libdrivers__dma.a(dma_stm32_v2.c.obj)
 .text.LL_DMA_ClearFlag_TE6
                0x000000000800469a        0xa zephyr/drivers/dma/libdrivers__dma.a(dma_stm32_v2.c.obj)
 .text.LL_DMA_ClearFlag_TE7
                0x00000000080046a4        0xa zephyr/drivers/dma/libdrivers__dma.a(dma_stm32_v2.c.obj)
 .text.stm32_dma_dump_stream_irq
                0x00000000080046ae        0x2 zephyr/drivers/dma/libdrivers__dma.a(dma_stm32_v2.c.obj)
                0x00000000080046ae                stm32_dma_dump_stream_irq
 .text.stm32_dma_clear_stream_irq
                0x00000000080046b0        0x8 zephyr/drivers/dma/libdrivers__dma.a(dma_stm32_v2.c.obj)
                0x00000000080046b0                stm32_dma_clear_stream_irq
 .text.stm32_dma_is_unexpected_irq_happened
                0x00000000080046b8        0x4 zephyr/drivers/dma/libdrivers__dma.a(dma_stm32_v2.c.obj)
                0x00000000080046b8                stm32_dma_is_unexpected_irq_happened
 .text.gpio_stm32_isr
                0x00000000080046bc       0x3a zephyr/drivers/gpio/libdrivers__gpio.a(gpio_stm32.c.obj)
 .text.gpio_stm32_flags_to_conf
                0x00000000080046f6       0x76 zephyr/drivers/gpio/libdrivers__gpio.a(gpio_stm32.c.obj)
 .text.gpio_stm32_port_get_raw
                0x000000000800476c        0xc zephyr/drivers/gpio/libdrivers__gpio.a(gpio_stm32.c.obj)
 .text.gpio_stm32_port_set_masked_raw
                0x0000000008004778       0x12 zephyr/drivers/gpio/libdrivers__gpio.a(gpio_stm32.c.obj)
 .text.gpio_stm32_port_set_bits_raw
                0x000000000800478a        0xa zephyr/drivers/gpio/libdrivers__gpio.a(gpio_stm32.c.obj)
 .text.gpio_stm32_port_clear_bits_raw
                0x0000000008004794        0xa zephyr/drivers/gpio/libdrivers__gpio.a(gpio_stm32.c.obj)
 .text.gpio_stm32_port_toggle_bits
                0x000000000800479e        0xe zephyr/drivers/gpio/libdrivers__gpio.a(gpio_stm32.c.obj)
 .text.gpio_stm32_manage_callback
                0x00000000080047ac       0x72 zephyr/drivers/gpio/libdrivers__gpio.a(gpio_stm32.c.obj)
 .text.gpio_stm32_configure
                0x000000000800481e      0x148 zephyr/drivers/gpio/libdrivers__gpio.a(gpio_stm32.c.obj)
                0x000000000800481e                gpio_stm32_configure
 .text.gpio_stm32_config
                0x0000000008004966       0x52 zephyr/drivers/gpio/libdrivers__gpio.a(gpio_stm32.c.obj)
 .text.gpio_stm32_init
                0x00000000080049b8        0xe zephyr/drivers/gpio/libdrivers__gpio.a(gpio_stm32.c.obj)
 .text.flash_get_page_info
                0x00000000080049c6       0x6a zephyr/drivers/flash/libdrivers__flash.a(flash_page_layout.c.obj)
 .text.z_impl_flash_get_page_info_by_offs
                0x0000000008004a30        0xc zephyr/drivers/flash/libdrivers__flash.a(flash_page_layout.c.obj)
                0x0000000008004a30                z_impl_flash_get_page_info_by_offs
 .text.flash_stm32_check_status
                0x0000000008004a3c       0x16 zephyr/drivers/flash/libdrivers__flash.a(flash_stm32.c.obj)
 .text.flash_stm32_read
                0x0000000008004a52       0x2e zephyr/drivers/flash/libdrivers__flash.a(flash_stm32.c.obj)
 .text.flash_stm32_check_configuration
                0x0000000008004a80        0x4 zephyr/drivers/flash/libdrivers__flash.a(flash_stm32.c.obj)
                0x0000000008004a80                flash_stm32_check_configuration
 .text.flash_stm32_wait_flash_idle
                0x0000000008004a84       0x52 zephyr/drivers/flash/libdrivers__flash.a(flash_stm32.c.obj)
                0x0000000008004a84                flash_stm32_wait_flash_idle
 .text.flash_stm32_erase
                0x0000000008004ad6       0x60 zephyr/drivers/flash/libdrivers__flash.a(flash_stm32.c.obj)
 .text.flash_stm32_write
                0x0000000008004b36       0x6e zephyr/drivers/flash/libdrivers__flash.a(flash_stm32.c.obj)
 .text.get_page
                0x0000000008004ba4        0x4 zephyr/drivers/flash/libdrivers__flash.a(flash_stm32_v1.c.obj)
 .text.is_flash_locked
                0x0000000008004ba8        0x8 zephyr/drivers/flash/libdrivers__flash.a(flash_stm32_v1.c.obj)
 .text.write_disable
                0x0000000008004bb0        0xa zephyr/drivers/flash/libdrivers__flash.a(flash_stm32_v1.c.obj)
 .text.erase_page_begin
                0x0000000008004bba       0x20 zephyr/drivers/flash/libdrivers__flash.a(flash_stm32_v1.c.obj)
 .text.erase_page_end
                0x0000000008004bda       0x12 zephyr/drivers/flash/libdrivers__flash.a(flash_stm32_v1.c.obj)
 .text.write_value
                0x0000000008004bec       0x4e zephyr/drivers/flash/libdrivers__flash.a(flash_stm32_v1.c.obj)
 .text.flash_stm32_valid_range
                0x0000000008004c3a       0x54 zephyr/drivers/flash/libdrivers__flash.a(flash_stm32_v1.c.obj)
                0x0000000008004c3a                flash_stm32_valid_range
 .text.flash_stm32_block_erase_loop
                0x0000000008004c8e       0x62 zephyr/drivers/flash/libdrivers__flash.a(flash_stm32_v1.c.obj)
                0x0000000008004c8e                flash_stm32_block_erase_loop
 .text.flash_stm32_write_range
                0x0000000008004cf0       0x42 zephyr/drivers/flash/libdrivers__flash.a(flash_stm32_v1.c.obj)
                0x0000000008004cf0                flash_stm32_write_range
 .text.uart_stm32_config_get
                0x0000000008004d32       0x92 zephyr/drivers/serial/libdrivers__serial.a(uart_stm32.c.obj)
 .text.uart_stm32_poll_in
                0x0000000008004dc4       0x48 zephyr/drivers/serial/libdrivers__serial.a(uart_stm32.c.obj)
 .text.uart_stm32_poll_out
                0x0000000008004e0c       0x10 zephyr/drivers/serial/libdrivers__serial.a(uart_stm32.c.obj)
 .text.uart_stm32_err_check
                0x0000000008004e1c       0x6e zephyr/drivers/serial/libdrivers__serial.a(uart_stm32.c.obj)
 .text.uart_stm32_async_callback_set
                0x0000000008004e8a        0xa zephyr/drivers/serial/libdrivers__serial.a(uart_stm32.c.obj)
 .text.uart_stm32_async_rx_buf_rsp
                0x0000000008004e94        0xe zephyr/drivers/serial/libdrivers__serial.a(uart_stm32.c.obj)
 .text.uart_stm32_dma_tx_cb
                0x0000000008004ea2       0x5c zephyr/drivers/serial/libdrivers__serial.a(uart_stm32.c.obj)
                0x0000000008004ea2                uart_stm32_dma_tx_cb
 .text.uart_stm32_irq_config_func_0
                0x0000000008004efe       0x14 zephyr/drivers/serial/libdrivers__serial.a(uart_stm32.c.obj)
 .text.uart_stm32_irq_config_func_1
                0x0000000008004f12       0x14 zephyr/drivers/serial/libdrivers__serial.a(uart_stm32.c.obj)
 .text.uart_stm32_async_tx
                0x0000000008004f26       0xbe zephyr/drivers/serial/libdrivers__serial.a(uart_stm32.c.obj)
 .text.uart_stm32_async_tx_abort
                0x0000000008004fe4       0x7e zephyr/drivers/serial/libdrivers__serial.a(uart_stm32.c.obj)
 .text.uart_stm32_async_tx_timeout
                0x0000000008005062        0xe zephyr/drivers/serial/libdrivers__serial.a(uart_stm32.c.obj)
 .text.uart_stm32_dma_replace_buffer
                0x0000000008005070       0x72 zephyr/drivers/serial/libdrivers__serial.a(uart_stm32.c.obj)
 .text.uart_stm32_async_rx_enable
                0x00000000080050e2       0xc0 zephyr/drivers/serial/libdrivers__serial.a(uart_stm32.c.obj)
 .text.uart_stm32_dma_rx_cb
                0x00000000080051a2       0xba zephyr/drivers/serial/libdrivers__serial.a(uart_stm32.c.obj)
                0x00000000080051a2                uart_stm32_dma_rx_cb
 .text.uart_stm32_dma_rx_flush
                0x000000000800525c       0x5e zephyr/drivers/serial/libdrivers__serial.a(uart_stm32.c.obj)
 .text.uart_stm32_async_rx_disable
                0x00000000080052ba       0x9a zephyr/drivers/serial/libdrivers__serial.a(uart_stm32.c.obj)
 .text.uart_stm32_async_rx_timeout
                0x0000000008005354       0x20 zephyr/drivers/serial/libdrivers__serial.a(uart_stm32.c.obj)
 .text.uart_stm32_isr
                0x0000000008005374       0xba zephyr/drivers/serial/libdrivers__serial.a(uart_stm32.c.obj)
 .text.z_device_ready
                0x000000000800542e       0x1a zephyr/kernel/libkernel.a(device.c.obj)
                0x000000000800542e                z_device_ready
 .text.arch_system_halt
                0x0000000008005448       0x12 zephyr/kernel/libkernel.a(fatal.c.obj)
                0x0000000008005448                arch_system_halt
 .text.k_sys_fatal_error_handler
                0x000000000800545a        0x6 zephyr/kernel/libkernel.a(fatal.c.obj)
                0x000000000800545a                k_sys_fatal_error_handler
 .text.z_fatal_error
                0x0000000008005460       0x34 zephyr/kernel/libkernel.a(fatal.c.obj)
                0x0000000008005460                z_fatal_error
 .text.setup_thread_stack
                0x0000000008005494       0x1e zephyr/kernel/libkernel.a(thread.c.obj)
 .text.k_is_in_isr
                0x00000000080054b2        0xc zephyr/kernel/libkernel.a(thread.c.obj)
                0x00000000080054b2                k_is_in_isr
 .text.z_impl_k_thread_name_set
                0x00000000080054be        0x6 zephyr/kernel/libkernel.a(thread.c.obj)
                0x00000000080054be                z_impl_k_thread_name_set
 .text.z_impl_k_thread_start
                0x00000000080054c4        0x8 zephyr/kernel/libkernel.a(thread.c.obj)
                0x00000000080054c4                z_impl_k_thread_start
 .text.z_init_thread_base
                0x00000000080054cc       0x16 zephyr/kernel/libkernel.a(thread.c.obj)
                0x00000000080054cc                z_init_thread_base
 .text.z_impl_k_thread_create
                0x00000000080054e2       0x44 zephyr/kernel/libkernel.a(thread.c.obj)
                0x00000000080054e2                z_impl_k_thread_create
 .text.idle     0x0000000008005526       0x18 zephyr/kernel/libkernel.a(idle.c.obj)
                0x0000000008005526                idle
 .text.z_impl_k_sem_init
                0x000000000800553e       0x1e zephyr/kernel/libkernel.a(sem.c.obj)
                0x000000000800553e                z_impl_k_sem_init
 .text.cancel_async_locked
                0x000000000800555c       0x72 zephyr/kernel/libkernel.a(work.c.obj)
 .text.work_timeout
                0x00000000080055ce       0x46 zephyr/kernel/libkernel.a(work.c.obj)
 .text.cancel_delayable_async_locked
                0x0000000008005614       0x22 zephyr/kernel/libkernel.a(work.c.obj)
 .text.k_work_init_delayable
                0x0000000008005636       0x18 zephyr/kernel/libkernel.a(work.c.obj)
                0x0000000008005636                k_work_init_delayable
 .text.k_work_reschedule_for_queue
                0x000000000800564e       0x4c zephyr/kernel/libkernel.a(work.c.obj)
                0x000000000800564e                k_work_reschedule_for_queue
 .text.k_work_cancel_delayable
                0x000000000800569a       0x20 zephyr/kernel/libkernel.a(work.c.obj)
                0x000000000800569a                k_work_cancel_delayable
 .text.thread_active_elsewhere
                0x00000000080056ba        0x4 zephyr/kernel/libkernel.a(sched.c.obj)
 .text.pended_on_thread
                0x00000000080056be        0x4 zephyr/kernel/libkernel.a(sched.c.obj)
 .text.z_sched_prio_cmp
                0x00000000080056c2       0x14 zephyr/kernel/libkernel.a(sched.c.obj)
                0x00000000080056c2                z_sched_prio_cmp
 .text.z_reschedule_irqlock
                0x00000000080056d6       0x2a zephyr/kernel/libkernel.a(sched.c.obj)
                0x00000000080056d6                z_reschedule_irqlock
 .text.z_priq_dumb_remove
                0x0000000008005700       0x10 zephyr/kernel/libkernel.a(sched.c.obj)
                0x0000000008005700                z_priq_dumb_remove
 .text.z_priq_dumb_best
                0x0000000008005710        0xe zephyr/kernel/libkernel.a(sched.c.obj)
                0x0000000008005710                z_priq_dumb_best
 .text.z_ready_thread
                0x000000000800571e       0x38 zephyr/kernel/libkernel.a(sched.c.obj)
                0x000000000800571e                z_ready_thread
 .text.z_thread_timeout
                0x0000000008005756       0x70 zephyr/kernel/libkernel.a(sched.c.obj)
                0x0000000008005756                z_thread_timeout
 .text.add_to_waitq_locked
                0x00000000080057c6       0x54 zephyr/kernel/libkernel.a(sched.c.obj)
 .text.pend     0x000000000800581a       0x44 zephyr/kernel/libkernel.a(sched.c.obj)
 .text.z_unpend_first_thread
                0x000000000800585e       0x56 zephyr/kernel/libkernel.a(sched.c.obj)
                0x000000000800585e                z_unpend_first_thread
 .text.z_sched_wake
                0x00000000080058b4       0x6e zephyr/kernel/libkernel.a(sched.c.obj)
                0x00000000080058b4                z_sched_wake
 .text.remove_timeout
                0x0000000008005922       0x2e zephyr/kernel/libkernel.a(timeout.c.obj)
 .text.z_abort_timeout
                0x0000000008005950       0x3c zephyr/kernel/libkernel.a(timeout.c.obj)
                0x0000000008005950                z_abort_timeout
 .text.z_set_timeout_expiry
                0x000000000800598c       0x56 zephyr/kernel/libkernel.a(timeout.c.obj)
                0x000000000800598c                z_set_timeout_expiry
 .text.sys_clock_tick_get_32
                0x00000000080059e2        0x8 zephyr/kernel/libkernel.a(timeout.c.obj)
                0x00000000080059e2                sys_clock_tick_get_32
 .text.z_impl_k_uptime_ticks
                0x00000000080059ea        0x8 zephyr/kernel/libkernel.a(timeout.c.obj)
                0x00000000080059ea                z_impl_k_uptime_ticks
 *(SORT_BY_ALIGNMENT(.TEXT.*))
 *(SORT_BY_ALIGNMENT(.gnu.linkonce.t.*))
 *(SORT_BY_ALIGNMENT(.glue_7t))
 .glue_7t       0x00000000080059f2        0x0 linker stubs
 *(SORT_BY_ALIGNMENT(.glue_7))
 .glue_7        0x00000000080059f2        0x0 linker stubs
 *(SORT_BY_ALIGNMENT(.vfp11_veneer))
 .vfp11_veneer  0x00000000080059f2        0x0 linker stubs
 *(SORT_BY_ALIGNMENT(.v4_bx))
 .v4_bx         0x00000000080059f2        0x0 linker stubs
                0x00000000080059f2                __text_region_end = .

.ARM.extab
 *(SORT_BY_ALIGNMENT(.ARM.extab*) SORT_BY_ALIGNMENT(.gnu.linkonce.armextab.*))

.ARM.exidx      0x00000000080059f4        0x8
                0x00000000080059f4                __exidx_start = .
 *(SORT_BY_ALIGNMENT(.ARM.exidx*) SORT_BY_ALIGNMENT(gnu.linkonce.armexidx.*))
 .ARM.exidx     0x00000000080059f4        0x8 /opt/zephyr-sdk/arm-zephyr-eabi/bin/../lib/gcc/arm-zephyr-eabi/10.3.0/thumb/v7-m/nofp/libgcc.a(_udivmoddi4.o)
                0x00000000080059fc                __exidx_end = .
                0x00000000080059fc                __rodata_region_start = .

initlevel       0x00000000080059fc       0x88
                0x00000000080059fc                __init_start = .
                0x00000000080059fc                __init_PRE_KERNEL_1_start = .
 *(SORT_BY_NAME(SORT_BY_ALIGNMENT(.z_init_PRE_KERNEL_1[0-9]_*)))
 .z_init_PRE_KERNEL_10_
                0x00000000080059fc        0x8 zephyr/libzephyr.a(soc.c.obj)
 .z_init_PRE_KERNEL_11_
                0x0000000008005a04        0x8 zephyr/libzephyr.a(soc_config.c.obj)
 .z_init_PRE_KERNEL_11_
                0x0000000008005a0c        0x8 zephyr/drivers/clock_control/libdrivers__clock_control.a(clock_stm32_ll_common.c.obj)
 *(SORT_BY_NAME(SORT_BY_ALIGNMENT(.z_init_PRE_KERNEL_1[1-9][0-9]_*)))
 .z_init_PRE_KERNEL_140_
                0x0000000008005a14        0x8 zephyr/drivers/dma/libdrivers__dma.a(dma_stm32.c.obj)
 .z_init_PRE_KERNEL_140_
                0x0000000008005a1c       0x30 zephyr/drivers/gpio/libdrivers__gpio.a(gpio_stm32.c.obj)
 .z_init_PRE_KERNEL_150_
                0x0000000008005a4c        0x8 zephyr/drivers/interrupt_controller/libdrivers__interrupt_controller.a(intc_exti_stm32.c.obj)
 .z_init_PRE_KERNEL_150_
                0x0000000008005a54       0x10 zephyr/drivers/serial/libdrivers__serial.a(uart_stm32.c.obj)
 .z_init_PRE_KERNEL_160_
                0x0000000008005a64        0x8 zephyr/drivers/console/libdrivers__console.a(uart_console.c.obj)
                0x0000000008005a6c                __init_PRE_KERNEL_2_start = .
 *(SORT_BY_NAME(SORT_BY_ALIGNMENT(.z_init_PRE_KERNEL_2[0-9]_*)))
 .z_init_PRE_KERNEL_20_
                0x0000000008005a6c        0x8 zephyr/drivers/timer/libdrivers__timer.a(sys_clock_init.c.obj)
 *(SORT_BY_NAME(SORT_BY_ALIGNMENT(.z_init_PRE_KERNEL_2[1-9][0-9]_*)))
                0x0000000008005a74                __init_POST_KERNEL_start = .
 *(SORT_BY_NAME(SORT_BY_ALIGNMENT(.z_init_POST_KERNEL[0-9]_*)))
 *(SORT_BY_NAME(SORT_BY_ALIGNMENT(.z_init_POST_KERNEL[1-9][0-9]_*)))
 .z_init_POST_KERNEL40_
                0x0000000008005a74        0x8 zephyr/kernel/libkernel.a(system_work_q.c.obj)
 .z_init_POST_KERNEL50_
                0x0000000008005a7c        0x8 zephyr/drivers/flash/libdrivers__flash.a(flash_stm32.c.obj)
                0x0000000008005a84                __init_APPLICATION_start = .
 *(SORT_BY_NAME(SORT_BY_ALIGNMENT(.z_init_APPLICATION[0-9]_*)))
 *(SORT_BY_NAME(SORT_BY_ALIGNMENT(.z_init_APPLICATION[1-9][0-9]_*)))
                0x0000000008005a84                __init_SMP_start = .
 *(SORT_BY_NAME(SORT_BY_ALIGNMENT(.z_init_SMP[0-9]_*)))
 *(SORT_BY_NAME(SORT_BY_ALIGNMENT(.z_init_SMP[1-9][0-9]_*)))
                0x0000000008005a84                __init_end = .

devices         0x0000000008005a84      0x138
                0x0000000008005a84                __device_start = .
                0x0000000008005a84                __device_PRE_KERNEL_1_start = .
 *(SORT_BY_NAME(SORT_BY_ALIGNMENT(.z_device_PRE_KERNEL_1[0-9]_*)))
 .z_device_PRE_KERNEL_11_
                0x0000000008005a84       0x18 zephyr/drivers/clock_control/libdrivers__clock_control.a(clock_stm32_ll_common.c.obj)
                0x0000000008005a84                __device_dts_ord_17
 *(SORT_BY_NAME(SORT_BY_ALIGNMENT(.z_device_PRE_KERNEL_1[1-9][0-9]_*)))
 .z_device_PRE_KERNEL_140_
                0x0000000008005a9c       0x18 zephyr/drivers/dma/libdrivers__dma.a(dma_stm32.c.obj)
                0x0000000008005a9c                __device_dts_ord_38
 .z_device_PRE_KERNEL_140_
                0x0000000008005ab4       0x90 zephyr/drivers/gpio/libdrivers__gpio.a(gpio_stm32.c.obj)
                0x0000000008005ab4                __device_dts_ord_81
                0x0000000008005acc                __device_dts_ord_80
                0x0000000008005ae4                __device_dts_ord_79
                0x0000000008005afc                __device_dts_ord_18
                0x0000000008005b14                __device_dts_ord_78
                0x0000000008005b2c                __device_dts_ord_21
 .z_device_PRE_KERNEL_150_
                0x0000000008005b44       0x18 zephyr/drivers/interrupt_controller/libdrivers__interrupt_controller.a(intc_exti_stm32.c.obj)
                0x0000000008005b44                __device_dts_ord_33
 .z_device_PRE_KERNEL_150_
                0x0000000008005b5c       0x30 zephyr/drivers/serial/libdrivers__serial.a(uart_stm32.c.obj)
                0x0000000008005b5c                __device_dts_ord_41
                0x0000000008005b74                __device_dts_ord_37
                0x0000000008005b8c                __device_PRE_KERNEL_2_start = .
 *(SORT_BY_NAME(SORT_BY_ALIGNMENT(.z_device_PRE_KERNEL_2[0-9]_*)))
 .z_device_PRE_KERNEL_20_
                0x0000000008005b8c       0x18 zephyr/drivers/timer/libdrivers__timer.a(sys_clock_init.c.obj)
 *(SORT_BY_NAME(SORT_BY_ALIGNMENT(.z_device_PRE_KERNEL_2[1-9][0-9]_*)))
                0x0000000008005ba4                __device_POST_KERNEL_start = .
 *(SORT_BY_NAME(SORT_BY_ALIGNMENT(.z_device_POST_KERNEL[0-9]_*)))
 *(SORT_BY_NAME(SORT_BY_ALIGNMENT(.z_device_POST_KERNEL[1-9][0-9]_*)))
 .z_device_POST_KERNEL50_
                0x0000000008005ba4       0x18 zephyr/drivers/flash/libdrivers__flash.a(flash_stm32.c.obj)
                0x0000000008005ba4                __device_dts_ord_50
                0x0000000008005bbc                __device_APPLICATION_start = .
 *(SORT_BY_NAME(SORT_BY_ALIGNMENT(.z_device_APPLICATION[0-9]_*)))
 *(SORT_BY_NAME(SORT_BY_ALIGNMENT(.z_device_APPLICATION[1-9][0-9]_*)))
                0x0000000008005bbc                __device_SMP_start = .
 *(SORT_BY_NAME(SORT_BY_ALIGNMENT(.z_device_SMP[0-9]_*)))
 *(SORT_BY_NAME(SORT_BY_ALIGNMENT(.z_device_SMP[1-9][0-9]_*)))
                0x0000000008005bbc                __device_end = .

sw_isr_table    0x0000000008005bbc      0x1c8
                0x0000000008005bbc                . = ALIGN (0x0)
 *(SORT_BY_ALIGNMENT(.gnu.linkonce.sw_isr_table*))
 .gnu.linkonce.sw_isr_table
                0x0000000008005bbc      0x1c8 zephyr/arch/common/libisr_tables.a(isr_tables.c.obj)
                0x0000000008005bbc                _sw_isr_table

initlevel_error
                0x00000000080059fc        0x0
 *(SORT_BY_NAME(SORT_BY_ALIGNMENT(.z_init_[_A-Z0-9]*)))
                0x0000000000000001                ASSERT ((SIZEOF (initlevel_error) == 0x0), Undefined initialization levels used.)

ctors           0x0000000008005d84        0x8
                0x0000000008005d84                . = ALIGN (0x4)
                0x0000000008005d84                __CTOR_LIST__ = .
                0x0000000008005d84        0x4 LONG 0x0 (((__CTOR_END__ - __CTOR_LIST__) / 0x4) - 0x2)
 *(SORT_BY_NAME(SORT_BY_ALIGNMENT(.ctors*)))
                0x0000000008005d88        0x4 LONG 0x0
                0x0000000008005d8c                __CTOR_END__ = .

init_array      0x0000000008005d8c        0x0
                0x0000000008005d8c                . = ALIGN (0x4)
                0x0000000008005d8c                __init_array_start = .
 *(SORT_BY_NAME(SORT_BY_ALIGNMENT(.init_array*)))
                0x0000000008005d8c                __init_array_end = .

app_shmem_regions
                0x0000000008005d8c        0x0
                0x0000000008005d8c                __app_shmem_regions_start = .
 *(SORT_BY_NAME(SORT_BY_ALIGNMENT(.app_regions.*)))
                0x0000000008005d8c                __app_shmem_regions_end = .

bt_l2cap_fixed_chan_area
                0x0000000008005d8c        0x0
                0x0000000008005d8c                _bt_l2cap_fixed_chan_list_start = .
 *(SORT_BY_NAME(SORT_BY_ALIGNMENT(._bt_l2cap_fixed_chan.static.*)))
                0x0000000008005d8c                _bt_l2cap_fixed_chan_list_end = .

bt_gatt_service_static_area
                0x0000000008005d8c        0x0
                0x0000000008005d8c                _bt_gatt_service_static_list_start = .
 *(SORT_BY_NAME(SORT_BY_ALIGNMENT(._bt_gatt_service_static.static.*)))
                0x0000000008005d8c                _bt_gatt_service_static_list_end = .

k_p4wq_initparam_area
                0x0000000008005d8c        0x0
                0x0000000008005d8c                _k_p4wq_initparam_list_start = .
 *(SORT_BY_NAME(SORT_BY_ALIGNMENT(._k_p4wq_initparam.static.*)))
                0x0000000008005d8c                _k_p4wq_initparam_list_end = .

log_strings_sections
                0x0000000008005d8c        0x0
                0x0000000008005d8c                __log_strings_start = .
 *(SORT_BY_NAME(SORT_BY_ALIGNMENT(.log_strings*)))
                0x0000000008005d8c                __log_strings_end = .

log_const_sections
                0x0000000008005d8c        0x0
                0x0000000008005d8c                __log_const_start = .
 *(SORT_BY_NAME(SORT_BY_ALIGNMENT(.log_const_*)))
                0x0000000008005d8c                __log_const_end = .

log_backends_sections
                0x0000000008005d8c        0x0
                0x0000000008005d8c                __log_backends_start = .
 *(SORT_BY_ALIGNMENT(._log_backend.*))
                0x0000000008005d8c                __log_backends_end = .

shell_area      0x0000000008005d8c        0x0
                0x0000000008005d8c                _shell_list_start = .
 *(SORT_BY_NAME(SORT_BY_ALIGNMENT(._shell.static.*)))
                0x0000000008005d8c                _shell_list_end = .

shell_root_cmds_sections
                0x0000000008005d8c        0x0
                0x0000000008005d8c                __shell_root_cmds_start = .
 *(SORT_BY_NAME(SORT_BY_ALIGNMENT(.shell_root_cmd_*)))
                0x0000000008005d8c                __shell_root_cmds_end = .

font_entry_sections
                0x0000000008005d8c        0x0
                0x0000000008005d8c                __font_entry_start = .
 *(SORT_BY_NAME(SORT_BY_ALIGNMENT(._cfb_font.*)))
                0x0000000008005d8c                __font_entry_end = .

tracing_backend_area
                0x0000000008005d8c        0x0
                0x0000000008005d8c                _tracing_backend_list_start = .
 *(SORT_BY_NAME(SORT_BY_ALIGNMENT(._tracing_backend.static.*)))
                0x0000000008005d8c                _tracing_backend_list_end = .

zephyr_dbg_info
 *(SORT_BY_ALIGNMENT(.dbg_thread_info))

device_handles  0x0000000008005d8c       0x74
                0x0000000008005d8c                __device_handles_start = .
 *(SORT_BY_NAME(SORT_BY_ALIGNMENT(.__device_handles_pass1*)))
 .__device_handles_pass1
                0x0000000008005d8c        0x6 zephyr/drivers/interrupt_controller/libdrivers__interrupt_controller.a(intc_exti_stm32.c.obj)
                0x0000000008005d8c                __devicehdl_DT_N_S_soc_S_interrupt_controller_40010400
 .__device_handles_pass1
                0x0000000008005d92        0x8 zephyr/drivers/clock_control/libdrivers__clock_control.a(clock_stm32_ll_common.c.obj)
                0x0000000008005d92                __devicehdl_DT_N_S_soc_S_rcc_40023800
 .__device_handles_pass1
                0x0000000008005d9a        0xa zephyr/drivers/dma/libdrivers__dma.a(dma_stm32.c.obj)
                0x0000000008005d9a                __devicehdl_DT_N_S_soc_S_dma_40026000
 .__device_handles_pass1
                0x0000000008005da4       0x30 zephyr/drivers/gpio/libdrivers__gpio.a(gpio_stm32.c.obj)
                0x0000000008005da4                __devicehdl_DT_N_S_soc_S_pin_controller_40020000_S_gpio_40021400
                0x0000000008005dac                __devicehdl_DT_N_S_soc_S_pin_controller_40020000_S_gpio_40021000
                0x0000000008005db4                __devicehdl_DT_N_S_soc_S_pin_controller_40020000_S_gpio_40020c00
                0x0000000008005dbc                __devicehdl_DT_N_S_soc_S_pin_controller_40020000_S_gpio_40020800
                0x0000000008005dc4                __devicehdl_DT_N_S_soc_S_pin_controller_40020000_S_gpio_40020400
                0x0000000008005dcc                __devicehdl_DT_N_S_soc_S_pin_controller_40020000_S_gpio_40020000
 .__device_handles_pass1
                0x0000000008005dd4        0xa zephyr/drivers/flash/libdrivers__flash.a(flash_stm32.c.obj)
                0x0000000008005dd4                __devicehdl_DT_N_S_soc_S_flash_controller_40023c00
 .__device_handles_pass1
                0x0000000008005dde       0x1e zephyr/drivers/serial/libdrivers__serial.a(uart_stm32.c.obj)
                0x0000000008005dde                __devicehdl_DT_N_S_soc_S_serial_40004800
                0x0000000008005dee                __devicehdl_DT_N_S_soc_S_serial_40004400
 .__device_handles_pass1
                0x0000000008005dfc        0x4 zephyr/drivers/timer/libdrivers__timer.a(sys_clock_init.c.obj)
                0x0000000008005dfc                __devicehdl_sys_init_sys_clock_driver_init0
                0x0000000008005e00                __device_handles_end = .

rodata          0x0000000008005e00      0x4c0
 *(SORT_BY_ALIGNMENT(.rodata))
 .rodata        0x0000000008005e00        0x8 zephyr/drivers/gpio/libdrivers__gpio.a(gpio_stm32.c.obj)
 *(SORT_BY_ALIGNMENT(.rodata.*))
 .rodata.uart_config.str1.4
                0x0000000008005e08       0x1a app/libapp.a(main.c.obj)
 *fill*         0x0000000008005e22        0x2 
 .rodata.load_image.str1.4
                0x0000000008005e24       0x62 app/libapp.a(main.c.obj)
 *fill*         0x0000000008005e86        0x2 
 .rodata.main.str1.4
                0x0000000008005e88       0x54 app/libapp.a(main.c.obj)
 .rodata.cbvprintf.str1.4
                0x0000000008005edc        0x6 zephyr/libzephyr.a(cbprintf_complete.c.obj)
 *fill*         0x0000000008005ee2        0x2 
 .rodata.gpio_ports
                0x0000000008005ee4       0x2c zephyr/libzephyr.a(pinmux_stm32.c.obj)
                0x0000000008005ee4                gpio_ports
 .rodata.static_regions
                0x0000000008005f10        0xc zephyr/arch/arch/arm/core/aarch32/mpu/libarch__arm__core__aarch32__mpu.a(arm_core_mpu.c.obj)
 .rodata.str1.4
                0x0000000008005f1c        0xf zephyr/soc/arm/common/cortex_m/libsoc__arm__common__cortex_m.a(arm_mpu_regions.c.obj)
 *fill*         0x0000000008005f2b        0x1 
 .rodata.mpu_config
                0x0000000008005f2c        0x8 zephyr/soc/arm/common/cortex_m/libsoc__arm__common__cortex_m.a(arm_mpu_regions.c.obj)
                0x0000000008005f2c                mpu_config
 .rodata.mpu_regions
                0x0000000008005f34       0x18 zephyr/soc/arm/common/cortex_m/libsoc__arm__common__cortex_m.a(arm_mpu_regions.c.obj)
 .rodata.str1.4
                0x0000000008005f4c       0x1e zephyr/drivers/interrupt_controller/libdrivers__interrupt_controller.a(intc_exti_stm32.c.obj)
 *fill*         0x0000000008005f6a        0x2 
 .rodata.exti_irq_table
                0x0000000008005f6c       0x10 zephyr/drivers/interrupt_controller/libdrivers__interrupt_controller.a(intc_exti_stm32.c.obj)
                0x0000000008005f6c                exti_irq_table
 .rodata.str1.4
                0x0000000008005f7c        0xd zephyr/drivers/clock_control/libdrivers__clock_control.a(clock_stm32_ll_common.c.obj)
 *fill*         0x0000000008005f89        0x3 
 .rodata.str1.4
                0x0000000008005f8c        0x6 zephyr/drivers/dma/libdrivers__dma.a(dma_stm32.c.obj)
 *fill*         0x0000000008005f92        0x2 
 .rodata.CHANNEL_OFFSET_TAB
                0x0000000008005f94        0x7 zephyr/drivers/dma/libdrivers__dma.a(dma_stm32.c.obj)
 *fill*         0x0000000008005f9b        0x1 
 .rodata.dma_funcs
                0x0000000008005f9c       0x18 zephyr/drivers/dma/libdrivers__dma.a(dma_stm32.c.obj)
 .rodata.dma_stm32_config_0
                0x0000000008005fb4       0x1c zephyr/drivers/dma/libdrivers__dma.a(dma_stm32.c.obj)
                0x0000000008005fb4                dma_stm32_config_0
 .rodata.table_m_size
                0x0000000008005fd0        0xc zephyr/drivers/dma/libdrivers__dma.a(dma_stm32.c.obj)
 .rodata.table_p_size
                0x0000000008005fdc        0xc zephyr/drivers/dma/libdrivers__dma.a(dma_stm32.c.obj)
 .rodata.CHANNEL_OFFSET_TAB
                0x0000000008005fe8        0x7 zephyr/drivers/dma/libdrivers__dma.a(dma_stm32_v2.c.obj)
 *fill*         0x0000000008005fef        0x1 
 .rodata.func.3
                0x0000000008005ff0       0x1c zephyr/drivers/dma/libdrivers__dma.a(dma_stm32_v2.c.obj)
 .rodata.func.4
                0x000000000800600c       0x1c zephyr/drivers/dma/libdrivers__dma.a(dma_stm32_v2.c.obj)
 .rodata.func.5
                0x0000000008006028       0x1c zephyr/drivers/dma/libdrivers__dma.a(dma_stm32_v2.c.obj)
 .rodata.func.6
                0x0000000008006044       0x1c zephyr/drivers/dma/libdrivers__dma.a(dma_stm32_v2.c.obj)
 .rodata.func.7
                0x0000000008006060       0x1c zephyr/drivers/dma/libdrivers__dma.a(dma_stm32_v2.c.obj)
 .rodata.stream_nr.8
                0x000000000800607c       0x1c zephyr/drivers/dma/libdrivers__dma.a(dma_stm32_v2.c.obj)
 .rodata.str1.4
                0x0000000008006098       0x2e zephyr/drivers/gpio/libdrivers__gpio.a(gpio_stm32.c.obj)
 *fill*         0x00000000080060c6        0x2 
 .rodata.gpio_stm32_cfg_a
                0x00000000080060c8       0x14 zephyr/drivers/gpio/libdrivers__gpio.a(gpio_stm32.c.obj)
 .rodata.gpio_stm32_cfg_b
                0x00000000080060dc       0x14 zephyr/drivers/gpio/libdrivers__gpio.a(gpio_stm32.c.obj)
 .rodata.gpio_stm32_cfg_c
                0x00000000080060f0       0x14 zephyr/drivers/gpio/libdrivers__gpio.a(gpio_stm32.c.obj)
 .rodata.gpio_stm32_cfg_d
                0x0000000008006104       0x14 zephyr/drivers/gpio/libdrivers__gpio.a(gpio_stm32.c.obj)
 .rodata.gpio_stm32_cfg_e
                0x0000000008006118       0x14 zephyr/drivers/gpio/libdrivers__gpio.a(gpio_stm32.c.obj)
 .rodata.gpio_stm32_cfg_h
                0x000000000800612c       0x14 zephyr/drivers/gpio/libdrivers__gpio.a(gpio_stm32.c.obj)
 .rodata.gpio_stm32_driver
                0x0000000008006140       0x24 zephyr/drivers/gpio/libdrivers__gpio.a(gpio_stm32.c.obj)
 .rodata.str1.4
                0x0000000008006164        0xb zephyr/drivers/flash/libdrivers__flash.a(flash_stm32.c.obj)
 *fill*         0x000000000800616f        0x1 
 .rodata.flash_stm32_api
                0x0000000008006170       0x18 zephyr/drivers/flash/libdrivers__flash.a(flash_stm32.c.obj)
 .rodata.flash_stm32_parameters
                0x0000000008006188        0x8 zephyr/drivers/flash/libdrivers__flash.a(flash_stm32.c.obj)
 .rodata.str1.4
                0x0000000008006190        0x7 zephyr/drivers/serial/libdrivers__serial.a(uart_stm32.c.obj)
                                          0xf (size before relaxing)
 *fill*         0x0000000008006197        0x1 
 .rodata.uart_pins_0
                0x0000000008006198       0x10 zephyr/drivers/serial/libdrivers__serial.a(uart_stm32.c.obj)
 .rodata.uart_pins_1
                0x00000000080061a8       0x10 zephyr/drivers/serial/libdrivers__serial.a(uart_stm32.c.obj)
 .rodata.uart_stm32_cfg_0
                0x00000000080061b8       0x24 zephyr/drivers/serial/libdrivers__serial.a(uart_stm32.c.obj)
 .rodata.uart_stm32_cfg_1
                0x00000000080061dc       0x24 zephyr/drivers/serial/libdrivers__serial.a(uart_stm32.c.obj)
 .rodata.uart_stm32_driver_api
                0x0000000008006200       0x2c zephyr/drivers/serial/libdrivers__serial.a(uart_stm32.c.obj)
 .rodata.str1.4
                0x000000000800622c        0xa zephyr/drivers/timer/libdrivers__timer.a(sys_clock_init.c.obj)
 *fill*         0x0000000008006236        0x2 
 .rodata.AHBPrescTable
                0x0000000008006238       0x10 modules/stm32/stm32cube/lib..__modules__hal__stm32__stm32cube.a(system_stm32l1xx.c.obj)
                0x0000000008006238                AHBPrescTable
 .rodata.PLLMulTable
                0x0000000008006248        0x9 modules/stm32/stm32cube/lib..__modules__hal__stm32__stm32cube.a(system_stm32l1xx.c.obj)
                0x0000000008006248                PLLMulTable
 *fill*         0x0000000008006251        0x3 
 .rodata.CHANNEL_OFFSET_TAB
                0x0000000008006254        0x7 modules/stm32/stm32cube/lib..__modules__hal__stm32__stm32cube.a(stm32l1xx_ll_dma.c.obj)
 *fill*         0x000000000800625b        0x1 
 .rodata.levels.0
                0x000000000800625c       0x14 zephyr/kernel/libkernel.a(device.c.obj)
 .rodata._k_neg_eagain
                0x0000000008006270        0x4 zephyr/kernel/libkernel.a(errno.c.obj)
                0x0000000008006270                _k_neg_eagain
 .rodata.prepare_multithreading.str1.4
                0x0000000008006274        0x5 zephyr/kernel/libkernel.a(init.c.obj)
 *fill*         0x0000000008006279        0x3 
 .rodata.boot_banner.str1.4
                0x000000000800627c       0x37 zephyr/kernel/libkernel.a(banner.c.obj)
                                         0x3b (size before relaxing)
 *fill*         0x00000000080062b3        0x1 
 .rodata.k_sys_work_q_init.str1.4
                0x00000000080062b4        0x9 zephyr/kernel/libkernel.a(system_work_q.c.obj)
 *(SORT_BY_ALIGNMENT(.gnu.linkonce.r.*))
                0x00000000080062c0                . = ALIGN (0x4)
 *fill*         0x00000000080062bd        0x3 

.gcc_except_table
 *(SORT_BY_ALIGNMENT(.gcc_except_table) SORT_BY_ALIGNMENT(.gcc_except_table.*))
                0x00000000080062c0                __rodata_region_end = .
                0x00000000080062c0                . = ALIGN (_region_min_align)
                0x0000000008008000                . = ALIGN ((0x1 << ((__rodata_region_end - __rom_region_start) <= 0x4)?0x2:((__rodata_region_end - __rom_region_start) <= 0x8)?0x3:((__rodata_region_end - __rom_region_start) <= 0x10)?0x4:((__rodata_region_end - __rom_region_start) <= 0x20)?0x5:((__rodata_region_end - __rom_region_start) <= 0x40)?0x6:((__rodata_region_end - __rom_region_start) <= 0x80)?0x7:((__rodata_region_end - __rom_region_start) <= 0x100)?0x8:((__rodata_region_end - __rom_region_start) <= 0x200)?0x9:((__rodata_region_end - __rom_region_start) <= 0x400)?0xa:((__rodata_region_end - __rom_region_start) <= 0x800)?0xb:((__rodata_region_end - __rom_region_start) <= 0x1000)?0xc:((__rodata_region_end - __rom_region_start) <= 0x2000)?0xd:((__rodata_region_end - __rom_region_start) <= 0x4000)?0xe:((__rodata_region_end - __rom_region_start) <= 0x8000)?0xf:((__rodata_region_end - __rom_region_start) <= 0x10000)?0x10:((__rodata_region_end - __rom_region_start) <= 0x20000)?0x11:((__rodata_region_end - __rom_region_start) <= 0x40000)?0x12:((__rodata_region_end - __rom_region_start) <= 0x80000)?0x13:((__rodata_region_end - __rom_region_start) <= 0x100000)?0x14:((__rodata_region_end - __rom_region_start) <= 0x200000)?0x15:((__rodata_region_end - __rom_region_start) <= 0x400000)?0x16:((__rodata_region_end - __rom_region_start) <= 0x800000)?0x17:((__rodata_region_end - __rom_region_start) <= 0x1000000)?0x18:((__rodata_region_end - __rom_region_start) <= 0x2000000)?0x19:((__rodata_region_end - __rom_region_start) <= 0x4000000)?0x1a:((__rodata_region_end - __rom_region_start) <= 0x8000000)?0x1b:((__rodata_region_end - __rom_region_start) <= 0x10000000)?0x1c:((__rodata_region_end - __rom_region_start) <= 0x20000000)?0x1d:((__rodata_region_end - __rom_region_start) <= 0x40000000)?0x1e:((__rodata_region_end - __rom_region_start) <= 0x80000000)?0x1f:0x20))
                0x0000000008008000                __rom_region_end = .
                0x0000000020000000                . = 0x20000000
                0x0000000020000000                . = ALIGN (_region_min_align)
                0x0000000020000000                _image_ram_start = .

.ramfunc        0x0000000020000000        0x0 load address 0x00000000080062c0
                0x0000000020000000                . = ALIGN (_region_min_align)
                0x0000000020000000                . = ALIGN ((0x1 << (__ramfunc_size <= 0x4)?0x2:(__ramfunc_size <= 0x8)?0x3:(__ramfunc_size <= 0x10)?0x4:(__ramfunc_size <= 0x20)?0x5:(__ramfunc_size <= 0x40)?0x6:(__ramfunc_size <= 0x80)?0x7:(__ramfunc_size <= 0x100)?0x8:(__ramfunc_size <= 0x200)?0x9:(__ramfunc_size <= 0x400)?0xa:(__ramfunc_size <= 0x800)?0xb:(__ramfunc_size <= 0x1000)?0xc:(__ramfunc_size <= 0x2000)?0xd:(__ramfunc_size <= 0x4000)?0xe:(__ramfunc_size <= 0x8000)?0xf:(__ramfunc_size <= 0x10000)?0x10:(__ramfunc_size <= 0x20000)?0x11:(__ramfunc_size <= 0x40000)?0x12:(__ramfunc_size <= 0x80000)?0x13:(__ramfunc_size <= 0x100000)?0x14:(__ramfunc_size <= 0x200000)?0x15:(__ramfunc_size <= 0x400000)?0x16:(__ramfunc_size <= 0x800000)?0x17:(__ramfunc_size <= 0x1000000)?0x18:(__ramfunc_size <= 0x2000000)?0x19:(__ramfunc_size <= 0x4000000)?0x1a:(__ramfunc_size <= 0x8000000)?0x1b:(__ramfunc_size <= 0x10000000)?0x1c:(__ramfunc_size <= 0x20000000)?0x1d:(__ramfunc_size <= 0x40000000)?0x1e:(__ramfunc_size <= 0x80000000)?0x1f:0x20))
                0x0000000020000000                __ramfunc_start = .
 *(SORT_BY_ALIGNMENT(.ramfunc))
 *(SORT_BY_ALIGNMENT(.ramfunc.*))
                0x0000000020000000                . = ALIGN (_region_min_align)
                0x0000000020000000                . = ALIGN ((0x1 << (__ramfunc_size <= 0x4)?0x2:(__ramfunc_size <= 0x8)?0x3:(__ramfunc_size <= 0x10)?0x4:(__ramfunc_size <= 0x20)?0x5:(__ramfunc_size <= 0x40)?0x6:(__ramfunc_size <= 0x80)?0x7:(__ramfunc_size <= 0x100)?0x8:(__ramfunc_size <= 0x200)?0x9:(__ramfunc_size <= 0x400)?0xa:(__ramfunc_size <= 0x800)?0xb:(__ramfunc_size <= 0x1000)?0xc:(__ramfunc_size <= 0x2000)?0xd:(__ramfunc_size <= 0x4000)?0xe:(__ramfunc_size <= 0x8000)?0xf:(__ramfunc_size <= 0x10000)?0x10:(__ramfunc_size <= 0x20000)?0x11:(__ramfunc_size <= 0x40000)?0x12:(__ramfunc_size <= 0x80000)?0x13:(__ramfunc_size <= 0x100000)?0x14:(__ramfunc_size <= 0x200000)?0x15:(__ramfunc_size <= 0x400000)?0x16:(__ramfunc_size <= 0x800000)?0x17:(__ramfunc_size <= 0x1000000)?0x18:(__ramfunc_size <= 0x2000000)?0x19:(__ramfunc_size <= 0x4000000)?0x1a:(__ramfunc_size <= 0x8000000)?0x1b:(__ramfunc_size <= 0x10000000)?0x1c:(__ramfunc_size <= 0x20000000)?0x1d:(__ramfunc_size <= 0x40000000)?0x1e:(__ramfunc_size <= 0x80000000)?0x1f:0x20))
                0x0000000020000000                __ramfunc_end = .
                0x0000000000000000                __ramfunc_size = (__ramfunc_end - __ramfunc_start)
                0x00000000080062c0                __ramfunc_load_start = LOADADDR (.ramfunc)

datas           0x0000000020000000      0x2e4 load address 0x00000000080062c0
                0x0000000020000000                __data_region_start = .
                0x0000000020000000                __data_start = .
 *(SORT_BY_ALIGNMENT(.data))
 *(SORT_BY_ALIGNMENT(.data.*))
 .data.uart_stm32_data_0
                0x0000000020000000      0x150 zephyr/drivers/serial/libdrivers__serial.a(uart_stm32.c.obj)
 .data.uart_stm32_data_1
                0x0000000020000150      0x150 zephyr/drivers/serial/libdrivers__serial.a(uart_stm32.c.obj)
 .data._char_out
                0x00000000200002a0        0x4 zephyr/libzephyr.a(printk.c.obj)
                0x00000000200002a0                _char_out
 .data._stdout_hook
                0x00000000200002a4        0x4 zephyr/lib/libc/minimal/liblib__libc__minimal.a(stdout_console.c.obj)
 .data.stm32_clock_control_api
                0x00000000200002a8       0x14 zephyr/drivers/clock_control/libdrivers__clock_control.a(clock_stm32_ll_common.c.obj)
 .data.flash_data
                0x00000000200002bc       0x1c zephyr/drivers/flash/libdrivers__flash.a(flash_stm32.c.obj)
 .data.SystemCoreClock
                0x00000000200002d8        0x4 modules/stm32/stm32cube/lib..__modules__hal__stm32__stm32cube.a(system_stm32l1xx.c.obj)
                0x00000000200002d8                SystemCoreClock
 .data.timeout_list
                0x00000000200002dc        0x8 zephyr/kernel/libkernel.a(timeout.c.obj)
 *(SORT_BY_ALIGNMENT(.kernel.*))
                0x00000000200002e4                __data_end = .
                0x00000000000002e4                __data_size = (__data_end - __data_start)
                0x00000000080062c0                __data_load_start = LOADADDR (datas)
                0x00000000080062c0                __data_region_load_start = LOADADDR (datas)

device_states   0x00000000200002e4       0x34 load address 0x00000000080065a4
                0x00000000200002e4                __device_states_start = .
 *(SORT_BY_ALIGNMENT(.z_devstate))
 .z_devstate    0x00000000200002e4        0x4 zephyr/drivers/interrupt_controller/libdrivers__interrupt_controller.a(intc_exti_stm32.c.obj)
 .z_devstate    0x00000000200002e8        0x4 zephyr/drivers/clock_control/libdrivers__clock_control.a(clock_stm32_ll_common.c.obj)
 .z_devstate    0x00000000200002ec        0x4 zephyr/drivers/dma/libdrivers__dma.a(dma_stm32.c.obj)
 .z_devstate    0x00000000200002f0       0x18 zephyr/drivers/gpio/libdrivers__gpio.a(gpio_stm32.c.obj)
 .z_devstate    0x0000000020000308        0x4 zephyr/drivers/flash/libdrivers__flash.a(flash_stm32.c.obj)
 .z_devstate    0x000000002000030c        0x8 zephyr/drivers/serial/libdrivers__serial.a(uart_stm32.c.obj)
 .z_devstate    0x0000000020000314        0x4 zephyr/drivers/timer/libdrivers__timer.a(sys_clock_init.c.obj)
 *(SORT_BY_ALIGNMENT(.z_devstate.*))
                0x0000000020000318                __device_states_end = .

initshell       0x0000000020000318        0x0 load address 0x00000000080065d8
                0x0000000020000318                __shell_module_start = .
 *(SORT_BY_ALIGNMENT(.shell_module_*))
                0x0000000020000318                __shell_module_end = .
                0x0000000020000318                __shell_cmd_start = .
 *(SORT_BY_ALIGNMENT(.shell_cmd_*))
                0x0000000020000318                __shell_cmd_end = .

log_dynamic_sections
                0x0000000020000318        0x0 load address 0x00000000080065d8
                0x0000000020000318                __log_dynamic_start = .
 *(SORT_BY_NAME(SORT_BY_ALIGNMENT(.log_dynamic_*)))
                0x0000000020000318                __log_dynamic_end = .

_static_thread_data_area
                0x0000000020000318        0x0 load address 0x00000000080065d8
                0x0000000020000318                __static_thread_data_list_start = .
 *(SORT_BY_NAME(SORT_BY_ALIGNMENT(.__static_thread_data.static.*)))
                0x0000000020000318                __static_thread_data_list_end = .

k_timer_area    0x0000000020000318        0x0 load address 0x00000000080065d8
                0x0000000020000318                _k_timer_list_start = .
 *(SORT_BY_NAME(SORT_BY_ALIGNMENT(._k_timer.static.*)))
                0x0000000020000318                _k_timer_list_end = .

k_mem_slab_area
                0x0000000020000318        0x0 load address 0x00000000080065d8
                0x0000000020000318                _k_mem_slab_list_start = .
 *(SORT_BY_NAME(SORT_BY_ALIGNMENT(._k_mem_slab.static.*)))
                0x0000000020000318                _k_mem_slab_list_end = .

k_mem_pool_area
                0x0000000020000318        0x0 load address 0x00000000080065d8
                0x0000000020000318                _k_mem_pool_list_start = .
 *(SORT_BY_NAME(SORT_BY_ALIGNMENT(._k_mem_pool.static.*)))
                0x0000000020000318                _k_mem_pool_list_end = .

k_heap_area     0x0000000020000318        0x0 load address 0x00000000080065d8
                0x0000000020000318                _k_heap_list_start = .
 *(SORT_BY_NAME(SORT_BY_ALIGNMENT(._k_heap.static.*)))
                0x0000000020000318                _k_heap_list_end = .

k_mutex_area    0x0000000020000318        0x0 load address 0x00000000080065d8
                0x0000000020000318                _k_mutex_list_start = .
 *(SORT_BY_NAME(SORT_BY_ALIGNMENT(._k_mutex.static.*)))
                0x0000000020000318                _k_mutex_list_end = .

k_stack_area    0x0000000020000318        0x0 load address 0x00000000080065d8
                0x0000000020000318                _k_stack_list_start = .
 *(SORT_BY_NAME(SORT_BY_ALIGNMENT(._k_stack.static.*)))
                0x0000000020000318                _k_stack_list_end = .

k_msgq_area     0x0000000020000318        0x0 load address 0x00000000080065d8
                0x0000000020000318                _k_msgq_list_start = .
 *(SORT_BY_NAME(SORT_BY_ALIGNMENT(._k_msgq.static.*)))
                0x0000000020000318                _k_msgq_list_end = .

k_mbox_area     0x0000000020000318        0x0 load address 0x00000000080065d8
                0x0000000020000318                _k_mbox_list_start = .
 *(SORT_BY_NAME(SORT_BY_ALIGNMENT(._k_mbox.static.*)))
                0x0000000020000318                _k_mbox_list_end = .

k_pipe_area     0x0000000020000318        0x0 load address 0x00000000080065d8
                0x0000000020000318                _k_pipe_list_start = .
 *(SORT_BY_NAME(SORT_BY_ALIGNMENT(._k_pipe.static.*)))
                0x0000000020000318                _k_pipe_list_end = .

k_sem_area      0x0000000020000318        0x0 load address 0x00000000080065d8
                0x0000000020000318                _k_sem_list_start = .
 *(SORT_BY_NAME(SORT_BY_ALIGNMENT(._k_sem.static.*)))
                0x0000000020000318                _k_sem_list_end = .

k_queue_area    0x0000000020000318        0x0 load address 0x00000000080065d8
                0x0000000020000318                _k_queue_list_start = .
 *(SORT_BY_NAME(SORT_BY_ALIGNMENT(._k_queue.static.*)))
                0x0000000020000318                _k_queue_list_end = .

k_condvar_area  0x0000000020000318        0x0 load address 0x00000000080065d8
                0x0000000020000318                _k_condvar_list_start = .
 *(SORT_BY_NAME(SORT_BY_ALIGNMENT(._k_condvar.static.*)))
                0x0000000020000318                _k_condvar_list_end = .

_net_buf_pool_area
                0x0000000020000318        0x0 load address 0x00000000080065d8
                0x0000000020000318                _net_buf_pool_list = .
 *(SORT_BY_NAME(SORT_BY_ALIGNMENT(._net_buf_pool.static.*)))

.gcc_except_table
 *(SORT_BY_ALIGNMENT(.gcc_except_table) SORT_BY_ALIGNMENT(.gcc_except_table.*))
                0x0000000020000318                __data_region_end = .

bss             0x0000000020000318      0x866
                0x0000000020000318                . = ALIGN (0x4)
                0x0000000020000318                __bss_start = .
                0x0000000020000318                __kernel_ram_start = .
 *(SORT_BY_ALIGNMENT(.bss))
 *(SORT_BY_ALIGNMENT(.bss.*))
 .bss.z_idle_threads
                0x0000000020000318       0x80 zephyr/kernel/libkernel.a(init.c.obj)
                0x0000000020000318                z_idle_threads
 .bss.z_main_thread
                0x0000000020000398       0x80 zephyr/kernel/libkernel.a(init.c.obj)
                0x0000000020000398                z_main_thread
 .bss.curr_tick
                0x0000000020000418        0x8 zephyr/kernel/libkernel.a(timeout.c.obj)
 .bss.k_sys_work_q
                0x0000000020000420       0xa0 zephyr/kernel/libkernel.a(system_work_q.c.obj)